Component: ARM Compiler 5.05 update 1 (build 106) Tool: armlink [4d0efa]

==============================================================================

Section Cross References

    main.o(i.advertising_init) refers to memseta.o(.text) for __aeabi_memclr4
    main.o(i.advertising_init) refers to ble_advertising.o(i.ble_advertising_init) for ble_advertising_init
    main.o(i.advertising_init) refers to app_error.o(i.app_error_handler) for app_error_handler
    main.o(i.advertising_init) refers to main.o(.data) for m_adv_uuids
    main.o(i.advertising_init) refers to main.o(i.on_adv_evt) for on_adv_evt
    main.o(i.application_timers_start) refers to app_timer.o(i.app_timer_start) for app_timer_start
    main.o(i.application_timers_start) refers to app_error.o(i.app_error_handler) for app_error_handler
    main.o(i.application_timers_start) refers to main.o(.constdata) for m_blinky_timer_id
    main.o(i.assert_nrf_callback) refers to app_error.o(i.app_error_handler) for app_error_handler
    main.o(i.ble_evt_dispatch) refers to device_manager_peripheral.o(i.dm_ble_evt_handler) for dm_ble_evt_handler
    main.o(i.ble_evt_dispatch) refers to ble_conn_params.o(i.ble_conn_params_on_ble_evt) for ble_conn_params_on_ble_evt
    main.o(i.ble_evt_dispatch) refers to ble_hrs.o(i.ble_hrs_on_ble_evt) for ble_hrs_on_ble_evt
    main.o(i.ble_evt_dispatch) refers to ble_bas.o(i.ble_bas_on_ble_evt) for ble_bas_on_ble_evt
    main.o(i.ble_evt_dispatch) refers to main.o(i.on_ble_evt) for on_ble_evt
    main.o(i.ble_evt_dispatch) refers to ble_advertising.o(i.ble_advertising_on_ble_evt) for ble_advertising_on_ble_evt
    main.o(i.ble_evt_dispatch) refers to ble_nus.o(i.ble_nus_on_ble_evt) for ble_nus_on_ble_evt
    main.o(i.ble_evt_dispatch) refers to ble_step.o(i.ble_step_on_ble_evt) for ble_step_on_ble_evt
    main.o(i.ble_evt_dispatch) refers to main.o(.bss) for m_hrs
    main.o(i.ble_stack_init) refers to softdevice_handler.o(i.softdevice_handler_init) for softdevice_handler_init
    main.o(i.ble_stack_init) refers to app_error.o(i.app_error_handler) for app_error_handler
    main.o(i.ble_stack_init) refers to softdevice_handler.o(i.softdevice_ble_evt_handler_set) for softdevice_ble_evt_handler_set
    main.o(i.ble_stack_init) refers to softdevice_handler.o(i.softdevice_sys_evt_handler_set) for softdevice_sys_evt_handler_set
    main.o(i.ble_stack_init) refers to main.o(.bss) for BLE_EVT_BUFFER
    main.o(i.ble_stack_init) refers to main.o(i.ble_evt_dispatch) for ble_evt_dispatch
    main.o(i.ble_stack_init) refers to main.o(i.sys_evt_dispatch) for sys_evt_dispatch
    main.o(i.blinky_timeout_handler) refers to main.o(.data) for flag
    main.o(i.bsp_event_handler) refers to main.o(i.sleep_mode_enter) for sleep_mode_enter
    main.o(i.bsp_event_handler) refers to app_error.o(i.app_error_handler) for app_error_handler
    main.o(i.bsp_event_handler) refers to ble_advertising.o(i.ble_advertising_restart_without_whitelist) for ble_advertising_restart_without_whitelist
    main.o(i.bsp_event_handler) refers to main.o(.data) for m_conn_handle
    main.o(i.buttons_leds_init) refers to bsp.o(i.bsp_init) for bsp_init
    main.o(i.buttons_leds_init) refers to app_error.o(i.app_error_handler) for app_error_handler
    main.o(i.buttons_leds_init) refers to bsp_btn_ble.o(i.bsp_btn_ble_init) for bsp_btn_ble_init
    main.o(i.buttons_leds_init) refers to main.o(i.bsp_event_handler) for bsp_event_handler
    main.o(i.conn_params_error_handler) refers to app_error.o(i.app_error_handler) for app_error_handler
    main.o(i.conn_params_init) refers to memseta.o(.text) for __aeabi_memclr4
    main.o(i.conn_params_init) refers to ble_conn_params.o(i.ble_conn_params_init) for ble_conn_params_init
    main.o(i.conn_params_init) refers to app_error.o(i.app_error_handler) for app_error_handler
    main.o(i.conn_params_init) refers to main.o(.bss) for m_hrs
    main.o(i.conn_params_init) refers to main.o(i.on_conn_params_evt) for on_conn_params_evt
    main.o(i.conn_params_init) refers to main.o(i.conn_params_error_handler) for conn_params_error_handler
    main.o(i.device_manager_evt_handler) refers to app_error.o(i.app_error_handler) for app_error_handler
    main.o(i.device_manager_init) refers to pstorage.o(i.pstorage_init) for pstorage_init
    main.o(i.device_manager_init) refers to app_error.o(i.app_error_handler) for app_error_handler
    main.o(i.device_manager_init) refers to device_manager_peripheral.o(i.dm_init) for dm_init
    main.o(i.device_manager_init) refers to memseta.o(.text) for __aeabi_memclr
    main.o(i.device_manager_init) refers to device_manager_peripheral.o(i.dm_register) for dm_register
    main.o(i.device_manager_init) refers to main.o(i.device_manager_evt_handler) for device_manager_evt_handler
    main.o(i.device_manager_init) refers to main.o(.data) for m_app_handle
    main.o(i.gap_params_init) refers to app_error.o(i.app_error_handler) for app_error_handler
[...]
    on_adv_evt                               0x0001d257   Thumb Code    58  main.o(i.on_adv_evt)
    i.on_ble_evt                             0x0001d290   Section        0  main.o(i.on_ble_evt)
    on_ble_evt                               0x0001d291   Thumb Code    72  main.o(i.on_ble_evt)
    i.on_conn_params_evt                     0x0001d2dc   Section        0  main.o(i.on_conn_params_evt)
    on_conn_params_evt                       0x0001d2dd   Thumb Code    46  main.o(i.on_conn_params_evt)
    i.on_conn_params_update                  0x0001d310   Section        0  ble_conn_params.o(i.on_conn_params_update)
    on_conn_params_update                    0x0001d311   Thumb Code    20  ble_conn_params.o(i.on_conn_params_update)
    i.on_connect                             0x0001d328   Section        0  ble_conn_params.o(i.on_connect)
    on_connect                               0x0001d329   Thumb Code    42  ble_conn_params.o(i.on_connect)
    i.on_connect                             0x0001d364   Section        0  ble_bas.o(i.on_connect)
    on_connect                               0x0001d365   Thumb Code     6  ble_bas.o(i.on_connect)
    i.on_connect                             0x0001d36a   Section        0  ble_hrs.o(i.on_connect)
    on_connect                               0x0001d36b   Thumb Code     6  ble_hrs.o(i.on_connect)
    i.on_connect                             0x0001d370   Section        0  ble_nus.o(i.on_connect)
    on_connect                               0x0001d371   Thumb Code     6  ble_nus.o(i.on_connect)
    i.on_connect                             0x0001d376   Section        0  ble_step.o(i.on_connect)
    on_connect                               0x0001d377   Thumb Code     6  ble_step.o(i.on_connect)
    i.on_disconnect                          0x0001d37c   Section        0  ble_conn_params.o(i.on_disconnect)
    on_disconnect                            0x0001d37d   Thumb Code    50  ble_conn_params.o(i.on_disconnect)
    i.on_disconnect                          0x0001d3c0   Section        0  ble_bas.o(i.on_disconnect)
    on_disconnect                            0x0001d3c1   Thumb Code     8  ble_bas.o(i.on_disconnect)
    i.on_disconnect                          0x0001d3c8   Section        0  ble_hrs.o(i.on_disconnect)
    on_disconnect                            0x0001d3c9   Thumb Code     8  ble_hrs.o(i.on_disconnect)
    i.on_disconnect                          0x0001d3d0   Section        0  ble_nus.o(i.on_disconnect)
    on_disconnect                            0x0001d3d1   Thumb Code     8  ble_nus.o(i.on_disconnect)
    i.on_disconnect                          0x0001d3d8   Section        0  ble_step.o(i.on_disconnect)
    on_disconnect                            0x0001d3d9   Thumb Code     8  ble_step.o(i.on_disconnect)
    i.on_hrm_cccd_write                      0x0001d3e0   Section        0  ble_hrs.o(i.on_hrm_cccd_write)
    on_hrm_cccd_write                        0x0001d3e1   Thumb Code    62  ble_hrs.o(i.on_hrm_cccd_write)
    i.on_write                               0x0001d420   Section        0  ble_conn_params.o(i.on_write)
    on_write                                 0x0001d421   Thumb Code    84  ble_conn_params.o(i.on_write)
    i.on_write                               0x0001d47c   Section        0  ble_bas.o(i.on_write)
    on_write                                 0x0001d47d   Thumb Code    80  ble_bas.o(i.on_write)
    i.on_write                               0x0001d4cc   Section        0  ble_hrs.o(i.on_write)
    on_write                                 0x0001d4cd   Thumb Code    26  ble_hrs.o(i.on_write)
    i.on_write                               0x0001d4e6   Section        0  ble_nus.o(i.on_write)
    on_write                                 0x0001d4e7   Thumb Code    84  ble_nus.o(i.on_write)
    i.on_write                               0x0001d53c   Section        0  ble_step.o(i.on_write)
    on_write                                 0x0001d53d   Thumb Code    90  ble_step.o(i.on_write)
    i.peer_address_exists                    0x0001d5ac   Section        0  ble_advertising.o(i.peer_address_exists)
    peer_address_exists                      0x0001d5ad   Thumb Code    26  ble_advertising.o(i.peer_address_exists)
    i.peer_instance_init                     0x0001d5c8   Section        0  device_manager_peripheral.o(i.peer_instance_init)
    peer_instance_init                       0x0001d5c9   Thumb Code    84  device_manager_peripheral.o(i.peer_instance_init)
    i.pin_in_use_by_gpiote                   0x0001d624   Section        0  nrf_drv_gpiote.o(i.pin_in_use_by_gpiote)
    pin_in_use_by_gpiote                     0x0001d625   Thumb Code    22  nrf_drv_gpiote.o(i.pin_in_use_by_gpiote)
    i.pin_in_use_by_port                     0x0001d640   Section        0  nrf_drv_gpiote.o(i.pin_in_use_by_port)
    pin_in_use_by_port                       0x0001d641   Thumb Code    18  nrf_drv_gpiote.o(i.pin_in_use_by_port)
    i.pin_in_use_by_te                       0x0001d658   Section        0  nrf_drv_gpiote.o(i.pin_in_use_by_te)
    pin_in_use_by_te                         0x0001d659   Thumb Code    26  nrf_drv_gpiote.o(i.pin_in_use_by_te)
    i.pin_in_use_clear                       0x0001d678   Section        0  nrf_drv_gpiote.o(i.pin_in_use_clear)
    pin_in_use_clear                         0x0001d679   Thumb Code    10  nrf_drv_gpiote.o(i.pin_in_use_clear)
    i.power_manage                           0x0001d688   Section        0  main.o(i.power_manage)
    power_manage                             0x0001d689   Thumb Code    32  main.o(i.power_manage)
    i.pstorage_access_status_get             0x0001d6a8   Section        0  pstorage.o(i.pstorage_access_status_get)
    i.pstorage_block_identifier_get          0x0001d6d8   Section        0  pstorage.o(i.pstorage_block_identifier_get)
    i.pstorage_clear                         0x0001d77c   Section        0  pstorage.o(i.pstorage_clear)
    i.pstorage_flash_page_end                0x0001d894   Section        0  pstorage.o(i.pstorage_flash_page_end)
    pstorage_flash_page_end                  0x0001d895   Thumb Code    36  pstorage.o(i.pstorage_flash_page_end)
    i.pstorage_flash_page_size               0x0001d8bc   Section        0  pstorage.o(i.pstorage_flash_page_size)
    pstorage_flash_page_size                 0x0001d8bd   Thumb Code    10  pstorage.o(i.pstorage_flash_page_size)
    i.pstorage_init                          0x0001d8c8   Section        0  pstorage.o(i.pstorage_init)
    i.pstorage_load                          0x0001d950   Section        0  pstorage.o(i.pstorage_load)
    i.pstorage_register                      0x0001da4c   Section        0  pstorage.o(i.pstorage_register)
    i.pstorage_store                         0x0001db6c   Section        0  pstorage.o(i.pstorage_store)
    i.pstorage_sys_event_handler             0x0001dc4c   Section        0  pstorage.o(i.pstorage_sys_event_handler)
    i.pstorage_update                        0x0001dc98   Section        0  pstorage.o(i.pstorage_update)
    i.read_char_add                          0x0001dd78   Section        0  ble_step.o(i.read_char_add)
    read_char_add                            0x0001dd79   Thumb Code   168  ble_step.o(i.read_char_add)
    i.rece_dispatch                          0x0001de20   Section        0  comm.o(i.rece_dispatch)
    i.rtc1_compare0_set                      0x0001de90   Section        0  app_timer.o(i.rtc1_compare0_set)
    rtc1_compare0_set                        0x0001de91   Thumb Code     6  app_timer.o(i.rtc1_compare0_set)
    i.rtc1_counter_get                       0x0001de9c   Section        0  app_timer.o(i.rtc1_counter_get)
    rtc1_counter_get                         0x0001de9d   Thumb Code     6  app_timer.o(i.rtc1_counter_get)
    i.rtc1_init                              0x0001dea8   Section        0  app_timer.o(i.rtc1_init)
    rtc1_init                                0x0001dea9   Thumb Code    18  app_timer.o(i.rtc1_init)
    i.rtc1_start                             0x0001dec0   Section        0  app_timer.o(i.rtc1_start)
    rtc1_start                               0x0001dec1   Thumb Code    48  app_timer.o(i.rtc1_start)
    i.rtc1_stop                              0x0001defc   Section        0  app_timer.o(i.rtc1_stop)
    rtc1_stop                                0x0001defd   Thumb Code    66  app_timer.o(i.rtc1_stop)
    i.rx_char_add                            0x0001df54   Section        0  ble_nus.o(i.rx_char_add)
    rx_char_add                              0x0001df55   Thumb Code   292  ble_nus.o(i.rx_char_add)
    i.sec_mgr_oob_flags_encode               0x0001e078   Section        0  ble_advdata.o(i.sec_mgr_oob_flags_encode)
    sec_mgr_oob_flags_encode                 0x0001e079   Thumb Code    54  ble_advdata.o(i.sec_mgr_oob_flags_encode)
    i.send_data_phone                        0x0001e0b0   Section        0  main.o(i.send_data_phone)
    i.send_shakehand                         0x0001e0e4   Section        0  comm.o(i.send_shakehand)
    i.sensor_timeout_handler                 0x0001e120   Section        0  main.o(i.sensor_timeout_handler)
    sensor_timeout_handler                   0x0001e121   Thumb Code   116  main.o(i.sensor_timeout_handler)
    i.service_data_encode                    0x0001e1bc   Section        0  ble_advdata.o(i.service_data_encode)
    service_data_encode                      0x0001e1bd   Thumb Code   150  ble_advdata.o(i.service_data_encode)
    i.services_init                          0x0001e254   Section        0  main.o(i.services_init)
    services_init                            0x0001e255   Thumb Code   606  main.o(i.services_init)
    i.sleep_mode_enter                       0x0001e4c8   Section        0  main.o(i.sleep_mode_enter)
    sleep_mode_enter                         0x0001e4c9   Thumb Code    94  main.o(i.sleep_mode_enter)
    i.sm_state_change                        0x0001e528   Section        0  pstorage.o(i.sm_state_change)
    sm_state_change                          0x0001e529   Thumb Code    14  pstorage.o(i.sm_state_change)
    i.softdevice_assertion_handler           0x0001e53c   Section        0  softdevice_handler.o(i.softdevice_assertion_handler)
    i.softdevice_ble_evt_handler_set         0x0001e550   Section        0  softdevice_handler.o(i.softdevice_ble_evt_handler_set)
    i.softdevice_handler_init                0x0001e568   Section        0  softdevice_handler.o(i.softdevice_handler_init)
    i.softdevice_sys_evt_handler_set         0x0001e5d0   Section        0  softdevice_handler.o(i.softdevice_sys_evt_handler_set)
    i.srdata_check                           0x0001e5e8   Section        0  ble_advdata.o(i.srdata_check)
    srdata_check                             0x0001e5e9   Thumb Code    16  ble_advdata.o(i.srdata_check)
    i.state_data_erase_entry_run             0x0001e5f8   Section        0  pstorage.o(i.state_data_erase_entry_run)
    state_data_erase_entry_run               0x0001e5f9   Thumb Code    12  pstorage.o(i.state_data_erase_entry_run)
    i.state_data_erase_swap_entry_run        0x0001e608   Section        0  pstorage.o(i.state_data_erase_swap_entry_run)
    state_data_erase_swap_entry_run          0x0001e609   Thumb Code   136  pstorage.o(i.state_data_erase_swap_entry_run)
    i.state_entry_action_run                 0x0001e6a0   Section        0  pstorage.o(i.state_entry_action_run)
    state_entry_action_run                   0x0001e6a1   Thumb Code    54  pstorage.o(i.state_entry_action_run)
    i.state_erase_data_page_entry_run        0x0001e6dc   Section        0  pstorage.o(i.state_erase_data_page_entry_run)
    state_erase_data_page_entry_run          0x0001e6dd   Thumb Code    12  pstorage.o(i.state_erase_data_page_entry_run)
    i.state_idle_entry_run                   0x0001e6ec   Section        0  pstorage.o(i.state_idle_entry_run)
    state_idle_entry_run                     0x0001e6ed   Thumb Code    18  pstorage.o(i.state_idle_entry_run)
    i.state_restore_head_entry_run           0x0001e708   Section        0  pstorage.o(i.state_restore_head_entry_run)
    state_restore_head_entry_run             0x0001e709   Thumb Code    44  pstorage.o(i.state_restore_head_entry_run)
    i.state_restore_tail_entry_run           0x0001e73c   Section        0  pstorage.o(i.state_restore_tail_entry_run)
    state_restore_tail_entry_run             0x0001e73d   Thumb Code    76  pstorage.o(i.state_restore_tail_entry_run)
    i.state_store_entry_run                  0x0001e790   Section        0  pstorage.o(i.state_store_entry_run)
    state_store_entry_run                    0x0001e791   Thumb Code     8  pstorage.o(i.state_store_entry_run)
    i.state_swap_erase_entry_run             0x0001e798   Section        0  pstorage.o(i.state_swap_erase_entry_run)
    state_swap_erase_entry_run               0x0001e799   Thumb Code    38  pstorage.o(i.state_swap_erase_entry_run)
    i.state_write_data_swap_entry_run        0x0001e7c0   Section        0  pstorage.o(i.state_write_data_swap_entry_run)
    state_write_data_swap_entry_run          0x0001e7c1   Thumb Code    46  pstorage.o(i.state_write_data_swap_entry_run)
    i.step_count_char_add                    0x0001e7f4   Section        0  ble_step.o(i.step_count_char_add)
    step_count_char_add                      0x0001e7f5   Thumb Code   448  ble_step.o(i.step_count_char_add)
    i.storage_operation_dummy_handler        0x0001e9bc   Section        0  device_manager_peripheral.o(i.storage_operation_dummy_handler)
    storage_operation_dummy_handler          0x0001e9bd   Thumb Code     8  device_manager_peripheral.o(i.storage_operation_dummy_handler)
    i.store_cmd_flash_write_execute          0x0001e9c4   Section        0  pstorage.o(i.store_cmd_flash_write_execute)
    store_cmd_flash_write_execute            0x0001e9c5   Thumb Code    92  pstorage.o(i.store_cmd_flash_write_execute)
    i.store_operation_execute                0x0001ea28   Section        0  pstorage.o(i.store_operation_execute)
    store_operation_execute                  0x0001ea29   Thumb Code    10  pstorage.o(i.store_operation_execute)
    i.store_sub_state_sm_run                 0x0001ea34   Section        0  pstorage.o(i.store_sub_state_sm_run)
    store_sub_state_sm_run                   0x0001ea35   Thumb Code    62  pstorage.o(i.store_sub_state_sm_run)
    i.swap_erase_state_run                   0x0001ea80   Section        0  pstorage.o(i.swap_erase_state_run)
    swap_erase_state_run                     0x0001ea81   Thumb Code    28  pstorage.o(i.swap_erase_state_run)
    i.swap_sub_sm_exit_action_run            0x0001eaa0   Section        0  pstorage.o(i.swap_sub_sm_exit_action_run)
    swap_sub_sm_exit_action_run              0x0001eaa1   Thumb Code     8  pstorage.o(i.swap_sub_sm_exit_action_run)
    i.swap_sub_state_entry_action_run        0x0001eaa8   Section        0  pstorage.o(i.swap_sub_state_entry_action_run)
    swap_sub_state_entry_action_run          0x0001eaa9   Thumb Code    16  pstorage.o(i.swap_sub_state_entry_action_run)
    i.swap_sub_state_err_busy_process        0x0001eac0   Section        0  pstorage.o(i.swap_sub_state_err_busy_process)
    swap_sub_state_err_busy_process          0x0001eac1   Thumb Code    24  pstorage.o(i.swap_sub_state_err_busy_process)
    i.swap_sub_state_sm_run                  0x0001eae0   Section        0  pstorage.o(i.swap_sub_state_sm_run)
    swap_sub_state_sm_run                    0x0001eae1   Thumb Code    16  pstorage.o(i.swap_sub_state_sm_run)
    i.swap_sub_state_state_change            0x0001eaf8   Section        0  pstorage.o(i.swap_sub_state_state_change)
    swap_sub_state_state_change              0x0001eaf9   Thumb Code    14  pstorage.o(i.swap_sub_state_state_change)
    i.sys_evt_dispatch                       0x0001eb0c   Section        0  main.o(i.sys_evt_dispatch)
    sys_evt_dispatch                         0x0001eb0d   Thumb Code    18  main.o(i.sys_evt_dispatch)
    i.tail_restore_state_run                 0x0001eb20   Section        0  pstorage.o(i.tail_restore_state_run)
    tail_restore_state_run                   0x0001eb21   Thumb Code    26  pstorage.o(i.tail_restore_state_run)
    i.tail_word_size_calculate               0x0001eb40   Section        0  pstorage.o(i.tail_word_size_calculate)
    tail_word_size_calculate                 0x0001eb41   Thumb Code    84  pstorage.o(i.tail_word_size_calculate)
    i.ticks_diff_get                         0x0001eb98   Section        0  app_timer.o(i.ticks_diff_get)
    ticks_diff_get                           0x0001eb99   Thumb Code    10  app_timer.o(i.ticks_diff_get)
    i.timeout_handler_exec                   0x0001eba4   Section        0  app_timer.o(i.timeout_handler_exec)
    timeout_handler_exec                     0x0001eba5   Thumb Code    58  app_timer.o(i.timeout_handler_exec)
    i.timer_list_handler                     0x0001ebe4   Section        0  app_timer.o(i.timer_list_handler)
    timer_list_handler                       0x0001ebe5   Thumb Code    74  app_timer.o(i.timer_list_handler)
    i.timer_list_handler_sched               0x0001ec3c   Section        0  app_timer.o(i.timer_list_handler_sched)
    timer_list_handler_sched                 0x0001ec3d   Thumb Code    10  app_timer.o(i.timer_list_handler_sched)
    i.timer_list_insert                      0x0001ec48   Section        0  app_timer.o(i.timer_list_insert)
    timer_list_insert                        0x0001ec49   Thumb Code   104  app_timer.o(i.timer_list_insert)
    i.timer_list_remove                      0x0001ecb4   Section        0  app_timer.o(i.timer_list_remove)
    timer_list_remove                        0x0001ecb5   Thumb Code    96  app_timer.o(i.timer_list_remove)
    i.timer_start_op_schedule                0x0001ed24   Section        0  app_timer.o(i.timer_start_op_schedule)
    timer_start_op_schedule                  0x0001ed25   Thumb Code    82  app_timer.o(i.timer_start_op_schedule)
    i.timer_stop_op_schedule                 0x0001ed7c   Section        0  app_timer.o(i.timer_stop_op_schedule)
    timer_stop_op_schedule                   0x0001ed7d   Thumb Code    60  app_timer.o(i.timer_stop_op_schedule)
    i.timer_timeouts_check                   0x0001edbc   Section        0  app_timer.o(i.timer_timeouts_check)
    timer_timeouts_check                     0x0001edbd   Thumb Code   128  app_timer.o(i.timer_timeouts_check)
    i.timer_timeouts_check_sched             0x0001ee50   Section        0  app_timer.o(i.timer_timeouts_check_sched)
    timer_timeouts_check_sched               0x0001ee51   Thumb Code    10  app_timer.o(i.timer_timeouts_check_sched)
    i.timers_init                            0x0001ee5c   Section        0  main.o(i.timers_init)
    timers_init                              0x0001ee5d   Thumb Code   114  main.o(i.timers_init)
    i.tk_value_encode                        0x0001eee4   Section        0  ble_advdata.o(i.tk_value_encode)
    tk_value_encode                          0x0001eee5   Thumb Code    70  ble_advdata.o(i.tk_value_encode)
    i.tx_char_add                            0x0001ef2a   Section        0  ble_nus.o(i.tx_char_add)
    tx_char_add                              0x0001ef2b   Thumb Code   222  ble_nus.o(i.tx_char_add)
    i.tx_power_level_encode                  0x0001f008   Section        0  ble_advdata.o(i.tx_power_level_encode)
    tx_power_level_encode                    0x0001f009   Thumb Code    54  ble_advdata.o(i.tx_power_level_encode)
    i.uint16_encode                          0x0001f03e   Section        0  ble_advdata.o(i.uint16_encode)
    uint16_encode                            0x0001f03f   Thumb Code    18  ble_advdata.o(i.uint16_encode)
    i.uint16_encode                          0x0001f050   Section        0  ble_hrs.o(i.uint16_encode)
    uint16_encode                            0x0001f051   Thumb Code    18  ble_hrs.o(i.uint16_encode)
    i.update_operation_execute               0x0001f062   Section        0  pstorage.o(i.update_operation_execute)
    update_operation_execute                 0x0001f063   Thumb Code     8  pstorage.o(i.update_operation_execute)
    i.update_status_bit_reset                0x0001f06c   Section        0  device_manager_peripheral.o(i.update_status_bit_reset)
    update_status_bit_reset                  0x0001f06d   Thumb Code    16  device_manager_peripheral.o(i.update_status_bit_reset)
    i.update_timeout_handler                 0x0001f080   Section        0  ble_conn_params.o(i.update_timeout_handler)
    update_timeout_handler                   0x0001f081   Thumb Code   136  ble_conn_params.o(i.update_timeout_handler)
    i.user_id_get                            0x0001f11c   Section        0  app_timer.o(i.user_id_get)
    user_id_get                              0x0001f11d   Thumb Code    34  app_timer.o(i.user_id_get)
    i.user_op_alloc                          0x0001f13e   Section        0  app_timer.o(i.user_op_alloc)
    user_op_alloc                            0x0001f13f   Thumb Code    46  app_timer.o(i.user_op_alloc)
    i.user_op_enque                          0x0001f16c   Section        0  app_timer.o(i.user_op_enque)
    user_op_enque                            0x0001f16d   Thumb Code     4  app_timer.o(i.user_op_enque)
    i.uuid_list_encode                       0x0001f170   Section        0  ble_advdata.o(i.uuid_list_encode)
    uuid_list_encode                         0x0001f171   Thumb Code    68  ble_advdata.o(i.uuid_list_encode)
    i.uuid_list_sized_encode                 0x0001f1b4   Section        0  ble_advdata.o(i.uuid_list_sized_encode)
    uuid_list_sized_encode                   0x0001f1b5   Thumb Code   216  ble_advdata.o(i.uuid_list_sized_encode)
    i.whitelist_has_entries                  0x0001f28c   Section        0  ble_advertising.o(i.whitelist_has_entries)
    whitelist_has_entries                    0x0001f28d   Thumb Code    22  ble_advertising.o(i.whitelist_has_entries)
    .constdata                               0x0001f2a4   Section       16  main.o(.constdata)
    m_blinky_timer_id                        0x0001f2a4   Data           4  main.o(.constdata)
    m_sensor_timer_id                        0x0001f2a8   Data           4  main.o(.constdata)
    .constdata                               0x0001f2b4   Section       16  bsp.o(.constdata)
    m_button_timer_id                        0x0001f2b4   Data           4  bsp.o(.constdata)
    m_buttons_list                           0x0001f2b8   Data           4  bsp.o(.constdata)
    app_buttons                              0x0001f2bc   Data           8  bsp.o(.constdata)
    .constdata                               0x0001f2c4   Section        4  ble_conn_params.o(.constdata)
    m_conn_params_timer_id                   0x0001f2c4   Data           4  ble_conn_params.o(.constdata)
    .constdata                               0x0001f2c8   Section       52  device_manager_peripheral.o(.constdata)
    .constdata                               0x0001f2fc   Section       16  ble_nus.o(.constdata)
    .constdata                               0x0001f30c   Section       40  pstorage.o(.constdata)
    swap_sub_state_sm_lut                    0x0001f30c   Data          20  pstorage.o(.constdata)
    swap_sub_state_sm_lut                    0x0001f320   Data          20  pstorage.o(.constdata)
    .constdata                               0x0001f334   Section       16  segger_rtt_printf.o(.constdata)
    _aV2C                                    0x0001f334   Data          16  segger_rtt_printf.o(.constdata)
    .conststring                             0x0001f344   Section        9  segger_rtt.o(.conststring)
    .data                                    0x20002000   Section       53  main.o(.data)
    m_app_handle                             0x20002000   Data           1  main.o(.data)
    m_conn_handle                            0x20002002   Data           2  main.o(.data)
    m_addl_adv_manuf_data                    0x20002004   Data           6  main.o(.data)
    m_adv_uuids                              0x20002012   Data          12  main.o(.data)
    m_scanrsp_uuids                          0x2000201e   Data           4  main.o(.data)
    step_wechat                              0x20002022   Data           7  main.o(.data)
    target                                   0x20002029   Data           4  main.o(.data)
    temp                                     0x20002030   Data           4  main.o(.data)
    flag                                     0x20002034   Data           1  main.o(.data)
    .data                                    0x20002038   Section       13  bsp.o(.data)
    m_app_ticks_per_100ms                    0x20002038   Data           4  bsp.o(.data)
    m_registered_callback                    0x2000203c   Data           4  bsp.o(.data)
    m_events_list                            0x20002040   Data           3  bsp.o(.data)
    current_long_push_pin_no                 0x20002043   Data           1  bsp.o(.data)
    release_event_at_push                    0x20002044   Data           1  bsp.o(.data)
    .data                                    0x20002048   Section       32  ble_advertising.o(.data)
    m_advertising_start_pending              0x20002048   Data           1  ble_advertising.o(.data)
    m_peer_address                           0x20002049   Data           7  ble_advertising.o(.data)
    m_adv_evt                                0x20002050   Data           1  ble_advertising.o(.data)
    m_evt_handler                            0x20002054   Data           4  ble_advertising.o(.data)
    m_error_handler                          0x20002058   Data           4  ble_advertising.o(.data)
    m_adv_mode_current                       0x2000205c   Data           1  ble_advertising.o(.data)
    m_whitelist_temporarily_disabled         0x2000205d   Data           1  ble_advertising.o(.data)
    m_whitelist_reply_expected               0x2000205e   Data           1  ble_advertising.o(.data)
    m_peer_addr_reply_expected               0x2000205f   Data           1  ble_advertising.o(.data)
    m_slave_conn_int                         0x20002060   Data           4  ble_advertising.o(.data)
    m_tx_power_level                         0x20002064   Data           1  ble_advertising.o(.data)
    current_slave_link_conn_handle           0x20002066   Data           2  ble_advertising.o(.data)
    .data                                    0x20002068   Section       21  ble_conn_params.o(.data)
    m_preferred_conn_params                  0x20002068   Data           8  ble_conn_params.o(.data)
    m_update_count                           0x20002070   Data           1  ble_conn_params.o(.data)
    m_conn_handle                            0x20002072   Data           2  ble_conn_params.o(.data)
    m_current_conn_params                    0x20002074   Data           8  ble_conn_params.o(.data)
    m_change_param                           0x2000207c   Data           1  ble_conn_params.o(.data)
    .data                                    0x20002080   Section       20  device_manager_peripheral.o(.data)
    m_storage_handle                         0x20002080   Data           8  device_manager_peripheral.o(.data)
    m_peer_addr_update                       0x20002088   Data           4  device_manager_peripheral.o(.data)
    m_module_initialized                     0x2000208c   Data           1  device_manager_peripheral.o(.data)
    m_irk_index_table                        0x2000208d   Data           7  device_manager_peripheral.o(.data)
    .data                                    0x20002094   Section       40  pstorage.o(.data)
    m_next_app_instance                      0x20002094   Data           2  pstorage.o(.data)
    m_next_page_addr                         0x20002098   Data           4  pstorage.o(.data)
    m_state                                  0x2000209c   Data           1  pstorage.o(.data)
    m_swap_sub_state                         0x2000209d   Data           1  pstorage.o(.data)
    m_head_word_size                         0x200020a0   Data           4  pstorage.o(.data)
    m_tail_word_size                         0x200020a4   Data           4  pstorage.o(.data)
    m_current_page_id                        0x200020a8   Data           4  pstorage.o(.data)
    m_num_of_command_retries                 0x200020ac   Data           4  pstorage.o(.data)
    m_num_of_bytes_written                   0x200020b0   Data           4  pstorage.o(.data)
    m_app_data_size                          0x200020b4   Data           4  pstorage.o(.data)
    m_flags                                  0x200020b8   Data           4  pstorage.o(.data)
    .data                                    0x200020bc   Section        9  nrf_drv_ppi.o(.data)
    m_drv_state                              0x200020bc   Data           1  nrf_drv_ppi.o(.data)
    m_channels_allocated                     0x200020c0   Data           4  nrf_drv_ppi.o(.data)
    m_groups_allocated                       0x200020c4   Data           1  nrf_drv_ppi.o(.data)
    .data                                    0x200020c8   Section       34  app_timer.o(.data)
    m_user_array_size                        0x200020c8   Data           1  app_timer.o(.data)
    mp_users                                 0x200020cc   Data           4  app_timer.o(.data)
    mp_timer_id_head                         0x200020d0   Data           4  app_timer.o(.data)
    m_ticks_latest                           0x200020d4   Data           4  app_timer.o(.data)
    m_ticks_elapsed                          0x200020d8   Data           8  app_timer.o(.data)
    m_ticks_elapsed_q_read_ind               0x200020e0   Data           1  app_timer.o(.data)
    m_ticks_elapsed_q_write_ind              0x200020e1   Data           1  app_timer.o(.data)
    m_evt_schedule_func                      0x200020e4   Data           4  app_timer.o(.data)
    m_rtc1_running                           0x200020e8   Data           1  app_timer.o(.data)
    m_rtc1_reset                             0x200020e9   Data           1  app_timer.o(.data)
    .data                                    0x200020ec   Section       24  softdevice_handler.o(.data)
    m_evt_schedule_func                      0x200020ec   Data           4  softdevice_handler.o(.data)
    m_softdevice_enabled                     0x200020f0   Data           1  softdevice_handler.o(.data)
    mp_ble_evt_buffer                        0x200020f4   Data           4  softdevice_handler.o(.data)
    m_ble_evt_buffer_size                    0x200020f8   Data           2  softdevice_handler.o(.data)
    m_ble_evt_handler                        0x200020fc   Data           4  softdevice_handler.o(.data)
    m_sys_evt_handler                        0x20002100   Data           4  softdevice_handler.o(.data)
    .data                                    0x20002104   Section       26  ble_step.o(.data)
    mac_address                              0x20002104   Data           6  ble_step.o(.data)
    mac_address_handles                      0x2000210a   Data           8  ble_step.o(.data)
    mac_address_attr_md                      0x20002112   Data           2  ble_step.o(.data)
    target_handles                           0x20002114   Data           8  ble_step.o(.data)
    target_attr_md                           0x2000211c   Data           2  ble_step.o(.data)
    .data                                    0x2000211e   Section        5  eric_uart.o(.data)
    index                                    0x2000211e   Data           1  eric_uart.o(.data)
    command_len                              0x2000211f   Data           1  eric_uart.o(.data)
    command_start                            0x20002120   Data           1  eric_uart.o(.data)
    temp                                     0x20002121   Data           1  eric_uart.o(.data)
    .data                                    0x20002124   Section      120  segger_rtt.o(.data)
    _SEGGER_RTT                              0x20002124   Data         120  segger_rtt.o(.data)
    .data                                    0x2000219c   Section        4  system_nrf51.o(.data)
    __tagsym$$used                           0x2000219c   Number         0  system_nrf51.o(.data)
    .data                                    0x200021a0   Section        4  mvars.o(.data)
    .data                                    0x200021a4   Section        4  mvars.o(.data)
    .bss                                     0x200021a8   Section      748  main.o(.bss)
    m_bas                                    0x200021a8   Data          24  main.o(.bss)
    m_hrs                                    0x200021c0   Data          80  main.o(.bss)
    m_ble_wechat                             0x20002210   Data          24  main.o(.bss)
    m_nus                                    0x20002228   Data          28  main.o(.bss)
    m_blinky_timer_id_data                   0x20002244   Data          32  main.o(.bss)
    m_sensor_timer_id_data                   0x20002264   Data          32  main.o(.bss)
    APP_TIMER_BUF                            0x20002284   Data         456  main.o(.bss)
    BLE_EVT_BUFFER                           0x2000244c   Data          72  main.o(.bss)
    .bss                                     0x20002494   Section       32  bsp.o(.bss)
    m_button_timer_id_data                   0x20002494   Data          32  bsp.o(.bss)
    .bss                                     0x200024b4   Section      259  ble_advertising.o(.bss)
    m_advdata                                0x200024b4   Data          56  ble_advertising.o(.bss)
    m_adv_modes_config                       0x200024ec   Data          36  ble_advertising.o(.bss)
    m_whitelist                              0x20002510   Data          16  ble_advertising.o(.bss)
    mp_whitelist_addr                        0x20002520   Data          32  ble_advertising.o(.bss)
    mp_whitelist_irk                         0x20002540   Data          32  ble_advertising.o(.bss)
    m_manuf_specific_data                    0x20002560   Data          12  ble_advertising.o(.bss)
    m_manuf_data_array                       0x2000256c   Data          31  ble_advertising.o(.bss)
    m_service_data                           0x2000258c   Data          12  ble_advertising.o(.bss)
    m_service_data_array                     0x20002598   Data          31  ble_advertising.o(.bss)
    .bss                                     0x200025b8   Section       60  ble_conn_params.o(.bss)
    m_conn_params_config                     0x200025b8   Data          28  ble_conn_params.o(.bss)
    m_conn_params_timer_id_data              0x200025d4   Data          32  ble_conn_params.o(.bss)
    .bss                                     0x200025f4   Section      335  device_manager_peripheral.o(.bss)
    m_app_context_table                      0x200025f4   Data          28  device_manager_peripheral.o(.bss)
    m_peer_table                             0x20002610   Data         196  device_manager_peripheral.o(.bss)
    m_bond_table                             0x200026d4   Data          28  device_manager_peripheral.o(.bss)
    m_gatts_table                            0x200026f0   Data          36  device_manager_peripheral.o(.bss)
    m_connection_table                       0x20002714   Data          12  device_manager_peripheral.o(.bss)
    m_application_table                      0x20002720   Data          12  device_manager_peripheral.o(.bss)
    m_local_id_info                          0x2000272c   Data          23  device_manager_peripheral.o(.bss)
    .bss                                     0x20002744   Section       72  nrf_drv_gpiote.o(.bss)
    m_cb                                     0x20002744   Data          72  nrf_drv_gpiote.o(.bss)
    .bss                                     0x2000278c   Section      228  pstorage.o(.bss)
    m_cmd_queue                              0x2000278c   Data         204  pstorage.o(.bss)
    m_app_table                              0x20002858   Data          24  pstorage.o(.bss)
    .bss                                     0x20002870   Section       10  comm.o(.bss)
    s_buffer                                 0x20002870   Data          10  comm.o(.bss)
    .bss                                     0x2000287a   Section       32  eric_uart.o(.bss)
    .bss                                     0x2000289a   Section     1040  segger_rtt.o(.bss)
    _acUpBuffer                              0x2000289a   Data        1024  segger_rtt.o(.bss)
    _acDownBuffer                            0x20002c9a   Data          16  segger_rtt.o(.bss)
    HEAP                                     0x20002cb0   Section     2048  arm_startup_nrf51.o(HEAP)
    STACK                                    0x200034b0   Section     2048  arm_startup_nrf51.o(STACK)

    Global Symbols

    Symbol Name                              Value     Ov Type        Size  Object(Section)

    BuildAttributes$$THM_ISAv3M$S$PE$A:L22$X:L11$S22$IEEE1$IW$USESV6$~STKCKD$USESV7$~SHL$OSPACE$EBA8$MICROLIB$REQ8$PRES8$EABIv2 0x00000000   Number         0  anon$$obj.o ABSOLUTE
    __ARM_use_no_argv                        0x00000000   Number         0  main.o ABSOLUTE
    __cpp_initialize__aeabi_                  - Undefined Weak Reference
    __cxa_finalize                            - Undefined Weak Reference
    _clock_init                               - Undefined Weak Reference
    _microlib_exit                            - Undefined Weak Reference
    __Vectors_Size                           0x000000c0   Number         0  arm_startup_nrf51.o ABSOLUTE
    __Vectors                                0x00018000   Data           4  arm_startup_nrf51.o(RESET)
    __Vectors_End                            0x000180c0   Data           0  arm_startup_nrf51.o(RESET)
    __main                                   0x000180c1   Thumb Code     0  entry.o(.ARM.Collect$$$$00000000)
    _main_stk                                0x000180c1   Thumb Code     0  entry2.o(.ARM.Collect$$$$00000001)
    _main_scatterload                        0x000180c5   Thumb Code     0  entry5.o(.ARM.Collect$$$$00000004)
    __main_after_scatterload                 0x000180c9   Thumb Code     0  entry5.o(.ARM.Collect$$$$00000004)
    _main_clock                              0x000180c9   Thumb Code     0  entry7b.o(.ARM.Collect$$$$00000008)
    _main_cpp_init                           0x000180c9   Thumb Code     0  entry8b.o(.ARM.Collect$$$$0000000A)
    _main_init                               0x000180c9   Thumb Code     0  entry9a.o(.ARM.Collect$$$$0000000B)
    __rt_final_cpp                           0x000180d1   Thumb Code     0  entry10a.o(.ARM.Collect$$$$0000000D)
    __rt_final_exit                          0x000180d1   Thumb Code     0  entry11a.o(.ARM.Collect$$$$0000000F)
    __asm___11_app_timer_c_cd27f9c3__nrf_delay_us 0x000180d5   Thumb Code    30  app_timer.o(.emb_text)
    Reset_Handler                            0x000180f5   Thumb Code    26  arm_startup_nrf51.o(.text)
    NMI_Handler                              0x0001810f   Thumb Code     2  arm_startup_nrf51.o(.text)
    HardFault_Handler                        0x00018111   Thumb Code     2  arm_startup_nrf51.o(.text)
    SVC_Handler                              0x00018113   Thumb Code     2  arm_startup_nrf51.o(.text)
    PendSV_Handler                           0x00018115   Thumb Code     2  arm_startup_nrf51.o(.text)
    SysTick_Handler                          0x00018117   Thumb Code     2  arm_startup_nrf51.o(.text)
    ADC_IRQHandler                           0x00018119   Thumb Code     0  arm_startup_nrf51.o(.text)
    CCM_AAR_IRQHandler                       0x00018119   Thumb Code     0  arm_startup_nrf51.o(.text)
    ECB_IRQHandler                           0x00018119   Thumb Code     0  arm_startup_nrf51.o(.text)
    LPCOMP_IRQHandler                        0x00018119   Thumb Code     0  arm_startup_nrf51.o(.text)
    POWER_CLOCK_IRQHandler                   0x00018119   Thumb Code     0  arm_startup_nrf51.o(.text)
    QDEC_IRQHandler                          0x00018119   Thumb Code     0  arm_startup_nrf51.o(.text)
    RADIO_IRQHandler                         0x00018119   Thumb Code     0  arm_startup_nrf51.o(.text)
    RNG_IRQHandler                           0x00018119   Thumb Code     0  arm_startup_nrf51.o(.text)
    RTC0_IRQHandler                          0x00018119   Thumb Code     0  arm_startup_nrf51.o(.text)
    SPI0_TWI0_IRQHandler                     0x00018119   Thumb Code     0  arm_startup_nrf51.o(.text)
    SPI1_TWI1_IRQHandler                     0x00018119   Thumb Code     0  arm_startup_nrf51.o(.text)
    SWI1_IRQHandler                          0x00018119   Thumb Code     0  arm_startup_nrf51.o(.text)
    SWI3_IRQHandler                          0x00018119   Thumb Code     0  arm_startup_nrf51.o(.text)
    SWI4_IRQHandler                          0x00018119   Thumb Code     0  arm_startup_nrf51.o(.text)
    SWI5_IRQHandler                          0x00018119   Thumb Code     0  arm_startup_nrf51.o(.text)
    TEMP_IRQHandler                          0x00018119   Thumb Code     0  arm_startup_nrf51.o(.text)
    TIMER0_IRQHandler                        0x00018119   Thumb Code     0  arm_startup_nrf51.o(.text)
    TIMER1_IRQHandler                        0x00018119   Thumb Code     0  arm_startup_nrf51.o(.text)
    TIMER2_IRQHandler                        0x00018119   Thumb Code     0  arm_startup_nrf51.o(.text)
    WDT_IRQHandler                           0x00018119   Thumb Code     0  arm_startup_nrf51.o(.text)
    __aeabi_uidiv                            0x0001812d   Thumb Code     0  uidiv.o(.text)
    __aeabi_uidivmod                         0x0001812d   Thumb Code    44  uidiv.o(.text)
    __aeabi_idiv                             0x00018159   Thumb Code     0  idiv.o(.text)
    __aeabi_idivmod                          0x00018159   Thumb Code    40  idiv.o(.text)
    ___aeabi_memcpy8$move                    0x00018181   Thumb Code     0  memmovea.o(.text)
    __aeabi_memcpy                           0x00018181   Thumb Code    64  memmovea.o(.text)
    __aeabi_memcpy4                          0x00018181   Thumb Code     0  memmovea.o(.text)
    __aeabi_memmove                          0x00018181   Thumb Code     0  memmovea.o(.text)
    __aeabi_memmove4                         0x00018181   Thumb Code     0  memmovea.o(.text)
    __aeabi_memmove8                         0x00018181   Thumb Code     0  memmovea.o(.text)
    __aeabi_memset                           0x000181c1   Thumb Code    14  memseta.o(.text)
    __aeabi_memset4                          0x000181c1   Thumb Code     0  memseta.o(.text)
    __aeabi_memset8                          0x000181c1   Thumb Code     0  memseta.o(.text)
    __aeabi_memclr                           0x000181cf   Thumb Code     4  memseta.o(.text)
    __aeabi_memclr4                          0x000181cf   Thumb Code     0  memseta.o(.text)
    __aeabi_memclr8                          0x000181cf   Thumb Code     0  memseta.o(.text)
    _memset$wrapper                          0x000181d3   Thumb Code    18  memseta.o(.text)
    memcmp                                   0x000181e5   Thumb Code    26  memcmp.o(.text)
    __scatterload                            0x00018201   Thumb Code    28  init.o(.text)
    __scatterload_rt2                        0x00018201   Thumb Code     0  init.o(.text)
    __decompress                             0x00018225   Thumb Code     0  __dczerorl2.o(.text)
    __decompress1                            0x00018225   Thumb Code    86  __dczerorl2.o(.text)
    GPIOTE_IRQHandler                        0x0001827d   Thumb Code   378  nrf_drv_gpiote.o(i.GPIOTE_IRQHandler)
    RTC1_IRQHandler                          0x000185ad   Thumb Code    34  app_timer.o(i.RTC1_IRQHandler)
    SEGGER_RTT_Write                         0x000185d5   Thumb Code   306  segger_rtt.o(i.SEGGER_RTT_Write)
    SEGGER_RTT_printf                        0x0001870d   Thumb Code    28  segger_rtt_printf.o(i.SEGGER_RTT_printf)
    SEGGER_RTT_vprintf                       0x00018729   Thumb Code   520  segger_rtt_printf.o(i.SEGGER_RTT_vprintf)
    SWI0_IRQHandler                          0x00018931   Thumb Code     8  app_timer.o(i.SWI0_IRQHandler)
    SWI2_IRQHandler                          0x00018939   Thumb Code    50  softdevice_handler.o(i.SWI2_IRQHandler)
    SystemInit                               0x00018971   Thumb Code    38  system_nrf51.o(i.SystemInit)
    UART0_IRQHandler                         0x000189a9   Thumb Code   270  eric_uart.o(i.UART0_IRQHandler)
    __scatterload_copy                       0x00018d4d   Thumb Code    14  handlers.o(i.__scatterload_copy)
    __scatterload_null                       0x00018d5b   Thumb Code     2  handlers.o(i.__scatterload_null)
    __scatterload_zeroinit                   0x00018d5d   Thumb Code    14  handlers.o(i.__scatterload_zeroinit)
    adv_data_encode                          0x00018d6b   Thumb Code   444  ble_advdata.o(i.adv_data_encode)
    app_error_handler                        0x00018fdd   Thumb Code    48  app_error.o(i.app_error_handler)
    app_timer_create                         0x00019085   Thumb Code    60  app_timer.o(i.app_timer_create)
    app_timer_init                           0x000190c5   Thumb Code   156  app_timer.o(i.app_timer_init)
    app_timer_start                          0x0001917d   Thumb Code    82  app_timer.o(i.app_timer_start)
    app_timer_stop                           0x000191d5   Thumb Code    50  app_timer.o(i.app_timer_stop)
    ble_advdata_set                          0x00019495   Thumb Code   136  ble_advdata.o(i.ble_advdata_set)
    ble_advertising_init                     0x0001951d   Thumb Code   316  ble_advertising.o(i.ble_advertising_init)
    ble_advertising_on_ble_evt               0x00019691   Thumb Code   236  ble_advertising.o(i.ble_advertising_on_ble_evt)
    ble_advertising_on_sys_evt               0x00019795   Thumb Code    70  ble_advertising.o(i.ble_advertising_on_sys_evt)
    ble_advertising_start                    0x000197f9   Thumb Code   654  ble_advertising.o(i.ble_advertising_start)
    ble_bas_battery_level_update             0x00019ab5   Thumb Code   136  ble_bas.o(i.ble_bas_battery_level_update)
    ble_bas_init                             0x00019b41   Thumb Code    78  ble_bas.o(i.ble_bas_init)
    ble_bas_on_ble_evt                       0x00019b95   Thumb Code    70  ble_bas.o(i.ble_bas_on_ble_evt)
    ble_conn_params_init                     0x00019bdd   Thumb Code    90  ble_conn_params.o(i.ble_conn_params_init)
    ble_conn_params_on_ble_evt               0x00019c55   Thumb Code    62  ble_conn_params.o(i.ble_conn_params_on_ble_evt)
    ble_hrs_heart_rate_measurement_send      0x00019d51   Thumb Code    94  ble_hrs.o(i.ble_hrs_heart_rate_measurement_send)
    ble_hrs_init                             0x00019db5   Thumb Code   108  ble_hrs.o(i.ble_hrs_init)
    ble_hrs_on_ble_evt                       0x00019e25   Thumb Code    58  ble_hrs.o(i.ble_hrs_on_ble_evt)
    ble_hrs_sensor_contact_detected_update   0x00019e5f   Thumb Code     6  ble_hrs.o(i.ble_hrs_sensor_contact_detected_update)
    ble_nus_init                             0x00019e65   Thumb Code   128  ble_nus.o(i.ble_nus_init)
    ble_nus_on_ble_evt                       0x00019ee9   Thumb Code    70  ble_nus.o(i.ble_nus_on_ble_evt)
    ble_nus_string_send                      0x00019f31   Thumb Code    84  ble_nus.o(i.ble_nus_string_send)
    ble_srv_report_ref_encode                0x00019f89   Thumb Code    62  ble_srv_common.o(i.ble_srv_report_ref_encode)
    ble_step_count_update                    0x0001a06d   Thumb Code   132  ble_step.o(i.ble_step_count_update)
    ble_step_init                            0x0001a0f5   Thumb Code   260  ble_step.o(i.ble_step_init)
    ble_step_on_ble_evt                      0x0001a211   Thumb Code    70  ble_step.o(i.ble_step_on_ble_evt)
    ble_wechat_target_update                 0x0001a259   Thumb Code    96  ble_step.o(i.ble_wechat_target_update)
    bond_data_load                           0x0001a3a5   Thumb Code    62  device_manager_peripheral.o(i.bond_data_load)
    bsp_btn_ble_sleep_mode_prepare           0x0001a3f5   Thumb Code    30  bsp_btn_ble.o(i.bsp_btn_ble_sleep_mode_prepare)
    bsp_indication_set                       0x0001a4ed   Thumb Code     6  bsp.o(i.bsp_indication_set)
    bsp_wakeup_buttons_set                   0x0001a4f5   Thumb Code    84  bsp.o(i.bsp_wakeup_buttons_set)
    dm_ble_evt_handler                       0x0001aff9   Thumb Code  1562  device_manager_peripheral.o(i.dm_ble_evt_handler)
    dm_handle_initialize                     0x0001b631   Thumb Code    24  device_manager_peripheral.o(i.dm_handle_initialize)
    dm_init                                  0x0001b64d   Thumb Code   230  device_manager_peripheral.o(i.dm_init)
    dm_register                              0x0001b999   Thumb Code   176  device_manager_peripheral.o(i.dm_register)
    eric_uart_Init                           0x0001bafd   Thumb Code   188  eric_uart.o(i.eric_uart_Init)
    eric_uart_send                           0x0001bbd9   Thumb Code    38  eric_uart.o(i.eric_uart_send)
    free                                     0x0001bd65   Thumb Code    80  malloc.o(i.free)
    in_pin_handler                           0x0001c373   Thumb Code     6  main.o(i.in_pin_handler)
    intern_softdevice_events_execute         0x0001c439   Thumb Code   168  softdevice_handler.o(i.intern_softdevice_events_execute)
    main                                     0x0001c8d5   Thumb Code   364  main.o(i.main)
    malloc                                   0x0001ca75   Thumb Code    92  malloc.o(i.malloc)
    nrf_drv_common_irq_enable                0x0001cc2d   Thumb Code    48  nrf_drv_common.o(i.nrf_drv_common_irq_enable)
    nrf_drv_gpiote_in_event_addr_get         0x0001cc65   Thumb Code    26  nrf_drv_gpiote.o(i.nrf_drv_gpiote_in_event_addr_get)
    nrf_drv_gpiote_in_event_enable           0x0001cc81   Thumb Code   186  nrf_drv_gpiote.o(i.nrf_drv_gpiote_in_event_enable)
    nrf_drv_gpiote_in_init                   0x0001cd49   Thumb Code   228  nrf_drv_gpiote.o(i.nrf_drv_gpiote_in_init)
    nrf_drv_gpiote_init                      0x0001ce3d   Thumb Code    76  nrf_drv_gpiote.o(i.nrf_drv_gpiote_init)
    nrf_drv_gpiote_out_init                  0x0001ce8d   Thumb Code   230  nrf_drv_gpiote.o(i.nrf_drv_gpiote_out_init)
    nrf_drv_gpiote_out_task_addr_get         0x0001cf81   Thumb Code    24  nrf_drv_gpiote.o(i.nrf_drv_gpiote_out_task_addr_get)
    nrf_drv_gpiote_out_task_enable           0x0001cf9d   Thumb Code    62  nrf_drv_gpiote.o(i.nrf_drv_gpiote_out_task_enable)
    nrf_drv_ppi_channel_alloc                0x0001cfe9   Thumb Code   204  nrf_drv_ppi.o(i.nrf_drv_ppi_channel_alloc)
    nrf_drv_ppi_channel_assign               0x0001d0bd   Thumb Code    82  nrf_drv_ppi.o(i.nrf_drv_ppi_channel_assign)
    nrf_drv_ppi_channel_enable               0x0001d115   Thumb Code    58  nrf_drv_ppi.o(i.nrf_drv_ppi_channel_enable)
    nrf_drv_ppi_init                         0x0001d15d   Thumb Code    22  nrf_drv_ppi.o(i.nrf_drv_ppi_init)
    pstorage_access_status_get               0x0001d6a9   Thumb Code    40  pstorage.o(i.pstorage_access_status_get)
    pstorage_block_identifier_get            0x0001d6d9   Thumb Code   154  pstorage.o(i.pstorage_block_identifier_get)
    pstorage_clear                           0x0001d77d   Thumb Code   270  pstorage.o(i.pstorage_clear)
    pstorage_init                            0x0001d8c9   Thumb Code   104  pstorage.o(i.pstorage_init)
    pstorage_load                            0x0001d951   Thumb Code   242  pstorage.o(i.pstorage_load)
    pstorage_register                        0x0001da4d   Thumb Code   270  pstorage.o(i.pstorage_register)
    pstorage_store                           0x0001db6d   Thumb Code   216  pstorage.o(i.pstorage_store)
    pstorage_sys_event_handler               0x0001dc4d   Thumb Code    66  pstorage.o(i.pstorage_sys_event_handler)
    pstorage_update                          0x0001dc99   Thumb Code   216  pstorage.o(i.pstorage_update)
    rece_dispatch                            0x0001de21   Thumb Code    98  comm.o(i.rece_dispatch)
    send_data_phone                          0x0001e0b1   Thumb Code    48  main.o(i.send_data_phone)
    send_shakehand                           0x0001e0e5   Thumb Code    54  comm.o(i.send_shakehand)
    softdevice_assertion_handler             0x0001e53d   Thumb Code    18  softdevice_handler.o(i.softdevice_assertion_handler)
    softdevice_ble_evt_handler_set           0x0001e551   Thumb Code    18  softdevice_handler.o(i.softdevice_ble_evt_handler_set)
    softdevice_handler_init                  0x0001e569   Thumb Code    84  softdevice_handler.o(i.softdevice_handler_init)
    softdevice_sys_evt_handler_set           0x0001e5d1   Thumb Code    18  softdevice_handler.o(i.softdevice_sys_evt_handler_set)
    m_service_context_store                  0x0001f2c8   Data          16  device_manager_peripheral.o(.constdata)
    m_service_context_load                   0x0001f2d8   Data          16  device_manager_peripheral.o(.constdata)
    m_service_context_apply                  0x0001f2e8   Data          16  device_manager_peripheral.o(.constdata)
    m_context_init_len                       0x0001f2f8   Data           4  device_manager_peripheral.o(.constdata)
    Region$$Table$$Base                      0x0001f350   Number         0  anon$$obj.o(Region$$Table)
    Region$$Table$$Limit                     0x0001f370   Number         0  anon$$obj.o(Region$$Table)
    hrs_rate                                 0x2000200a   Data           2  main.o(.data)
    step_count                               0x2000200c   Data           4  main.o(.data)
    bat_percent                              0x20002010   Data           1  main.o(.data)
    rece_flag                                0x20002122   Data           1  eric_uart.o(.data)
    SystemCoreClock                          0x2000219c   Data           4  system_nrf51.o(.data)
    __microlib_freelist                      0x200021a0   Data           4  mvars.o(.data)
    __microlib_freelist_initialised          0x200021a4   Data           4  mvars.o(.data)
    buffer                                   0x2000287a   Data          32  eric_uart.o(.bss)
    __heap_base                              0x20002cb0   Data           0  arm_startup_nrf51.o(HEAP)
    __heap_limit                             0x200034b0   Data           0  arm_startup_nrf51.o(HEAP)
    __initial_sp                             0x20003cb0   Data           0  arm_startup_nrf51.o(STACK)



==============================================================================

Memory Map of the image

  Image Entry point : 0x000180c1

  Load Region LR_IROM1 (Base: 0x00018000, Size: 0x00007518, Max: 0x00028000, ABSOLUTE, COMPRESSED[0x000073b8])

    Execution Region ER_IROM1 (Base: 0x00018000, Size: 0x00007370, Max: 0x00028000, ABSOLUTE)

    Base Addr    Size         Type   Attr      Idx    E Section Name        Object

    0x00018000   0x000000c0   Data   RO         2806    RESET               arm_startup_nrf51.o
    0x000180c0   0x00000000   Code   RO         2853  * .ARM.Collect$$$$00000000  mc_p.l(entry.o)
    0x000180c0   0x00000004   Code   RO         2902    .ARM.Collect$$$$00000001  mc_p.l(entry2.o)
    0x000180c4   0x00000004   Code   RO         2905    .ARM.Collect$$$$00000004  mc_p.l(entry5.o)
    0x000180c8   0x00000000   Code   RO         2907    .ARM.Collect$$$$00000008  mc_p.l(entry7b.o)
    0x000180c8   0x00000000   Code   RO         2909    .ARM.Collect$$$$0000000A  mc_p.l(entry8b.o)
    0x000180c8   0x00000008   Code   RO         2910    .ARM.Collect$$$$0000000B  mc_p.l(entry9a.o)
    0x000180d0   0x00000000   Code   RO         2912    .ARM.Collect$$$$0000000D  mc_p.l(entry10a.o)
    0x000180d0   0x00000000   Code   RO         2914    .ARM.Collect$$$$0000000F  mc_p.l(entry11a.o)
    0x000180d0   0x00000004   Code   RO         2903    .ARM.Collect$$$$00002712  mc_p.l(entry2.o)
    0x000180d4   0x0000001e   Code   RO         2215    .emb_text           app_timer.o
    0x000180f2   0x00000002   PAD
    0x000180f4   0x00000038   Code   RO         2807    .text               arm_startup_nrf51.o
    0x0001812c   0x0000002c   Code   RO         2856    .text               mc_p.l(uidiv.o)
    0x00018158   0x00000028   Code   RO         2858    .text               mc_p.l(idiv.o)
    0x00018180   0x00000040   Code   RO         2862    .text               mc_p.l(memmovea.o)
    0x000181c0   0x00000024   Code   RO         2864    .text               mc_p.l(memseta.o)
    0x000181e4   0x0000001a   Code   RO         2868    .text               mc_p.l(memcmp.o)
    0x000181fe   0x00000002   PAD
    0x00018200   0x00000024   Code   RO         2918    .text               mc_p.l(init.o)
    0x00018224   0x00000056   Code   RO         2928    .text               mc_p.l(__dczerorl2.o)
    0x0001827a   0x00000002   PAD
    0x0001827c   0x0000018c   Code   RO         1409    i.GPIOTE_IRQHandler  nrf_drv_gpiote.o
    0x00018408   0x00000014   Code   RO         2216    i.NVIC_ClearPendingIRQ  app_timer.o
    0x0001841c   0x00000014   Code   RO         2217    i.NVIC_EnableIRQ    app_timer.o
    0x00018430   0x00000014   Code   RO         2218    i.NVIC_SetPendingIRQ  app_timer.o
    0x00018444   0x00000078   Code   RO         1375    i.NVIC_SetPriority  nrf_drv_common.o
    0x000184bc   0x00000078   Code   RO         2219    i.NVIC_SetPriority  app_timer.o
    0x00018534   0x00000078   Code   RO         2642    i.NVIC_SetPriority  eric_uart.o
    0x000185ac   0x00000028   Code   RO         2220    i.RTC1_IRQHandler   app_timer.o
    0x000185d4   0x00000138   Code   RO         2697    i.SEGGER_RTT_Write  segger_rtt.o
    0x0001870c   0x0000001c   Code   RO         2767    i.SEGGER_RTT_printf  segger_rtt_printf.o
    0x00018728   0x00000208   Code   RO         2768    i.SEGGER_RTT_vprintf  segger_rtt_printf.o
    0x00018930   0x00000008   Code   RO         2221    i.SWI0_IRQHandler   app_timer.o
    0x00018938   0x00000038   Code   RO         2465    i.SWI2_IRQHandler   softdevice_handler.o
    0x00018970   0x00000038   Code   RO         2814    i.SystemInit        system_nrf51.o
    0x000189a8   0x00000130   Code   RO         2643    i.UART0_IRQHandler  eric_uart.o
    0x00018ad8   0x00000002   Code   RO         2699    i._Init             segger_rtt.o
    0x00018ada   0x0000010c   Code   RO         2769    i._PrintInt         segger_rtt_printf.o
    0x00018be6   0x00000002   PAD
    0x00018be8   0x00000120   Code   RO         2770    i._PrintUnsigned    segger_rtt_printf.o
    0x00018d08   0x00000044   Code   RO         2771    i._StoreChar        segger_rtt_printf.o
    0x00018d4c   0x0000000e   Code   RO         2922    i.__scatterload_copy  mc_p.l(handlers.o)
    0x00018d5a   0x00000002   Code   RO         2923    i.__scatterload_null  mc_p.l(handlers.o)
    0x00018d5c   0x0000000e   Code   RO         2924    i.__scatterload_zeroinit  mc_p.l(handlers.o)
    0x00018d6a   0x000001bc   Code   RO          531    i.adv_data_encode   ble_advdata.o
    0x00018f26   0x00000014   Code   RO          532    i.advdata_check     ble_advdata.o
    0x00018f3a   0x00000002   PAD
    0x00018f3c   0x000000a0   Code   RO            3    i.advertising_init  main.o
    0x00018fdc   0x00000038   Code   RO         2192    i.app_error_handler  app_error.o
    0x00019014   0x0000001c   Code   RO          841    i.app_evt_notify    device_manager_peripheral.o
    0x00019030   0x00000030   Code   RO         1644    i.app_notify        pstorage.o
    0x00019060   0x00000024   Code   RO         1645    i.app_notify_error_state_transit  pstorage.o
    0x00019084   0x00000040   Code   RO         2224    i.app_timer_create  app_timer.o
    0x000190c4   0x000000b8   Code   RO         2225    i.app_timer_init    app_timer.o
    0x0001917c   0x00000058   Code   RO         2226    i.app_timer_start   app_timer.o
    0x000191d4   0x00000038   Code   RO         2227    i.app_timer_stop    app_timer.o
    0x0001920c   0x00000050   Code   RO          533    i.appearance_encode  ble_advdata.o
    0x0001925c   0x0000005c   Code   RO            4    i.application_timers_start  main.o
    0x000192b8   0x00000012   Code   RO         1970    i.are_app_channels  nrf_drv_ppi.o
    0x000192ca   0x00000002   PAD
    0x000192cc   0x000001c8   Code   RO         1108    i.battery_level_char_add  ble_bas.o
    0x00019494   0x00000088   Code   RO          534    i.ble_advdata_set   ble_advdata.o
    0x0001951c   0x00000174   Code   RO          645    i.ble_advertising_init  ble_advertising.o
    0x00019690   0x00000104   Code   RO          646    i.ble_advertising_on_ble_evt  ble_advertising.o
    0x00019794   0x00000054   Code   RO          647    i.ble_advertising_on_sys_evt  ble_advertising.o
    0x000197e8   0x00000010   Code   RO          649    i.ble_advertising_peer_address_clear  ble_advertising.o
    0x000197f8   0x000002bc   Code   RO          651    i.ble_advertising_start  ble_advertising.o
    0x00019ab4   0x0000008c   Code   RO         1109    i.ble_bas_battery_level_update  ble_bas.o
    0x00019b40   0x00000054   Code   RO         1110    i.ble_bas_init      ble_bas.o
    0x00019b94   0x00000046   Code   RO         1111    i.ble_bas_on_ble_evt  ble_bas.o
    0x00019bda   0x00000002   PAD
    0x00019bdc   0x00000078   Code   RO          718    i.ble_conn_params_init  ble_conn_params.o
    0x00019c54   0x0000003e   Code   RO          719    i.ble_conn_params_on_ble_evt  ble_conn_params.o
    0x00019c92   0x0000006c   Code   RO          535    i.ble_device_addr_encode  ble_advdata.o
    0x00019cfe   0x00000002   PAD
    0x00019d00   0x00000050   Code   RO            6    i.ble_evt_dispatch  main.o
    0x00019d50   0x00000064   Code   RO         1193    i.ble_hrs_heart_rate_measurement_send  ble_hrs.o
    0x00019db4   0x00000070   Code   RO         1194    i.ble_hrs_init      ble_hrs.o
    0x00019e24   0x0000003a   Code   RO         1195    i.ble_hrs_on_ble_evt  ble_hrs.o
    0x00019e5e   0x00000006   Code   RO         1198    i.ble_hrs_sensor_contact_detected_update  ble_hrs.o
    0x00019e64   0x00000084   Code   RO         1292    i.ble_nus_init      ble_nus.o
    0x00019ee8   0x00000046   Code   RO         1293    i.ble_nus_on_ble_evt  ble_nus.o
    0x00019f2e   0x00000002   PAD
    0x00019f30   0x00000058   Code   RO         1294    i.ble_nus_string_send  ble_nus.o
    0x00019f88   0x0000003e   Code   RO          803    i.ble_srv_report_ref_encode  ble_srv_common.o
    0x00019fc6   0x00000002   PAD
    0x00019fc8   0x000000a4   Code   RO            7    i.ble_stack_init    main.o
    0x0001a06c   0x00000088   Code   RO         2527    i.ble_step_count_update  ble_step.o
    0x0001a0f4   0x0000011c   Code   RO         2528    i.ble_step_init     ble_step.o
    0x0001a210   0x00000046   Code   RO         2529    i.ble_step_on_ble_evt  ble_step.o
    0x0001a256   0x00000002   PAD
    0x0001a258   0x00000064   Code   RO         2530    i.ble_wechat_target_update  ble_step.o
    0x0001a2bc   0x0000003c   Code   RO            8    i.blinky_timeout_handler  main.o
    0x0001a2f8   0x000000ac   Code   RO         1200    i.body_sensor_location_char_add  ble_hrs.o
    0x0001a3a4   0x00000050   Code   RO          842    i.bond_data_load    device_manager_peripheral.o
    0x0001a3f4   0x0000001e   Code   RO          487    i.bsp_btn_ble_sleep_mode_prepare  bsp_btn_ble.o
    0x0001a412   0x00000002   PAD
    0x0001a414   0x000000d8   Code   RO          389    i.bsp_button_event_handler  bsp.o
    0x0001a4ec   0x00000006   Code   RO          395    i.bsp_indication_set  bsp.o
    0x0001a4f2   0x00000002   PAD
    0x0001a4f4   0x0000005c   Code   RO          398    i.bsp_wakeup_buttons_set  bsp.o
    0x0001a550   0x00000020   Code   RO         1410    i.channel_free      nrf_drv_gpiote.o
    0x0001a570   0x00000010   Code   RO         1411    i.channel_handler_get  nrf_drv_gpiote.o
    0x0001a580   0x00000078   Code   RO         1412    i.channel_port_alloc  nrf_drv_gpiote.o
    0x0001a5f8   0x0000000c   Code   RO         1413    i.channel_port_get  nrf_drv_gpiote.o
    0x0001a604   0x0000001a   Code   RO         2602    i.check_sum         comm.o
    0x0001a61e   0x00000002   PAD
    0x0001a620   0x00000114   Code   RO         1646    i.clear_operation_execute  pstorage.o
    0x0001a734   0x00000028   Code   RO         1647    i.clear_post_processing_run  pstorage.o
    0x0001a75c   0x00000048   Code   RO         1648    i.cmd_process       pstorage.o
    0x0001a7a4   0x00000014   Code   RO         1649    i.cmd_queue_dequeue  pstorage.o
    0x0001a7b8   0x0000003c   Code   RO         1650    i.cmd_queue_element_init  pstorage.o
    0x0001a7f4   0x00000084   Code   RO         1651    i.cmd_queue_enqueue  pstorage.o
    0x0001a878   0x00000020   Code   RO         1652    i.cmd_queue_init    pstorage.o
    0x0001a898   0x00000028   Code   RO         1653    i.command_end_procedure_run  pstorage.o
    0x0001a8c0   0x0000002c   Code   RO         1654    i.command_queue_element_consume  pstorage.o
    0x0001a8ec   0x0000008c   Code   RO         2229    i.compare_reg_update  app_timer.o
    0x0001a978   0x0000005c   Code   RO          536    i.conn_int_check    ble_advdata.o
    0x0001a9d4   0x00000066   Code   RO          537    i.conn_int_encode   ble_advdata.o
    0x0001aa3a   0x00000014   Code   RO           11    i.conn_params_error_handler  main.o
    0x0001aa4e   0x00000002   PAD
    0x0001aa50   0x00000068   Code   RO           12    i.conn_params_init  main.o
    0x0001aab8   0x00000094   Code   RO          721    i.conn_params_negotiation  ble_conn_params.o
    0x0001ab4c   0x00000048   Code   RO          843    i.connection_instance_find  device_manager_peripheral.o
    0x0001ab94   0x00000038   Code   RO          844    i.connection_instance_init  device_manager_peripheral.o
    0x0001abcc   0x0000005c   Code   RO         1971    i.current_int_priority_get  nrf_drv_ppi.o
    0x0001ac28   0x0000005c   Code   RO         2230    i.current_int_priority_get  app_timer.o
    0x0001ac84   0x00000084   Code   RO         1655    i.data_page_erase_state_run  pstorage.o
    0x0001ad08   0x00000038   Code   RO         1656    i.data_to_swap_write_state_run  pstorage.o
    0x0001ad40   0x000000d0   Code   RO          845    i.device_context_store  device_manager_peripheral.o
    0x0001ae10   0x0000007c   Code   RO          846    i.device_instance_allocate  device_manager_peripheral.o
    0x0001ae8c   0x00000058   Code   RO          847    i.device_instance_find  device_manager_peripheral.o
    0x0001aee4   0x00000030   Code   RO          848    i.device_instance_free  device_manager_peripheral.o
    0x0001af14   0x00000024   Code   RO           13    i.device_manager_evt_handler  main.o
    0x0001af38   0x000000c0   Code   RO           14    i.device_manager_init  main.o
    0x0001aff8   0x00000638   Code   RO          853    i.dm_ble_evt_handler  device_manager_peripheral.o
    0x0001b630   0x0000001c   Code   RO          859    i.dm_handle_initialize  device_manager_peripheral.o
    0x0001b64c   0x00000108   Code   RO          860    i.dm_init           device_manager_peripheral.o
    0x0001b754   0x00000244   Code   RO          863    i.dm_pstorage_cb_handler  device_manager_peripheral.o
    0x0001b998   0x000000bc   Code   RO          864    i.dm_register       device_manager_peripheral.o
    0x0001ba54   0x00000064   Code   RO         2231    i.elapsed_ticks_acquire  app_timer.o
    0x0001bab8   0x00000044   Code   RO         1657    i.erase_sub_state_sm_run  pstorage.o
    0x0001bafc   0x000000dc   Code   RO         2644    i.eric_uart_Init    eric_uart.o
    0x0001bbd8   0x00000030   Code   RO         2646    i.eric_uart_send    eric_uart.o
    0x0001bc08   0x0000005c   Code   RO         2232    i.expired_timers_handler  app_timer.o
    0x0001bc64   0x00000036   Code   RO          538    i.flags_encode      ble_advdata.o
    0x0001bc9a   0x00000002   PAD
    0x0001bc9c   0x00000030   Code   RO         1658    i.flash_api_err_code_process  pstorage.o
    0x0001bccc   0x00000040   Code   RO         1659    i.flash_operation_failure_run  pstorage.o
    0x0001bd0c   0x00000030   Code   RO         1660    i.flash_operation_success_run  pstorage.o
    0x0001bd3c   0x00000010   Code   RO         1661    i.flash_page_erase  pstorage.o
    0x0001bd4c   0x00000018   Code   RO         1662    i.flash_write       pstorage.o
    0x0001bd64   0x00000054   Code   RO         2874    i.free              mc_p.l(malloc.o)
    0x0001bdb8   0x00000088   Code   RO           15    i.gap_params_init   main.o
    0x0001be40   0x00000006   Code   RO          871    i.gattc_context_apply  device_manager_peripheral.o
    0x0001be46   0x00000006   Code   RO          872    i.gattc_context_load  device_manager_peripheral.o
    0x0001be4c   0x00000006   Code   RO          873    i.gattc_context_store  device_manager_peripheral.o
    0x0001be52   0x00000002   PAD
    0x0001be54   0x000000f4   Code   RO          874    i.gatts_context_apply  device_manager_peripheral.o
    0x0001bf48   0x00000048   Code   RO          875    i.gatts_context_load  device_manager_peripheral.o
    0x0001bf90   0x000000dc   Code   RO          876    i.gatts_context_store  device_manager_peripheral.o
    0x0001c06c   0x0000001a   Code   RO          877    i.gattsc_context_apply  device_manager_peripheral.o
    0x0001c086   0x0000001e   Code   RO          878    i.gattsc_context_load  device_manager_peripheral.o
    0x0001c0a4   0x0000001e   Code   RO          879    i.gattsc_context_store  device_manager_peripheral.o
    0x0001c0c2   0x0000004e   Code   RO           16    i.get_mac_addr      main.o
    0x0001c110   0x00000048   Code   RO         2531    i.get_mac_addr      ble_step.o
    0x0001c158   0x00000070   Code   RO         1663    i.head_restore_state_run  pstorage.o
    0x0001c1c8   0x000000f0   Code   RO         1201    i.heart_rate_measurement_char_add  ble_hrs.o
    0x0001c2b8   0x000000ba   Code   RO         1202    i.hrm_encode        ble_hrs.o
    0x0001c372   0x00000006   Code   RO           17    i.in_pin_handler    main.o
    0x0001c378   0x000000c0   Code   RO         2532    i.indicate_char_add  ble_step.o
    0x0001c438   0x000000bc   Code   RO         2466    i.intern_softdevice_events_execute  softdevice_handler.o
    0x0001c4f4   0x00000020   Code   RO         1973    i.is_allocated_channel  nrf_drv_ppi.o
    0x0001c514   0x00000012   Code   RO         1975    i.is_app_channel    nrf_drv_ppi.o
    0x0001c526   0x00000002   PAD
    0x0001c528   0x00000024   Code   RO          722    i.is_conn_params_ok  ble_conn_params.o
    0x0001c54c   0x00000038   Code   RO         2815    i.is_disabled_in_debug_needed  system_nrf51.o
    0x0001c584   0x0000006c   Code   RO         2816    i.is_manual_peripheral_setup_needed  system_nrf51.o
    0x0001c5f0   0x00000058   Code   RO         1664    i.is_page_erase_required  pstorage.o
    0x0001c648   0x0000001a   Code   RO         1977    i.is_programmable_app_channel  nrf_drv_ppi.o
    0x0001c662   0x00000002   PAD
    0x0001c664   0x00000050   Code   RO         1665    i.is_tail_data_page_swap_required  pstorage.o
    0x0001c6b4   0x00000012   Code   RO         1666    i.is_word_aligned   pstorage.o
    0x0001c6c6   0x0000006a   Code   RO          539    i.le_role_encode    ble_advdata.o
    0x0001c730   0x00000094   Code   RO         2233    i.list_deletions_handler  app_timer.o
    0x0001c7c4   0x00000110   Code   RO         2234    i.list_insertions_handler  app_timer.o
    0x0001c8d4   0x00000180   Code   RO           18    i.main              main.o
    0x0001ca54   0x00000020   Code   RO         1667    i.main_state_err_busy_process  pstorage.o
    0x0001ca74   0x0000006c   Code   RO         2875    i.malloc            mc_p.l(malloc.o)
    0x0001cae0   0x00000078   Code   RO          540    i.manuf_specific_data_encode  ble_advdata.o
    0x0001cb58   0x000000c2   Code   RO          541    i.name_encode       ble_advdata.o
    0x0001cc1a   0x00000006   Code   RO          880    i.no_service_context_apply  device_manager_peripheral.o
    0x0001cc20   0x00000006   Code   RO          881    i.no_service_context_load  device_manager_peripheral.o
    0x0001cc26   0x00000006   Code   RO          882    i.no_service_context_store  device_manager_peripheral.o
    0x0001cc2c   0x00000038   Code   RO         1376    i.nrf_drv_common_irq_enable  nrf_drv_common.o
    0x0001cc64   0x0000001a   Code   RO         1414    i.nrf_drv_gpiote_in_event_addr_get  nrf_drv_gpiote.o
    0x0001cc7e   0x00000002   PAD
    0x0001cc80   0x000000c8   Code   RO         1416    i.nrf_drv_gpiote_in_event_enable  nrf_drv_gpiote.o
    0x0001cd48   0x000000f4   Code   RO         1417    i.nrf_drv_gpiote_in_init  nrf_drv_gpiote.o
    0x0001ce3c   0x00000050   Code   RO         1420    i.nrf_drv_gpiote_init  nrf_drv_gpiote.o
    0x0001ce8c   0x000000f4   Code   RO         1423    i.nrf_drv_gpiote_out_init  nrf_drv_gpiote.o
    0x0001cf80   0x0000001c   Code   RO         1425    i.nrf_drv_gpiote_out_task_addr_get  nrf_drv_gpiote.o
    0x0001cf9c   0x0000004c   Code   RO         1427    i.nrf_drv_gpiote_out_task_enable  nrf_drv_gpiote.o
    0x0001cfe8   0x000000d4   Code   RO         1978    i.nrf_drv_ppi_channel_alloc  nrf_drv_ppi.o
    0x0001d0bc   0x00000058   Code   RO         1979    i.nrf_drv_ppi_channel_assign  nrf_drv_ppi.o
    0x0001d114   0x00000040   Code   RO         1981    i.nrf_drv_ppi_channel_enable  nrf_drv_ppi.o
    0x0001d154   0x00000008   Code   RO         1983    i.nrf_drv_ppi_channel_to_mask  nrf_drv_ppi.o
    0x0001d15c   0x0000001c   Code   RO         1990    i.nrf_drv_ppi_init  nrf_drv_ppi.o
    0x0001d178   0x00000026   Code   RO         1433    i.nrf_gpio_cfg      nrf_drv_gpiote.o
    0x0001d19e   0x00000046   Code   RO         1435    i.nrf_gpio_cfg_sense_set  nrf_drv_gpiote.o
    0x0001d1e4   0x00000010   Code   RO         1436    i.nrf_gpio_pin_clear  nrf_drv_gpiote.o
    0x0001d1f4   0x00000010   Code   RO         1437    i.nrf_gpio_pin_set  nrf_drv_gpiote.o
    0x0001d204   0x0000000c   Code   RO         1438    i.nrf_gpiote_event_addr_get  nrf_drv_gpiote.o
    0x0001d210   0x00000010   Code   RO         1439    i.nrf_gpiote_event_clear  nrf_drv_gpiote.o
    0x0001d220   0x00000016   Code   RO         1440    i.nrf_gpiote_event_is_set  nrf_drv_gpiote.o
    0x0001d236   0x00000002   PAD
    0x0001d238   0x0000000c   Code   RO         1441    i.nrf_gpiote_int_enable  nrf_drv_gpiote.o
    0x0001d244   0x00000012   Code   RO           19    i.nus_data_handler  main.o
    0x0001d256   0x0000003a   Code   RO           20    i.on_adv_evt        main.o
    0x0001d290   0x0000004c   Code   RO           21    i.on_ble_evt        main.o
    0x0001d2dc   0x00000034   Code   RO           22    i.on_conn_params_evt  main.o
    0x0001d310   0x00000018   Code   RO          723    i.on_conn_params_update  ble_conn_params.o
    0x0001d328   0x0000003c   Code   RO          724    i.on_connect        ble_conn_params.o
    0x0001d364   0x00000006   Code   RO         1112    i.on_connect        ble_bas.o
    0x0001d36a   0x00000006   Code   RO         1203    i.on_connect        ble_hrs.o
    0x0001d370   0x00000006   Code   RO         1295    i.on_connect        ble_nus.o
    0x0001d376   0x00000006   Code   RO         2533    i.on_connect        ble_step.o
    0x0001d37c   0x00000044   Code   RO          725    i.on_disconnect     ble_conn_params.o
    0x0001d3c0   0x00000008   Code   RO         1113    i.on_disconnect     ble_bas.o
    0x0001d3c8   0x00000008   Code   RO         1204    i.on_disconnect     ble_hrs.o
    0x0001d3d0   0x00000008   Code   RO         1296    i.on_disconnect     ble_nus.o
    0x0001d3d8   0x00000008   Code   RO         2534    i.on_disconnect     ble_step.o
    0x0001d3e0   0x0000003e   Code   RO         1205    i.on_hrm_cccd_write  ble_hrs.o
    0x0001d41e   0x00000002   PAD
    0x0001d420   0x0000005c   Code   RO          726    i.on_write          ble_conn_params.o
    0x0001d47c   0x00000050   Code   RO         1114    i.on_write          ble_bas.o
    0x0001d4cc   0x0000001a   Code   RO         1206    i.on_write          ble_hrs.o
    0x0001d4e6   0x00000054   Code   RO         1297    i.on_write          ble_nus.o
    0x0001d53a   0x00000002   PAD
    0x0001d53c   0x00000070   Code   RO         2535    i.on_write          ble_step.o
    0x0001d5ac   0x0000001a   Code   RO          653    i.peer_address_exists  ble_advertising.o
    0x0001d5c6   0x00000002   PAD
    0x0001d5c8   0x0000005c   Code   RO          883    i.peer_instance_init  device_manager_peripheral.o
    0x0001d624   0x0000001c   Code   RO         1443    i.pin_in_use_by_gpiote  nrf_drv_gpiote.o
    0x0001d640   0x00000018   Code   RO         1444    i.pin_in_use_by_port  nrf_drv_gpiote.o
    0x0001d658   0x00000020   Code   RO         1445    i.pin_in_use_by_te  nrf_drv_gpiote.o
    0x0001d678   0x00000010   Code   RO         1446    i.pin_in_use_clear  nrf_drv_gpiote.o
    0x0001d688   0x00000020   Code   RO           23    i.power_manage      main.o
    0x0001d6a8   0x00000030   Code   RO         1668    i.pstorage_access_status_get  pstorage.o
    0x0001d6d8   0x000000a4   Code   RO         1669    i.pstorage_block_identifier_get  pstorage.o
    0x0001d77c   0x00000118   Code   RO         1670    i.pstorage_clear    pstorage.o
    0x0001d894   0x00000028   Code   RO         1671    i.pstorage_flash_page_end  pstorage.o
    0x0001d8bc   0x0000000a   Code   RO         1672    i.pstorage_flash_page_size  pstorage.o
    0x0001d8c6   0x00000002   PAD
    0x0001d8c8   0x00000088   Code   RO         1673    i.pstorage_init     pstorage.o
    0x0001d950   0x000000fc   Code   RO         1674    i.pstorage_load     pstorage.o
    0x0001da4c   0x00000120   Code   RO         1675    i.pstorage_register  pstorage.o
    0x0001db6c   0x000000e0   Code   RO         1676    i.pstorage_store    pstorage.o
    0x0001dc4c   0x0000004c   Code   RO         1677    i.pstorage_sys_event_handler  pstorage.o
    0x0001dc98   0x000000e0   Code   RO         1678    i.pstorage_update   pstorage.o
    0x0001dd78   0x000000a8   Code   RO         2536    i.read_char_add     ble_step.o
    0x0001de20   0x00000070   Code   RO         2604    i.rece_dispatch     comm.o
    0x0001de90   0x0000000c   Code   RO         2235    i.rtc1_compare0_set  app_timer.o
    0x0001de9c   0x0000000c   Code   RO         2236    i.rtc1_counter_get  app_timer.o
    0x0001dea8   0x00000018   Code   RO         2237    i.rtc1_init         app_timer.o
    0x0001dec0   0x0000003c   Code   RO         2238    i.rtc1_start        app_timer.o
    0x0001defc   0x00000058   Code   RO         2239    i.rtc1_stop         app_timer.o
    0x0001df54   0x00000124   Code   RO         1298    i.rx_char_add       ble_nus.o
    0x0001e078   0x00000036   Code   RO          542    i.sec_mgr_oob_flags_encode  ble_advdata.o
    0x0001e0ae   0x00000002   PAD
    0x0001e0b0   0x00000034   Code   RO           24    i.send_data_phone   main.o
    0x0001e0e4   0x0000003c   Code   RO         2605    i.send_shakehand    comm.o
    0x0001e120   0x0000009c   Code   RO           25    i.sensor_timeout_handler  main.o
    0x0001e1bc   0x00000096   Code   RO          543    i.service_data_encode  ble_advdata.o
    0x0001e252   0x00000002   PAD
    0x0001e254   0x00000274   Code   RO           26    i.services_init     main.o
    0x0001e4c8   0x0000005e   Code   RO           27    i.sleep_mode_enter  main.o
    0x0001e526   0x00000002   PAD
    0x0001e528   0x00000014   Code   RO         1679    i.sm_state_change   pstorage.o
    0x0001e53c   0x00000012   Code   RO         2467    i.softdevice_assertion_handler  softdevice_handler.o
    0x0001e54e   0x00000002   PAD
    0x0001e550   0x00000018   Code   RO         2468    i.softdevice_ble_evt_handler_set  softdevice_handler.o
    0x0001e568   0x00000068   Code   RO         2469    i.softdevice_handler_init  softdevice_handler.o
    0x0001e5d0   0x00000018   Code   RO         2472    i.softdevice_sys_evt_handler_set  softdevice_handler.o
    0x0001e5e8   0x00000010   Code   RO          544    i.srdata_check      ble_advdata.o
    0x0001e5f8   0x00000010   Code   RO         1680    i.state_data_erase_entry_run  pstorage.o
    0x0001e608   0x00000098   Code   RO         1681    i.state_data_erase_swap_entry_run  pstorage.o
    0x0001e6a0   0x0000003c   Code   RO         1682    i.state_entry_action_run  pstorage.o
    0x0001e6dc   0x00000010   Code   RO         1683    i.state_erase_data_page_entry_run  pstorage.o
    0x0001e6ec   0x0000001c   Code   RO         1684    i.state_idle_entry_run  pstorage.o
    0x0001e708   0x00000034   Code   RO         1685    i.state_restore_head_entry_run  pstorage.o
    0x0001e73c   0x00000054   Code   RO         1686    i.state_restore_tail_entry_run  pstorage.o
    0x0001e790   0x00000008   Code   RO         1687    i.state_store_entry_run  pstorage.o
    0x0001e798   0x00000026   Code   RO         1688    i.state_swap_erase_entry_run  pstorage.o
    0x0001e7be   0x00000002   PAD
    0x0001e7c0   0x00000034   Code   RO         1689    i.state_write_data_swap_entry_run  pstorage.o
    0x0001e7f4   0x000001c8   Code   RO         2537    i.step_count_char_add  ble_step.o
    0x0001e9bc   0x00000008   Code   RO          884    i.storage_operation_dummy_handler  device_manager_peripheral.o
    0x0001e9c4   0x00000064   Code   RO         1690    i.store_cmd_flash_write_execute  pstorage.o
    0x0001ea28   0x0000000a   Code   RO         1691    i.store_operation_execute  pstorage.o
    0x0001ea32   0x00000002   PAD
    0x0001ea34   0x0000004c   Code   RO         1692    i.store_sub_state_sm_run  pstorage.o
    0x0001ea80   0x00000020   Code   RO         1693    i.swap_erase_state_run  pstorage.o
    0x0001eaa0   0x00000008   Code   RO         1694    i.swap_sub_sm_exit_action_run  pstorage.o
    0x0001eaa8   0x00000018   Code   RO         1695    i.swap_sub_state_entry_action_run  pstorage.o
    0x0001eac0   0x00000020   Code   RO         1696    i.swap_sub_state_err_busy_process  pstorage.o
    0x0001eae0   0x00000018   Code   RO         1697    i.swap_sub_state_sm_run  pstorage.o
    0x0001eaf8   0x00000014   Code   RO         1698    i.swap_sub_state_state_change  pstorage.o
    0x0001eb0c   0x00000012   Code   RO           28    i.sys_evt_dispatch  main.o
    0x0001eb1e   0x00000002   PAD
    0x0001eb20   0x00000020   Code   RO         1699    i.tail_restore_state_run  pstorage.o
    0x0001eb40   0x00000058   Code   RO         1700    i.tail_word_size_calculate  pstorage.o
    0x0001eb98   0x0000000a   Code   RO         2240    i.ticks_diff_get    app_timer.o
    0x0001eba2   0x00000002   PAD
    0x0001eba4   0x00000040   Code   RO         2241    i.timeout_handler_exec  app_timer.o
    0x0001ebe4   0x00000058   Code   RO         2242    i.timer_list_handler  app_timer.o
    0x0001ec3c   0x0000000a   Code   RO         2243    i.timer_list_handler_sched  app_timer.o
    0x0001ec46   0x00000002   PAD
    0x0001ec48   0x0000006c   Code   RO         2244    i.timer_list_insert  app_timer.o
    0x0001ecb4   0x00000070   Code   RO         2245    i.timer_list_remove  app_timer.o
    0x0001ed24   0x00000058   Code   RO         2246    i.timer_start_op_schedule  app_timer.o
    0x0001ed7c   0x00000040   Code   RO         2248    i.timer_stop_op_schedule  app_timer.o
    0x0001edbc   0x00000094   Code   RO         2249    i.timer_timeouts_check  app_timer.o
    0x0001ee50   0x0000000a   Code   RO         2250    i.timer_timeouts_check_sched  app_timer.o
    0x0001ee5a   0x00000002   PAD
    0x0001ee5c   0x00000088   Code   RO           29    i.timers_init       main.o
    0x0001eee4   0x00000046   Code   RO          545    i.tk_value_encode   ble_advdata.o
    0x0001ef2a   0x000000de   Code   RO         1299    i.tx_char_add       ble_nus.o
    0x0001f008   0x00000036   Code   RO          546    i.tx_power_level_encode  ble_advdata.o
    0x0001f03e   0x00000012   Code   RO          547    i.uint16_encode     ble_advdata.o
    0x0001f050   0x00000012   Code   RO         1207    i.uint16_encode     ble_hrs.o
    0x0001f062   0x00000008   Code   RO         1701    i.update_operation_execute  pstorage.o
    0x0001f06a   0x00000002   PAD
    0x0001f06c   0x00000014   Code   RO          885    i.update_status_bit_reset  device_manager_peripheral.o
    0x0001f080   0x0000009c   Code   RO          727    i.update_timeout_handler  ble_conn_params.o
    0x0001f11c   0x00000022   Code   RO         2251    i.user_id_get       app_timer.o
    0x0001f13e   0x0000002e   Code   RO         2252    i.user_op_alloc     app_timer.o
    0x0001f16c   0x00000004   Code   RO         2253    i.user_op_enque     app_timer.o
    0x0001f170   0x00000044   Code   RO          548    i.uuid_list_encode  ble_advdata.o
    0x0001f1b4   0x000000d8   Code   RO          549    i.uuid_list_sized_encode  ble_advdata.o
    0x0001f28c   0x00000016   Code   RO          654    i.whitelist_has_entries  ble_advertising.o
    0x0001f2a2   0x00000002   PAD
    0x0001f2a4   0x00000010   Data   RO           32    .constdata          main.o
    0x0001f2b4   0x00000010   Data   RO          401    .constdata          bsp.o
    0x0001f2c4   0x00000004   Data   RO          729    .constdata          ble_conn_params.o
    0x0001f2c8   0x00000034   Data   RO          887    .constdata          device_manager_peripheral.o
    0x0001f2fc   0x00000010   Data   RO         1300    .constdata          ble_nus.o
    0x0001f30c   0x00000028   Data   RO         1703    .constdata          pstorage.o
    0x0001f334   0x00000010   Data   RO         2772    .constdata          segger_rtt_printf.o
    0x0001f344   0x00000009   Data   RO         2702    .conststring        segger_rtt.o
    0x0001f34d   0x00000003   PAD
    0x0001f350   0x00000020   Data   RO         2920    Region$$Table       anon$$obj.o


    Execution Region RW_IRAM1 (Base: 0x20002000, Size: 0x00001cb0, Max: 0x00002000, ABSOLUTE, COMPRESSED[0x00000048])

    Base Addr    Size         Type   Attr      Idx    E Section Name        Object

    0x20002000   0x00000035   Data   RW           33    .data               main.o
    0x20002035   0x00000003   PAD
    0x20002038   0x0000000d   Data   RW          402    .data               bsp.o
    0x20002045   0x00000003   PAD
    0x20002048   0x00000020   Data   RW          656    .data               ble_advertising.o
    0x20002068   0x00000015   Data   RW          730    .data               ble_conn_params.o
    0x2000207d   0x00000003   PAD
    0x20002080   0x00000014   Data   RW          888    .data               device_manager_peripheral.o
    0x20002094   0x00000028   Data   RW         1704    .data               pstorage.o
    0x200020bc   0x00000009   Data   RW         1994    .data               nrf_drv_ppi.o
    0x200020c5   0x00000003   PAD
    0x200020c8   0x00000022   Data   RW         2254    .data               app_timer.o
    0x200020ea   0x00000002   PAD
    0x200020ec   0x00000018   Data   RW         2473    .data               softdevice_handler.o
    0x20002104   0x0000001a   Data   RW         2538    .data               ble_step.o
    0x2000211e   0x00000005   Data   RW         2648    .data               eric_uart.o
    0x20002123   0x00000001   PAD
    0x20002124   0x00000078   Data   RW         2703    .data               segger_rtt.o
    0x2000219c   0x00000004   Data   RW         2817    .data               system_nrf51.o
    0x200021a0   0x00000004   Data   RW         2916    .data               mc_p.l(mvars.o)
    0x200021a4   0x00000004   Data   RW         2917    .data               mc_p.l(mvars.o)
    0x200021a8   0x000002ec   Zero   RW           31    .bss                main.o
    0x20002494   0x00000020   Zero   RW          400    .bss                bsp.o
    0x200024b4   0x00000103   Zero   RW          655    .bss                ble_advertising.o
    0x200025b7   0x00000001   PAD
    0x200025b8   0x0000003c   Zero   RW          728    .bss                ble_conn_params.o
    0x200025f4   0x0000014f   Zero   RW          886    .bss                device_manager_peripheral.o
    0x20002743   0x00000001   PAD
    0x20002744   0x00000048   Zero   RW         1447    .bss                nrf_drv_gpiote.o
    0x2000278c   0x000000e4   Zero   RW         1702    .bss                pstorage.o
    0x20002870   0x0000000a   Zero   RW         2606    .bss                comm.o
    0x2000287a   0x00000020   Zero   RW         2647    .bss                eric_uart.o
    0x2000289a   0x00000410   Zero   RW         2701    .bss                segger_rtt.o
    0x20002caa   0x00000006   PAD
    0x20002cb0   0x00000800   Zero   RW         2805    HEAP                arm_startup_nrf51.o
    0x200034b0   0x00000800   Zero   RW         2804    STACK               arm_startup_nrf51.o


==============================================================================

Image component sizes


      Code (inc. data)   RO Data    RW Data    ZI Data      Debug   Object Name

        56          8          0          0          0       7668   app_error.o
      2476        282          0         34          0      35115   app_timer.o
        56         18        192          0       4096        692   arm_startup_nrf51.o
      2102          4          0          0          0      22168   ble_advdata.o
      1480        144          0         32        259       7861   ble_advertising.o
       844         18          0          0          0       7747   ble_bas.o
       766        126          4         21         60      16892   ble_conn_params.o
       994         22          0          0          0      13723   ble_hrs.o
       902          8         16          0          0       7222   ble_nus.o
        62          0          0          0          0       1504   ble_srv_common.o
      1604         74          0         26          0      11037   ble_step.o
       314         36         16         13         32       8002   bsp.o
        30          0          0          0          0        641   bsp_btn_ble.o
       198         20          0          0         10       2735   comm.o
      4134        300         52         20        335      31681   device_manager_peripheral.o
       692         86          0          5         32       4036   eric_uart.o
      2832        216         16         53        748     117255   main.o
       176         18          0          0          0       8968   nrf_drv_common.o
      1776        150          0          0         72      27461   nrf_drv_gpiote.o
       586         38          0          9          0      19545   nrf_drv_ppi.o
      4308        438         40         40        228      44098   pstorage.o
       314          6          9        120       1040       2643   segger_rtt.o
      1172          4         16          0          0       6329   segger_rtt_printf.o
       414         58          0         24          0       6564   softdevice_handler.o
       220         26          0          4          0       1975   system_nrf51.o

    ----------------------------------------------------------------------
     28578       2100        396        416       6920     413562   Object Totals
         0          0         32          0          0          0   (incl. Generated)
        70          0          3         15          8          0   (incl. Padding)

    ----------------------------------------------------------------------

      Code (inc. data)   RO Data    RW Data    ZI Data      Debug   Library Member Name

        86          0          0          0          0          0   __dczerorl2.o
         0          0          0          0          0          0   entry.o
         0          0          0          0          0          0   entry10a.o
         0          0          0          0          0          0   entry11a.o
         8          4          0          0          0          0   entry2.o
         4          0          0          0          0          0   entry5.o
         0          0          0          0          0          0   entry7b.o
         0          0          0          0          0          0   entry8b.o
         8          4          0          0          0          0   entry9a.o
        30          0          0          0          0          0   handlers.o
        40          0          0          0          0         72   idiv.o
        36          8          0          0          0         68   init.o
       192         20          0          0          0        144   malloc.o
        26          0          0          0          0         72   memcmp.o
        64          0          0          0          0         68   memmovea.o
        36          0          0          0          0        100   memseta.o
         0          0          0          8          0          0   mvars.o
        44          0          0          0          0         72   uidiv.o

    ----------------------------------------------------------------------
       578         36          0          8          0        596   Library Totals
         4          0          0          0          0          0   (incl. Padding)

    ----------------------------------------------------------------------

      Code (inc. data)   RO Data    RW Data    ZI Data      Debug   Library Name

       574         36          0          8          0        596   mc_p.l

    ----------------------------------------------------------------------
       578         36          0          8          0        596   Library Totals

    ----------------------------------------------------------------------

==============================================================================


      Code (inc. data)   RO Data    RW Data    ZI Data      Debug   

     29156       2136        396        424       6920     401790   Grand Totals
     29156       2136        396         72       6920     401790   ELF Image Totals (compressed)
     29156       2136        396         72          0          0   ROM Totals

==============================================================================

    Total RO  Size (Code + RO Data)                29552 (  28.86kB)
    Total RW  Size (RW Data + ZI Data)              7344 (   7.17kB)
    Total ROM Size (Code + RO Data + RW Data)      29624 (  28.93kB)

==============================================================================

