Component: ARM Compiler 5.05 update 1 (build 106) Tool: armlink [4d0efa]

==============================================================================

Section Cross References

    main.o(i.advertising_init) refers to memseta.o(.text) for __aeabi_memclr4
    main.o(i.advertising_init) refers to ble_advertising.o(i.ble_advertising_init) for ble_advertising_init
    main.o(i.advertising_init) refers to app_error.o(i.app_error_handler) for app_error_handler
    main.o(i.advertising_init) refers to main.o(.data) for m_adv_uuids
    main.o(i.advertising_init) refers to main.o(i.on_adv_evt) for on_adv_evt
    main.o(i.application_timers_start) refers to app_timer.o(i.app_timer_start) for app_timer_start
    main.o(i.application_timers_start) refers to app_error.o(i.app_error_handler) for app_error_handler
    main.o(i.application_timers_start) refers to main.o(.constdata) for m_blinky_timer_id
    main.o(i.assert_nrf_callback) refers to app_error.o(i.app_error_handler) for app_error_handler
    main.o(i.ble_evt_dispatch) refers to device_manager_peripheral.o(i.dm_ble_evt_handler) for dm_ble_evt_handler
    main.o(i.ble_evt_dispatch) refers to ble_conn_params.o(i.ble_conn_params_on_ble_evt) for ble_conn_params_on_ble_evt
    main.o(i.ble_evt_dispatch) refers to ble_hrs.o(i.ble_hrs_on_ble_evt) for ble_hrs_on_ble_evt
    main.o(i.ble_evt_dispatch) refers to ble_bas.o(i.ble_bas_on_ble_evt) for ble_bas_on_ble_evt
    main.o(i.ble_evt_dispatch) refers to main.o(i.on_ble_evt) for on_ble_evt
    main.o(i.ble_evt_dispatch) refers to ble_advertising.o(i.ble_advertising_on_ble_evt) for ble_advertising_on_ble_evt
    main.o(i.ble_evt_dispatch) refers to ble_step.o(i.ble_step_on_ble_evt) for ble_step_on_ble_evt
    main.o(i.ble_evt_dispatch) refers to main.o(.bss) for m_hrs
    main.o(i.ble_stack_init) refers to softdevice_handler.o(i.softdevice_handler_init) for softdevice_handler_init
    main.o(i.ble_stack_init) refers to app_error.o(i.app_error_handler) for app_error_handler
    main.o(i.ble_stack_init) refers to softdevice_handler.o(i.softdevice_ble_evt_handler_set) for softdevice_ble_evt_handler_set
    main.o(i.ble_stack_init) refers to softdevice_handler.o(i.softdevice_sys_evt_handler_set) for softdevice_sys_evt_handler_set
    main.o(i.ble_stack_init) refers to main.o(.bss) for BLE_EVT_BUFFER
    main.o(i.ble_stack_init) refers to main.o(i.ble_evt_dispatch) for ble_evt_dispatch
    main.o(i.ble_stack_init) refers to main.o(i.sys_evt_dispatch) for sys_evt_dispatch
    main.o(i.blinky_timeout_handler) refers to main.o(.data) for flag
    main.o(i.bsp_event_handler) refers to main.o(i.sleep_mode_enter) for sleep_mode_enter
    main.o(i.bsp_event_handler) refers to app_error.o(i.app_error_handler) for app_error_handler
    main.o(i.bsp_event_handler) refers to ble_advertising.o(i.ble_advertising_restart_without_whitelist) for ble_advertising_restart_without_whitelist
    main.o(i.bsp_event_handler) refers to main.o(.data) for m_conn_handle
    main.o(i.buttons_leds_init) refers to bsp.o(i.bsp_init) for bsp_init
    main.o(i.buttons_leds_init) refers to app_error.o(i.app_error_handler) for app_error_handler
    main.o(i.buttons_leds_init) refers to bsp_btn_ble.o(i.bsp_btn_ble_init) for bsp_btn_ble_init
    main.o(i.buttons_leds_init) refers to main.o(i.bsp_event_handler) for bsp_event_handler
    main.o(i.conn_params_error_handler) refers to app_error.o(i.app_error_handler) for app_error_handler
    main.o(i.conn_params_init) refers to memseta.o(.text) for __aeabi_memclr4
    main.o(i.conn_params_init) refers to ble_conn_params.o(i.ble_conn_params_init) for ble_conn_params_init
    main.o(i.conn_params_init) refers to app_error.o(i.app_error_handler) for app_error_handler
    main.o(i.conn_params_init) refers to main.o(.bss) for m_hrs
    main.o(i.conn_params_init) refers to main.o(i.on_conn_params_evt) for on_conn_params_evt
    main.o(i.conn_params_init) refers to main.o(i.conn_params_error_handler) for conn_params_error_handler
    main.o(i.device_manager_evt_handler) refers to app_error.o(i.app_error_handler) for app_error_handler
    main.o(i.device_manager_init) refers to pstorage.o(i.pstorage_init) for pstorage_init
    main.o(i.device_manager_init) refers to app_error.o(i.app_error_handler) for app_error_handler
    main.o(i.device_manager_init) refers to device_manager_peripheral.o(i.dm_init) for dm_init
    main.o(i.device_manager_init) refers to memseta.o(.text) for __aeabi_memclr
    main.o(i.device_manager_init) refers to device_manager_peripheral.o(i.dm_register) for dm_register
    main.o(i.device_manager_init) refers to main.o(i.device_manager_evt_handler) for device_manager_evt_handler
    main.o(i.device_manager_init) refers to main.o(.data) for m_app_handle
    main.o(i.gap_params_init) refers to app_error.o(i.app_error_handler) for app_error_handler
    main.o(i.get_mac_addr) refers to malloc.o(i.malloc) for malloc
[...]
    i.nrf_drv_gpiote_out_task_enable         0x0001ce5c   Section        0  nrf_drv_gpiote.o(i.nrf_drv_gpiote_out_task_enable)
    i.nrf_drv_ppi_channel_alloc              0x0001cea8   Section        0  nrf_drv_ppi.o(i.nrf_drv_ppi_channel_alloc)
    i.nrf_drv_ppi_channel_assign             0x0001cf7c   Section        0  nrf_drv_ppi.o(i.nrf_drv_ppi_channel_assign)
    i.nrf_drv_ppi_channel_enable             0x0001cfd4   Section        0  nrf_drv_ppi.o(i.nrf_drv_ppi_channel_enable)
    i.nrf_drv_ppi_channel_to_mask            0x0001d014   Section        0  nrf_drv_ppi.o(i.nrf_drv_ppi_channel_to_mask)
    nrf_drv_ppi_channel_to_mask              0x0001d015   Thumb Code     8  nrf_drv_ppi.o(i.nrf_drv_ppi_channel_to_mask)
    i.nrf_drv_ppi_init                       0x0001d01c   Section        0  nrf_drv_ppi.o(i.nrf_drv_ppi_init)
    i.nrf_gpio_cfg                           0x0001d038   Section        0  nrf_drv_gpiote.o(i.nrf_gpio_cfg)
    nrf_gpio_cfg                             0x0001d039   Thumb Code    38  nrf_drv_gpiote.o(i.nrf_gpio_cfg)
    i.nrf_gpio_cfg_sense_set                 0x0001d05e   Section        0  nrf_drv_gpiote.o(i.nrf_gpio_cfg_sense_set)
    nrf_gpio_cfg_sense_set                   0x0001d05f   Thumb Code    70  nrf_drv_gpiote.o(i.nrf_gpio_cfg_sense_set)
    i.nrf_gpio_pin_clear                     0x0001d0a4   Section        0  nrf_drv_gpiote.o(i.nrf_gpio_pin_clear)
    nrf_gpio_pin_clear                       0x0001d0a5   Thumb Code    10  nrf_drv_gpiote.o(i.nrf_gpio_pin_clear)
    i.nrf_gpio_pin_set                       0x0001d0b4   Section        0  nrf_drv_gpiote.o(i.nrf_gpio_pin_set)
    nrf_gpio_pin_set                         0x0001d0b5   Thumb Code    10  nrf_drv_gpiote.o(i.nrf_gpio_pin_set)
    i.nrf_gpiote_event_addr_get              0x0001d0c4   Section        0  nrf_drv_gpiote.o(i.nrf_gpiote_event_addr_get)
    nrf_gpiote_event_addr_get                0x0001d0c5   Thumb Code     8  nrf_drv_gpiote.o(i.nrf_gpiote_event_addr_get)
    i.nrf_gpiote_event_clear                 0x0001d0d0   Section        0  nrf_drv_gpiote.o(i.nrf_gpiote_event_clear)
    nrf_gpiote_event_clear                   0x0001d0d1   Thumb Code    16  nrf_drv_gpiote.o(i.nrf_gpiote_event_clear)
    i.nrf_gpiote_event_is_set                0x0001d0e0   Section        0  nrf_drv_gpiote.o(i.nrf_gpiote_event_is_set)
    nrf_gpiote_event_is_set                  0x0001d0e1   Thumb Code    22  nrf_drv_gpiote.o(i.nrf_gpiote_event_is_set)
    i.nrf_gpiote_int_enable                  0x0001d0f8   Section        0  nrf_drv_gpiote.o(i.nrf_gpiote_int_enable)
    nrf_gpiote_int_enable                    0x0001d0f9   Thumb Code     6  nrf_drv_gpiote.o(i.nrf_gpiote_int_enable)
    i.on_adv_evt                             0x0001d104   Section        0  main.o(i.on_adv_evt)
    on_adv_evt                               0x0001d105   Thumb Code    58  main.o(i.on_adv_evt)
    i.on_ble_evt                             0x0001d140   Section        0  main.o(i.on_ble_evt)
    on_ble_evt                               0x0001d141   Thumb Code    72  main.o(i.on_ble_evt)
    i.on_conn_params_evt                     0x0001d18c   Section        0  main.o(i.on_conn_params_evt)
    on_conn_params_evt                       0x0001d18d   Thumb Code    46  main.o(i.on_conn_params_evt)
    i.on_conn_params_update                  0x0001d1c0   Section        0  ble_conn_params.o(i.on_conn_params_update)
    on_conn_params_update                    0x0001d1c1   Thumb Code    20  ble_conn_params.o(i.on_conn_params_update)
    i.on_connect                             0x0001d1d8   Section        0  ble_conn_params.o(i.on_connect)
    on_connect                               0x0001d1d9   Thumb Code    42  ble_conn_params.o(i.on_connect)
    i.on_connect                             0x0001d214   Section        0  ble_bas.o(i.on_connect)
    on_connect                               0x0001d215   Thumb Code     6  ble_bas.o(i.on_connect)
    i.on_connect                             0x0001d21a   Section        0  ble_hrs.o(i.on_connect)
    on_connect                               0x0001d21b   Thumb Code     6  ble_hrs.o(i.on_connect)
    i.on_connect                             0x0001d220   Section        0  ble_step.o(i.on_connect)
    on_connect                               0x0001d221   Thumb Code     6  ble_step.o(i.on_connect)
    i.on_disconnect                          0x0001d228   Section        0  ble_conn_params.o(i.on_disconnect)
    on_disconnect                            0x0001d229   Thumb Code    50  ble_conn_params.o(i.on_disconnect)
    i.on_disconnect                          0x0001d26c   Section        0  ble_bas.o(i.on_disconnect)
    on_disconnect                            0x0001d26d   Thumb Code     8  ble_bas.o(i.on_disconnect)
    i.on_disconnect                          0x0001d274   Section        0  ble_hrs.o(i.on_disconnect)
    on_disconnect                            0x0001d275   Thumb Code     8  ble_hrs.o(i.on_disconnect)
    i.on_disconnect                          0x0001d27c   Section        0  ble_step.o(i.on_disconnect)
    on_disconnect                            0x0001d27d   Thumb Code     8  ble_step.o(i.on_disconnect)
    i.on_hrm_cccd_write                      0x0001d284   Section        0  ble_hrs.o(i.on_hrm_cccd_write)
    on_hrm_cccd_write                        0x0001d285   Thumb Code    62  ble_hrs.o(i.on_hrm_cccd_write)
    i.on_write                               0x0001d2c4   Section        0  ble_conn_params.o(i.on_write)
    on_write                                 0x0001d2c5   Thumb Code    84  ble_conn_params.o(i.on_write)
    i.on_write                               0x0001d320   Section        0  ble_bas.o(i.on_write)
    on_write                                 0x0001d321   Thumb Code    80  ble_bas.o(i.on_write)
    i.on_write                               0x0001d370   Section        0  ble_hrs.o(i.on_write)
    on_write                                 0x0001d371   Thumb Code    26  ble_hrs.o(i.on_write)
    i.on_write                               0x0001d38c   Section        0  ble_step.o(i.on_write)
    on_write                                 0x0001d38d   Thumb Code    90  ble_step.o(i.on_write)
    i.peer_address_exists                    0x0001d3fc   Section        0  ble_advertising.o(i.peer_address_exists)
    peer_address_exists                      0x0001d3fd   Thumb Code    26  ble_advertising.o(i.peer_address_exists)
    i.peer_instance_init                     0x0001d418   Section        0  device_manager_peripheral.o(i.peer_instance_init)
    peer_instance_init                       0x0001d419   Thumb Code    84  device_manager_peripheral.o(i.peer_instance_init)
    i.pin_in_use_by_gpiote                   0x0001d474   Section        0  nrf_drv_gpiote.o(i.pin_in_use_by_gpiote)
    pin_in_use_by_gpiote                     0x0001d475   Thumb Code    22  nrf_drv_gpiote.o(i.pin_in_use_by_gpiote)
    i.pin_in_use_by_port                     0x0001d490   Section        0  nrf_drv_gpiote.o(i.pin_in_use_by_port)
    pin_in_use_by_port                       0x0001d491   Thumb Code    18  nrf_drv_gpiote.o(i.pin_in_use_by_port)
    i.pin_in_use_by_te                       0x0001d4a8   Section        0  nrf_drv_gpiote.o(i.pin_in_use_by_te)
    pin_in_use_by_te                         0x0001d4a9   Thumb Code    26  nrf_drv_gpiote.o(i.pin_in_use_by_te)
    i.pin_in_use_clear                       0x0001d4c8   Section        0  nrf_drv_gpiote.o(i.pin_in_use_clear)
    pin_in_use_clear                         0x0001d4c9   Thumb Code    10  nrf_drv_gpiote.o(i.pin_in_use_clear)
    i.pnp_id_encode                          0x0001d4d8   Section        0  ble_dis.o(i.pnp_id_encode)
    pnp_id_encode                            0x0001d4d9   Thumb Code   158  ble_dis.o(i.pnp_id_encode)
    i.power_manage                           0x0001d576   Section        0  main.o(i.power_manage)
    power_manage                             0x0001d577   Thumb Code    32  main.o(i.power_manage)
    i.pstorage_access_status_get             0x0001d598   Section        0  pstorage.o(i.pstorage_access_status_get)
    i.pstorage_block_identifier_get          0x0001d5c8   Section        0  pstorage.o(i.pstorage_block_identifier_get)
    i.pstorage_clear                         0x0001d66c   Section        0  pstorage.o(i.pstorage_clear)
    i.pstorage_flash_page_end                0x0001d784   Section        0  pstorage.o(i.pstorage_flash_page_end)
    pstorage_flash_page_end                  0x0001d785   Thumb Code    36  pstorage.o(i.pstorage_flash_page_end)
    i.pstorage_flash_page_size               0x0001d7ac   Section        0  pstorage.o(i.pstorage_flash_page_size)
    pstorage_flash_page_size                 0x0001d7ad   Thumb Code    10  pstorage.o(i.pstorage_flash_page_size)
    i.pstorage_init                          0x0001d7b8   Section        0  pstorage.o(i.pstorage_init)
    i.pstorage_load                          0x0001d840   Section        0  pstorage.o(i.pstorage_load)
    i.pstorage_register                      0x0001d93c   Section        0  pstorage.o(i.pstorage_register)
    i.pstorage_store                         0x0001da5c   Section        0  pstorage.o(i.pstorage_store)
    i.pstorage_sys_event_handler             0x0001db3c   Section        0  pstorage.o(i.pstorage_sys_event_handler)
    i.pstorage_update                        0x0001db88   Section        0  pstorage.o(i.pstorage_update)
    i.read_char_add                          0x0001dc68   Section        0  ble_step.o(i.read_char_add)
    read_char_add                            0x0001dc69   Thumb Code   168  ble_step.o(i.read_char_add)
    i.rtc1_compare0_set                      0x0001dd10   Section        0  app_timer.o(i.rtc1_compare0_set)
    rtc1_compare0_set                        0x0001dd11   Thumb Code     6  app_timer.o(i.rtc1_compare0_set)
    i.rtc1_counter_get                       0x0001dd1c   Section        0  app_timer.o(i.rtc1_counter_get)
    rtc1_counter_get                         0x0001dd1d   Thumb Code     6  app_timer.o(i.rtc1_counter_get)
    i.rtc1_init                              0x0001dd28   Section        0  app_timer.o(i.rtc1_init)
    rtc1_init                                0x0001dd29   Thumb Code    18  app_timer.o(i.rtc1_init)
    i.rtc1_start                             0x0001dd40   Section        0  app_timer.o(i.rtc1_start)
    rtc1_start                               0x0001dd41   Thumb Code    48  app_timer.o(i.rtc1_start)
    i.rtc1_stop                              0x0001dd7c   Section        0  app_timer.o(i.rtc1_stop)
    rtc1_stop                                0x0001dd7d   Thumb Code    66  app_timer.o(i.rtc1_stop)
    i.sec_mgr_oob_flags_encode               0x0001ddd4   Section        0  ble_advdata.o(i.sec_mgr_oob_flags_encode)
    sec_mgr_oob_flags_encode                 0x0001ddd5   Thumb Code    54  ble_advdata.o(i.sec_mgr_oob_flags_encode)
    i.sensor_timeout_handler                 0x0001de0c   Section        0  main.o(i.sensor_timeout_handler)
    sensor_timeout_handler                   0x0001de0d   Thumb Code   168  main.o(i.sensor_timeout_handler)
    i.service_data_encode                    0x0001ded4   Section        0  ble_advdata.o(i.service_data_encode)
    service_data_encode                      0x0001ded5   Thumb Code   150  ble_advdata.o(i.service_data_encode)
    i.services_init                          0x0001df6c   Section        0  main.o(i.services_init)
    services_init                            0x0001df6d   Thumb Code   670  main.o(i.services_init)
    i.sleep_mode_enter                       0x0001e21c   Section        0  main.o(i.sleep_mode_enter)
    sleep_mode_enter                         0x0001e21d   Thumb Code    94  main.o(i.sleep_mode_enter)
    i.sm_state_change                        0x0001e27c   Section        0  pstorage.o(i.sm_state_change)
    sm_state_change                          0x0001e27d   Thumb Code    14  pstorage.o(i.sm_state_change)
    i.softdevice_assertion_handler           0x0001e290   Section        0  softdevice_handler.o(i.softdevice_assertion_handler)
    i.softdevice_ble_evt_handler_set         0x0001e2a4   Section        0  softdevice_handler.o(i.softdevice_ble_evt_handler_set)
    i.softdevice_handler_init                0x0001e2bc   Section        0  softdevice_handler.o(i.softdevice_handler_init)
    i.softdevice_sys_evt_handler_set         0x0001e324   Section        0  softdevice_handler.o(i.softdevice_sys_evt_handler_set)
    i.srdata_check                           0x0001e33c   Section        0  ble_advdata.o(i.srdata_check)
    srdata_check                             0x0001e33d   Thumb Code    16  ble_advdata.o(i.srdata_check)
    i.state_data_erase_entry_run             0x0001e34c   Section        0  pstorage.o(i.state_data_erase_entry_run)
    state_data_erase_entry_run               0x0001e34d   Thumb Code    12  pstorage.o(i.state_data_erase_entry_run)
    i.state_data_erase_swap_entry_run        0x0001e35c   Section        0  pstorage.o(i.state_data_erase_swap_entry_run)
    state_data_erase_swap_entry_run          0x0001e35d   Thumb Code   136  pstorage.o(i.state_data_erase_swap_entry_run)
    i.state_entry_action_run                 0x0001e3f4   Section        0  pstorage.o(i.state_entry_action_run)
    state_entry_action_run                   0x0001e3f5   Thumb Code    54  pstorage.o(i.state_entry_action_run)
    i.state_erase_data_page_entry_run        0x0001e430   Section        0  pstorage.o(i.state_erase_data_page_entry_run)
    state_erase_data_page_entry_run          0x0001e431   Thumb Code    12  pstorage.o(i.state_erase_data_page_entry_run)
    i.state_idle_entry_run                   0x0001e440   Section        0  pstorage.o(i.state_idle_entry_run)
    state_idle_entry_run                     0x0001e441   Thumb Code    18  pstorage.o(i.state_idle_entry_run)
    i.state_restore_head_entry_run           0x0001e45c   Section        0  pstorage.o(i.state_restore_head_entry_run)
    state_restore_head_entry_run             0x0001e45d   Thumb Code    44  pstorage.o(i.state_restore_head_entry_run)
    i.state_restore_tail_entry_run           0x0001e490   Section        0  pstorage.o(i.state_restore_tail_entry_run)
    state_restore_tail_entry_run             0x0001e491   Thumb Code    76  pstorage.o(i.state_restore_tail_entry_run)
    i.state_store_entry_run                  0x0001e4e4   Section        0  pstorage.o(i.state_store_entry_run)
    state_store_entry_run                    0x0001e4e5   Thumb Code     8  pstorage.o(i.state_store_entry_run)
    i.state_swap_erase_entry_run             0x0001e4ec   Section        0  pstorage.o(i.state_swap_erase_entry_run)
    state_swap_erase_entry_run               0x0001e4ed   Thumb Code    38  pstorage.o(i.state_swap_erase_entry_run)
    i.state_write_data_swap_entry_run        0x0001e514   Section        0  pstorage.o(i.state_write_data_swap_entry_run)
    state_write_data_swap_entry_run          0x0001e515   Thumb Code    46  pstorage.o(i.state_write_data_swap_entry_run)
    i.step_count_char_add                    0x0001e548   Section        0  ble_step.o(i.step_count_char_add)
    step_count_char_add                      0x0001e549   Thumb Code   448  ble_step.o(i.step_count_char_add)
    i.storage_operation_dummy_handler        0x0001e710   Section        0  device_manager_peripheral.o(i.storage_operation_dummy_handler)
    storage_operation_dummy_handler          0x0001e711   Thumb Code     8  device_manager_peripheral.o(i.storage_operation_dummy_handler)
    i.store_cmd_flash_write_execute          0x0001e718   Section        0  pstorage.o(i.store_cmd_flash_write_execute)
    store_cmd_flash_write_execute            0x0001e719   Thumb Code    92  pstorage.o(i.store_cmd_flash_write_execute)
    i.store_operation_execute                0x0001e77c   Section        0  pstorage.o(i.store_operation_execute)
    store_operation_execute                  0x0001e77d   Thumb Code    10  pstorage.o(i.store_operation_execute)
    i.store_sub_state_sm_run                 0x0001e788   Section        0  pstorage.o(i.store_sub_state_sm_run)
    store_sub_state_sm_run                   0x0001e789   Thumb Code    62  pstorage.o(i.store_sub_state_sm_run)
    i.swap_erase_state_run                   0x0001e7d4   Section        0  pstorage.o(i.swap_erase_state_run)
    swap_erase_state_run                     0x0001e7d5   Thumb Code    28  pstorage.o(i.swap_erase_state_run)
    i.swap_sub_sm_exit_action_run            0x0001e7f4   Section        0  pstorage.o(i.swap_sub_sm_exit_action_run)
    swap_sub_sm_exit_action_run              0x0001e7f5   Thumb Code     8  pstorage.o(i.swap_sub_sm_exit_action_run)
    i.swap_sub_state_entry_action_run        0x0001e7fc   Section        0  pstorage.o(i.swap_sub_state_entry_action_run)
    swap_sub_state_entry_action_run          0x0001e7fd   Thumb Code    16  pstorage.o(i.swap_sub_state_entry_action_run)
    i.swap_sub_state_err_busy_process        0x0001e814   Section        0  pstorage.o(i.swap_sub_state_err_busy_process)
    swap_sub_state_err_busy_process          0x0001e815   Thumb Code    24  pstorage.o(i.swap_sub_state_err_busy_process)
    i.swap_sub_state_sm_run                  0x0001e834   Section        0  pstorage.o(i.swap_sub_state_sm_run)
    swap_sub_state_sm_run                    0x0001e835   Thumb Code    16  pstorage.o(i.swap_sub_state_sm_run)
    i.swap_sub_state_state_change            0x0001e84c   Section        0  pstorage.o(i.swap_sub_state_state_change)
    swap_sub_state_state_change              0x0001e84d   Thumb Code    14  pstorage.o(i.swap_sub_state_state_change)
    i.sys_evt_dispatch                       0x0001e860   Section        0  main.o(i.sys_evt_dispatch)
    sys_evt_dispatch                         0x0001e861   Thumb Code    18  main.o(i.sys_evt_dispatch)
    i.sys_id_encode                          0x0001e872   Section        0  ble_dis.o(i.sys_id_encode)
    sys_id_encode                            0x0001e873   Thumb Code   164  ble_dis.o(i.sys_id_encode)
    i.tail_restore_state_run                 0x0001e918   Section        0  pstorage.o(i.tail_restore_state_run)
    tail_restore_state_run                   0x0001e919   Thumb Code    26  pstorage.o(i.tail_restore_state_run)
    i.tail_word_size_calculate               0x0001e938   Section        0  pstorage.o(i.tail_word_size_calculate)
    tail_word_size_calculate                 0x0001e939   Thumb Code    84  pstorage.o(i.tail_word_size_calculate)
    i.ticks_diff_get                         0x0001e990   Section        0  app_timer.o(i.ticks_diff_get)
    ticks_diff_get                           0x0001e991   Thumb Code    10  app_timer.o(i.ticks_diff_get)
    i.timeout_handler_exec                   0x0001e99c   Section        0  app_timer.o(i.timeout_handler_exec)
    timeout_handler_exec                     0x0001e99d   Thumb Code    58  app_timer.o(i.timeout_handler_exec)
    i.timer_list_handler                     0x0001e9dc   Section        0  app_timer.o(i.timer_list_handler)
    timer_list_handler                       0x0001e9dd   Thumb Code    74  app_timer.o(i.timer_list_handler)
    i.timer_list_handler_sched               0x0001ea34   Section        0  app_timer.o(i.timer_list_handler_sched)
    timer_list_handler_sched                 0x0001ea35   Thumb Code    10  app_timer.o(i.timer_list_handler_sched)
    i.timer_list_insert                      0x0001ea40   Section        0  app_timer.o(i.timer_list_insert)
    timer_list_insert                        0x0001ea41   Thumb Code   104  app_timer.o(i.timer_list_insert)
    i.timer_list_remove                      0x0001eaac   Section        0  app_timer.o(i.timer_list_remove)
    timer_list_remove                        0x0001eaad   Thumb Code    96  app_timer.o(i.timer_list_remove)
    i.timer_start_op_schedule                0x0001eb1c   Section        0  app_timer.o(i.timer_start_op_schedule)
    timer_start_op_schedule                  0x0001eb1d   Thumb Code    82  app_timer.o(i.timer_start_op_schedule)
    i.timer_stop_op_schedule                 0x0001eb74   Section        0  app_timer.o(i.timer_stop_op_schedule)
    timer_stop_op_schedule                   0x0001eb75   Thumb Code    60  app_timer.o(i.timer_stop_op_schedule)
    i.timer_timeouts_check                   0x0001ebb4   Section        0  app_timer.o(i.timer_timeouts_check)
    timer_timeouts_check                     0x0001ebb5   Thumb Code   128  app_timer.o(i.timer_timeouts_check)
    i.timer_timeouts_check_sched             0x0001ec48   Section        0  app_timer.o(i.timer_timeouts_check_sched)
    timer_timeouts_check_sched               0x0001ec49   Thumb Code    10  app_timer.o(i.timer_timeouts_check_sched)
    i.timers_init                            0x0001ec54   Section        0  main.o(i.timers_init)
    timers_init                              0x0001ec55   Thumb Code   114  main.o(i.timers_init)
    i.tk_value_encode                        0x0001ecdc   Section        0  ble_advdata.o(i.tk_value_encode)
    tk_value_encode                          0x0001ecdd   Thumb Code    70  ble_advdata.o(i.tk_value_encode)
    i.tx_power_level_encode                  0x0001ed22   Section        0  ble_advdata.o(i.tx_power_level_encode)
    tx_power_level_encode                    0x0001ed23   Thumb Code    54  ble_advdata.o(i.tx_power_level_encode)
    i.uint16_encode                          0x0001ed58   Section        0  ble_advdata.o(i.uint16_encode)
    uint16_encode                            0x0001ed59   Thumb Code    18  ble_advdata.o(i.uint16_encode)
    i.uint16_encode                          0x0001ed6a   Section        0  ble_dis.o(i.uint16_encode)
    uint16_encode                            0x0001ed6b   Thumb Code    18  ble_dis.o(i.uint16_encode)
    i.uint16_encode                          0x0001ed7c   Section        0  ble_hrs.o(i.uint16_encode)
    uint16_encode                            0x0001ed7d   Thumb Code    18  ble_hrs.o(i.uint16_encode)
    i.update_operation_execute               0x0001ed8e   Section        0  pstorage.o(i.update_operation_execute)
    update_operation_execute                 0x0001ed8f   Thumb Code     8  pstorage.o(i.update_operation_execute)
    i.update_status_bit_reset                0x0001ed98   Section        0  device_manager_peripheral.o(i.update_status_bit_reset)
    update_status_bit_reset                  0x0001ed99   Thumb Code    16  device_manager_peripheral.o(i.update_status_bit_reset)
    i.update_timeout_handler                 0x0001edac   Section        0  ble_conn_params.o(i.update_timeout_handler)
    update_timeout_handler                   0x0001edad   Thumb Code   136  ble_conn_params.o(i.update_timeout_handler)
    i.user_id_get                            0x0001ee48   Section        0  app_timer.o(i.user_id_get)
    user_id_get                              0x0001ee49   Thumb Code    34  app_timer.o(i.user_id_get)
    i.user_op_alloc                          0x0001ee6a   Section        0  app_timer.o(i.user_op_alloc)
    user_op_alloc                            0x0001ee6b   Thumb Code    46  app_timer.o(i.user_op_alloc)
    i.user_op_enque                          0x0001ee98   Section        0  app_timer.o(i.user_op_enque)
    user_op_enque                            0x0001ee99   Thumb Code     4  app_timer.o(i.user_op_enque)
    i.uuid_list_encode                       0x0001ee9c   Section        0  ble_advdata.o(i.uuid_list_encode)
    uuid_list_encode                         0x0001ee9d   Thumb Code    68  ble_advdata.o(i.uuid_list_encode)
    i.uuid_list_sized_encode                 0x0001eee0   Section        0  ble_advdata.o(i.uuid_list_sized_encode)
    uuid_list_sized_encode                   0x0001eee1   Thumb Code   216  ble_advdata.o(i.uuid_list_sized_encode)
    i.whitelist_has_entries                  0x0001efb8   Section        0  ble_advertising.o(i.whitelist_has_entries)
    whitelist_has_entries                    0x0001efb9   Thumb Code    22  ble_advertising.o(i.whitelist_has_entries)
    .constdata                               0x0001efd0   Section       16  main.o(.constdata)
    m_blinky_timer_id                        0x0001efd0   Data           4  main.o(.constdata)
    m_sensor_timer_id                        0x0001efd4   Data           4  main.o(.constdata)
    .constdata                               0x0001efe0   Section       16  bsp.o(.constdata)
    m_button_timer_id                        0x0001efe0   Data           4  bsp.o(.constdata)
    m_buttons_list                           0x0001efe4   Data           4  bsp.o(.constdata)
    app_buttons                              0x0001efe8   Data           8  bsp.o(.constdata)
    .constdata                               0x0001eff0   Section        4  ble_conn_params.o(.constdata)
    m_conn_params_timer_id                   0x0001eff0   Data           4  ble_conn_params.o(.constdata)
    .constdata                               0x0001eff4   Section       52  device_manager_peripheral.o(.constdata)
    .constdata                               0x0001f028   Section       40  pstorage.o(.constdata)
    swap_sub_state_sm_lut                    0x0001f028   Data          20  pstorage.o(.constdata)
    swap_sub_state_sm_lut                    0x0001f03c   Data          20  pstorage.o(.constdata)
    .constdata                               0x0001f050   Section       16  segger_rtt_printf.o(.constdata)
    _aV2C                                    0x0001f050   Data          16  segger_rtt_printf.o(.constdata)
    .conststring                             0x0001f060   Section        9  segger_rtt.o(.conststring)
    .data                                    0x20002000   Section       45  main.o(.data)
    m_app_handle                             0x20002000   Data           1  main.o(.data)
    m_conn_handle                            0x20002002   Data           2  main.o(.data)
    m_addl_adv_manuf_data                    0x20002004   Data           6  main.o(.data)
    m_adv_uuids                              0x2000200a   Data          16  main.o(.data)
    heart_rate                               0x2000201a   Data           2  main.o(.data)
    batt_rate                                0x2000201c   Data           2  main.o(.data)
    step_count                               0x2000201e   Data           7  main.o(.data)
    temp                                     0x20002028   Data           4  main.o(.data)
    flag                                     0x2000202c   Data           1  main.o(.data)
    .data                                    0x20002030   Section       13  bsp.o(.data)
    m_app_ticks_per_100ms                    0x20002030   Data           4  bsp.o(.data)
    m_registered_callback                    0x20002034   Data           4  bsp.o(.data)
    m_events_list                            0x20002038   Data           3  bsp.o(.data)
    current_long_push_pin_no                 0x2000203b   Data           1  bsp.o(.data)
    release_event_at_push                    0x2000203c   Data           1  bsp.o(.data)
    .data                                    0x20002040   Section       32  ble_advertising.o(.data)
    m_advertising_start_pending              0x20002040   Data           1  ble_advertising.o(.data)
    m_peer_address                           0x20002041   Data           7  ble_advertising.o(.data)
    m_adv_evt                                0x20002048   Data           1  ble_advertising.o(.data)
    m_evt_handler                            0x2000204c   Data           4  ble_advertising.o(.data)
    m_error_handler                          0x20002050   Data           4  ble_advertising.o(.data)
    m_adv_mode_current                       0x20002054   Data           1  ble_advertising.o(.data)
    m_whitelist_temporarily_disabled         0x20002055   Data           1  ble_advertising.o(.data)
    m_whitelist_reply_expected               0x20002056   Data           1  ble_advertising.o(.data)
    m_peer_addr_reply_expected               0x20002057   Data           1  ble_advertising.o(.data)
    m_slave_conn_int                         0x20002058   Data           4  ble_advertising.o(.data)
    m_tx_power_level                         0x2000205c   Data           1  ble_advertising.o(.data)
    current_slave_link_conn_handle           0x2000205e   Data           2  ble_advertising.o(.data)
    .data                                    0x20002060   Section       21  ble_conn_params.o(.data)
    m_preferred_conn_params                  0x20002060   Data           8  ble_conn_params.o(.data)
    m_update_count                           0x20002068   Data           1  ble_conn_params.o(.data)
    m_conn_handle                            0x2000206a   Data           2  ble_conn_params.o(.data)
    m_current_conn_params                    0x2000206c   Data           8  ble_conn_params.o(.data)
    m_change_param                           0x20002074   Data           1  ble_conn_params.o(.data)
    .data                                    0x20002078   Section       20  device_manager_peripheral.o(.data)
    m_storage_handle                         0x20002078   Data           8  device_manager_peripheral.o(.data)
    m_peer_addr_update                       0x20002080   Data           4  device_manager_peripheral.o(.data)
    m_module_initialized                     0x20002084   Data           1  device_manager_peripheral.o(.data)
    m_irk_index_table                        0x20002085   Data           7  device_manager_peripheral.o(.data)
    .data                                    0x2000208c   Section       74  ble_dis.o(.data)
    service_handle                           0x2000208c   Data           2  ble_dis.o(.data)
    manufact_name_handles                    0x2000208e   Data           8  ble_dis.o(.data)
    model_num_handles                        0x20002096   Data           8  ble_dis.o(.data)
    serial_num_handles                       0x2000209e   Data           8  ble_dis.o(.data)
    hw_rev_handles                           0x200020a6   Data           8  ble_dis.o(.data)
    fw_rev_handles                           0x200020ae   Data           8  ble_dis.o(.data)
    sw_rev_handles                           0x200020b6   Data           8  ble_dis.o(.data)
    sys_id_handles                           0x200020be   Data           8  ble_dis.o(.data)
    reg_cert_data_list_handles               0x200020c6   Data           8  ble_dis.o(.data)
    pnp_id_handles                           0x200020ce   Data           8  ble_dis.o(.data)
    .data                                    0x200020d8   Section       40  pstorage.o(.data)
    m_next_app_instance                      0x200020d8   Data           2  pstorage.o(.data)
    m_next_page_addr                         0x200020dc   Data           4  pstorage.o(.data)
    m_state                                  0x200020e0   Data           1  pstorage.o(.data)
    m_swap_sub_state                         0x200020e1   Data           1  pstorage.o(.data)
    m_head_word_size                         0x200020e4   Data           4  pstorage.o(.data)
    m_tail_word_size                         0x200020e8   Data           4  pstorage.o(.data)
    m_current_page_id                        0x200020ec   Data           4  pstorage.o(.data)
    m_num_of_command_retries                 0x200020f0   Data           4  pstorage.o(.data)
    m_num_of_bytes_written                   0x200020f4   Data           4  pstorage.o(.data)
    m_app_data_size                          0x200020f8   Data           4  pstorage.o(.data)
    m_flags                                  0x200020fc   Data           4  pstorage.o(.data)
    .data                                    0x20002100   Section        9  nrf_drv_ppi.o(.data)
    m_drv_state                              0x20002100   Data           1  nrf_drv_ppi.o(.data)
    m_channels_allocated                     0x20002104   Data           4  nrf_drv_ppi.o(.data)
    m_groups_allocated                       0x20002108   Data           1  nrf_drv_ppi.o(.data)
    .data                                    0x2000210c   Section       34  app_timer.o(.data)
    m_user_array_size                        0x2000210c   Data           1  app_timer.o(.data)
    mp_users                                 0x20002110   Data           4  app_timer.o(.data)
    mp_timer_id_head                         0x20002114   Data           4  app_timer.o(.data)
    m_ticks_latest                           0x20002118   Data           4  app_timer.o(.data)
    m_ticks_elapsed                          0x2000211c   Data           8  app_timer.o(.data)
    m_ticks_elapsed_q_read_ind               0x20002124   Data           1  app_timer.o(.data)
    m_ticks_elapsed_q_write_ind              0x20002125   Data           1  app_timer.o(.data)
    m_evt_schedule_func                      0x20002128   Data           4  app_timer.o(.data)
    m_rtc1_running                           0x2000212c   Data           1  app_timer.o(.data)
    m_rtc1_reset                             0x2000212d   Data           1  app_timer.o(.data)
    .data                                    0x20002130   Section       24  softdevice_handler.o(.data)
    m_evt_schedule_func                      0x20002130   Data           4  softdevice_handler.o(.data)
    m_softdevice_enabled                     0x20002134   Data           1  softdevice_handler.o(.data)
    mp_ble_evt_buffer                        0x20002138   Data           4  softdevice_handler.o(.data)
    m_ble_evt_buffer_size                    0x2000213c   Data           2  softdevice_handler.o(.data)
    m_ble_evt_handler                        0x20002140   Data           4  softdevice_handler.o(.data)
    m_sys_evt_handler                        0x20002144   Data           4  softdevice_handler.o(.data)
    .data                                    0x20002148   Section       26  ble_step.o(.data)
    mac_address                              0x20002148   Data           6  ble_step.o(.data)
    mac_address_handles                      0x2000214e   Data           8  ble_step.o(.data)
    mac_address_attr_md                      0x20002156   Data           2  ble_step.o(.data)
    target_handles                           0x20002158   Data           8  ble_step.o(.data)
    target_attr_md                           0x20002160   Data           2  ble_step.o(.data)
    .data                                    0x20002164   Section      120  segger_rtt.o(.data)
    _SEGGER_RTT                              0x20002164   Data         120  segger_rtt.o(.data)
    .data                                    0x200021dc   Section        4  system_nrf51.o(.data)
    __tagsym$$used                           0x200021dc   Number         0  system_nrf51.o(.data)
    .data                                    0x200021e0   Section        4  mvars.o(.data)
    .data                                    0x200021e4   Section        4  mvars.o(.data)
    .bss                                     0x200021e8   Section      720  main.o(.bss)
    m_bas                                    0x200021e8   Data          24  main.o(.bss)
    m_hrs                                    0x20002200   Data          80  main.o(.bss)
    m_ble_wechat                             0x20002250   Data          24  main.o(.bss)
    m_blinky_timer_id_data                   0x20002268   Data          32  main.o(.bss)
    m_sensor_timer_id_data                   0x20002288   Data          32  main.o(.bss)
    APP_TIMER_BUF                            0x200022a8   Data         456  main.o(.bss)
    BLE_EVT_BUFFER                           0x20002470   Data          72  main.o(.bss)
    .bss                                     0x200024b8   Section       32  bsp.o(.bss)
    m_button_timer_id_data                   0x200024b8   Data          32  bsp.o(.bss)
    .bss                                     0x200024d8   Section      259  ble_advertising.o(.bss)
    m_advdata                                0x200024d8   Data          56  ble_advertising.o(.bss)
    m_adv_modes_config                       0x20002510   Data          36  ble_advertising.o(.bss)
    m_whitelist                              0x20002534   Data          16  ble_advertising.o(.bss)
    mp_whitelist_addr                        0x20002544   Data          32  ble_advertising.o(.bss)
    mp_whitelist_irk                         0x20002564   Data          32  ble_advertising.o(.bss)
    m_manuf_specific_data                    0x20002584   Data          12  ble_advertising.o(.bss)
    m_manuf_data_array                       0x20002590   Data          31  ble_advertising.o(.bss)
    m_service_data                           0x200025b0   Data          12  ble_advertising.o(.bss)
    m_service_data_array                     0x200025bc   Data          31  ble_advertising.o(.bss)
    .bss                                     0x200025dc   Section       60  ble_conn_params.o(.bss)
    m_conn_params_config                     0x200025dc   Data          28  ble_conn_params.o(.bss)
    m_conn_params_timer_id_data              0x200025f8   Data          32  ble_conn_params.o(.bss)
    .bss                                     0x20002618   Section      335  device_manager_peripheral.o(.bss)
    m_app_context_table                      0x20002618   Data          28  device_manager_peripheral.o(.bss)
    m_peer_table                             0x20002634   Data         196  device_manager_peripheral.o(.bss)
    m_bond_table                             0x200026f8   Data          28  device_manager_peripheral.o(.bss)
    m_gatts_table                            0x20002714   Data          36  device_manager_peripheral.o(.bss)
    m_connection_table                       0x20002738   Data          12  device_manager_peripheral.o(.bss)
    m_application_table                      0x20002744   Data          12  device_manager_peripheral.o(.bss)
    m_local_id_info                          0x20002750   Data          23  device_manager_peripheral.o(.bss)
    .bss                                     0x20002768   Section       72  nrf_drv_gpiote.o(.bss)
    m_cb                                     0x20002768   Data          72  nrf_drv_gpiote.o(.bss)
    .bss                                     0x200027b0   Section      228  pstorage.o(.bss)
    m_cmd_queue                              0x200027b0   Data         204  pstorage.o(.bss)
    m_app_table                              0x2000287c   Data          24  pstorage.o(.bss)
    .bss                                     0x20002894   Section     1040  segger_rtt.o(.bss)
    _acUpBuffer                              0x20002894   Data        1024  segger_rtt.o(.bss)
    _acDownBuffer                            0x20002c94   Data          16  segger_rtt.o(.bss)
    HEAP                                     0x20002ca8   Section     2048  arm_startup_nrf51.o(HEAP)
    STACK                                    0x200034a8   Section     2048  arm_startup_nrf51.o(STACK)

    Global Symbols

    Symbol Name                              Value     Ov Type        Size  Object(Section)

    BuildAttributes$$THM_ISAv3M$S$PE$A:L22$X:L11$S22$IEEE1$IW$USESV6$~STKCKD$USESV7$~SHL$OSPACE$EBA8$MICROLIB$REQ8$PRES8$EABIv2 0x00000000   Number         0  anon$$obj.o ABSOLUTE
    __ARM_use_no_argv                        0x00000000   Number         0  main.o ABSOLUTE
    __cpp_initialize__aeabi_                  - Undefined Weak Reference
    __cxa_finalize                            - Undefined Weak Reference
    _clock_init                               - Undefined Weak Reference
    _microlib_exit                            - Undefined Weak Reference
    __Vectors_Size                           0x000000c0   Number         0  arm_startup_nrf51.o ABSOLUTE
    __Vectors                                0x00018000   Data           4  arm_startup_nrf51.o(RESET)
    __Vectors_End                            0x000180c0   Data           0  arm_startup_nrf51.o(RESET)
    __main                                   0x000180c1   Thumb Code     0  entry.o(.ARM.Collect$$$$00000000)
    _main_stk                                0x000180c1   Thumb Code     0  entry2.o(.ARM.Collect$$$$00000001)
    _main_scatterload                        0x000180c5   Thumb Code     0  entry5.o(.ARM.Collect$$$$00000004)
    __main_after_scatterload                 0x000180c9   Thumb Code     0  entry5.o(.ARM.Collect$$$$00000004)
    _main_clock                              0x000180c9   Thumb Code     0  entry7b.o(.ARM.Collect$$$$00000008)
    _main_cpp_init                           0x000180c9   Thumb Code     0  entry8b.o(.ARM.Collect$$$$0000000A)
    _main_init                               0x000180c9   Thumb Code     0  entry9a.o(.ARM.Collect$$$$0000000B)
    __rt_final_cpp                           0x000180d1   Thumb Code     0  entry10a.o(.ARM.Collect$$$$0000000D)
    __rt_final_exit                          0x000180d1   Thumb Code     0  entry11a.o(.ARM.Collect$$$$0000000F)
    __asm___11_app_timer_c_cd27f9c3__nrf_delay_us 0x000180d5   Thumb Code    30  app_timer.o(.emb_text)
    Reset_Handler                            0x000180f5   Thumb Code    26  arm_startup_nrf51.o(.text)
    NMI_Handler                              0x0001810f   Thumb Code     2  arm_startup_nrf51.o(.text)
    HardFault_Handler                        0x00018111   Thumb Code     2  arm_startup_nrf51.o(.text)
    SVC_Handler                              0x00018113   Thumb Code     2  arm_startup_nrf51.o(.text)
    PendSV_Handler                           0x00018115   Thumb Code     2  arm_startup_nrf51.o(.text)
    SysTick_Handler                          0x00018117   Thumb Code     2  arm_startup_nrf51.o(.text)
    ADC_IRQHandler                           0x00018119   Thumb Code     0  arm_startup_nrf51.o(.text)
    CCM_AAR_IRQHandler                       0x00018119   Thumb Code     0  arm_startup_nrf51.o(.text)
    ECB_IRQHandler                           0x00018119   Thumb Code     0  arm_startup_nrf51.o(.text)
    LPCOMP_IRQHandler                        0x00018119   Thumb Code     0  arm_startup_nrf51.o(.text)
    POWER_CLOCK_IRQHandler                   0x00018119   Thumb Code     0  arm_startup_nrf51.o(.text)
    QDEC_IRQHandler                          0x00018119   Thumb Code     0  arm_startup_nrf51.o(.text)
    RADIO_IRQHandler                         0x00018119   Thumb Code     0  arm_startup_nrf51.o(.text)
    RNG_IRQHandler                           0x00018119   Thumb Code     0  arm_startup_nrf51.o(.text)
    RTC0_IRQHandler                          0x00018119   Thumb Code     0  arm_startup_nrf51.o(.text)
    SPI0_TWI0_IRQHandler                     0x00018119   Thumb Code     0  arm_startup_nrf51.o(.text)
    SPI1_TWI1_IRQHandler                     0x00018119   Thumb Code     0  arm_startup_nrf51.o(.text)
    SWI1_IRQHandler                          0x00018119   Thumb Code     0  arm_startup_nrf51.o(.text)
    SWI3_IRQHandler                          0x00018119   Thumb Code     0  arm_startup_nrf51.o(.text)
    SWI4_IRQHandler                          0x00018119   Thumb Code     0  arm_startup_nrf51.o(.text)
    SWI5_IRQHandler                          0x00018119   Thumb Code     0  arm_startup_nrf51.o(.text)
    TEMP_IRQHandler                          0x00018119   Thumb Code     0  arm_startup_nrf51.o(.text)
    TIMER0_IRQHandler                        0x00018119   Thumb Code     0  arm_startup_nrf51.o(.text)
    TIMER1_IRQHandler                        0x00018119   Thumb Code     0  arm_startup_nrf51.o(.text)
    TIMER2_IRQHandler                        0x00018119   Thumb Code     0  arm_startup_nrf51.o(.text)
    UART0_IRQHandler                         0x00018119   Thumb Code     0  arm_startup_nrf51.o(.text)
    WDT_IRQHandler                           0x00018119   Thumb Code     0  arm_startup_nrf51.o(.text)
    __aeabi_uidiv                            0x0001812d   Thumb Code     0  uidiv.o(.text)
    __aeabi_uidivmod                         0x0001812d   Thumb Code    44  uidiv.o(.text)
    __aeabi_idiv                             0x00018159   Thumb Code     0  idiv.o(.text)
    __aeabi_idivmod                          0x00018159   Thumb Code    40  idiv.o(.text)
    ___aeabi_memcpy8$move                    0x00018181   Thumb Code     0  memmovea.o(.text)
    __aeabi_memcpy                           0x00018181   Thumb Code    64  memmovea.o(.text)
    __aeabi_memcpy4                          0x00018181   Thumb Code     0  memmovea.o(.text)
    __aeabi_memmove                          0x00018181   Thumb Code     0  memmovea.o(.text)
    __aeabi_memmove4                         0x00018181   Thumb Code     0  memmovea.o(.text)
    __aeabi_memmove8                         0x00018181   Thumb Code     0  memmovea.o(.text)
    __aeabi_memset                           0x000181c1   Thumb Code    14  memseta.o(.text)
    __aeabi_memset4                          0x000181c1   Thumb Code     0  memseta.o(.text)
    __aeabi_memset8                          0x000181c1   Thumb Code     0  memseta.o(.text)
    __aeabi_memclr                           0x000181cf   Thumb Code     4  memseta.o(.text)
    __aeabi_memclr4                          0x000181cf   Thumb Code     0  memseta.o(.text)
    __aeabi_memclr8                          0x000181cf   Thumb Code     0  memseta.o(.text)
    _memset$wrapper                          0x000181d3   Thumb Code    18  memseta.o(.text)
    strlen                                   0x000181e5   Thumb Code    14  strlen.o(.text)
    memcmp                                   0x000181f3   Thumb Code    26  memcmp.o(.text)
    __scatterload                            0x0001820d   Thumb Code    28  init.o(.text)
    __scatterload_rt2                        0x0001820d   Thumb Code     0  init.o(.text)
    __decompress                             0x00018231   Thumb Code     0  __dczerorl2.o(.text)
    __decompress1                            0x00018231   Thumb Code    86  __dczerorl2.o(.text)
    GPIOTE_IRQHandler                        0x00018289   Thumb Code   378  nrf_drv_gpiote.o(i.GPIOTE_IRQHandler)
    RTC1_IRQHandler                          0x00018541   Thumb Code    34  app_timer.o(i.RTC1_IRQHandler)
    SEGGER_RTT_Write                         0x00018569   Thumb Code   306  segger_rtt.o(i.SEGGER_RTT_Write)
    SEGGER_RTT_printf                        0x000186a1   Thumb Code    28  segger_rtt_printf.o(i.SEGGER_RTT_printf)
    SEGGER_RTT_vprintf                       0x000186bd   Thumb Code   520  segger_rtt_printf.o(i.SEGGER_RTT_vprintf)
    SWI0_IRQHandler                          0x000188c5   Thumb Code     8  app_timer.o(i.SWI0_IRQHandler)
    SWI2_IRQHandler                          0x000188cd   Thumb Code    50  softdevice_handler.o(i.SWI2_IRQHandler)
    SystemInit                               0x00018905   Thumb Code    38  system_nrf51.o(i.SystemInit)
    __scatterload_copy                       0x00018bb1   Thumb Code    14  handlers.o(i.__scatterload_copy)
    __scatterload_null                       0x00018bbf   Thumb Code     2  handlers.o(i.__scatterload_null)
    __scatterload_zeroinit                   0x00018bc1   Thumb Code    14  handlers.o(i.__scatterload_zeroinit)
    adv_data_encode                          0x00018bcf   Thumb Code   444  ble_advdata.o(i.adv_data_encode)
    app_error_handler                        0x00018e29   Thumb Code    48  app_error.o(i.app_error_handler)
    app_timer_create                         0x00018ed1   Thumb Code    60  app_timer.o(i.app_timer_create)
    app_timer_init                           0x00018f11   Thumb Code   156  app_timer.o(i.app_timer_init)
    app_timer_start                          0x00018fc9   Thumb Code    82  app_timer.o(i.app_timer_start)
    app_timer_stop                           0x00019021   Thumb Code    50  app_timer.o(i.app_timer_stop)
    ble_advdata_set                          0x000192e1   Thumb Code   136  ble_advdata.o(i.ble_advdata_set)
    ble_advertising_init                     0x00019369   Thumb Code   316  ble_advertising.o(i.ble_advertising_init)
    ble_advertising_on_ble_evt               0x000194dd   Thumb Code   236  ble_advertising.o(i.ble_advertising_on_ble_evt)
    ble_advertising_on_sys_evt               0x000195e1   Thumb Code    70  ble_advertising.o(i.ble_advertising_on_sys_evt)
    ble_advertising_start                    0x00019645   Thumb Code   654  ble_advertising.o(i.ble_advertising_start)
    ble_bas_battery_level_update             0x00019901   Thumb Code   136  ble_bas.o(i.ble_bas_battery_level_update)
    ble_bas_init                             0x0001998d   Thumb Code    78  ble_bas.o(i.ble_bas_init)
    ble_bas_on_ble_evt                       0x000199e1   Thumb Code    70  ble_bas.o(i.ble_bas_on_ble_evt)
    ble_conn_params_init                     0x00019a29   Thumb Code    90  ble_conn_params.o(i.ble_conn_params_init)
    ble_conn_params_on_ble_evt               0x00019aa1   Thumb Code    62  ble_conn_params.o(i.ble_conn_params_on_ble_evt)
    ble_dis_init                             0x00019b4d   Thumb Code   386  ble_dis.o(i.ble_dis_init)
    ble_hrs_heart_rate_measurement_send      0x00019d45   Thumb Code    94  ble_hrs.o(i.ble_hrs_heart_rate_measurement_send)
    ble_hrs_init                             0x00019da9   Thumb Code   108  ble_hrs.o(i.ble_hrs_init)
    ble_hrs_on_ble_evt                       0x00019e19   Thumb Code    58  ble_hrs.o(i.ble_hrs_on_ble_evt)
    ble_hrs_sensor_contact_detected_update   0x00019e53   Thumb Code     6  ble_hrs.o(i.ble_hrs_sensor_contact_detected_update)
    ble_srv_ascii_to_utf8                    0x00019e59   Thumb Code    18  ble_srv_common.o(i.ble_srv_ascii_to_utf8)
    ble_srv_report_ref_encode                0x00019e6b   Thumb Code    62  ble_srv_common.o(i.ble_srv_report_ref_encode)
    ble_step_count_update                    0x00019f4d   Thumb Code   132  ble_step.o(i.ble_step_count_update)
    ble_step_init                            0x00019fd5   Thumb Code   260  ble_step.o(i.ble_step_init)
    ble_step_on_ble_evt                      0x0001a0f1   Thumb Code    70  ble_step.o(i.ble_step_on_ble_evt)
    ble_wechat_target_update                 0x0001a139   Thumb Code   108  ble_step.o(i.ble_wechat_target_update)
    bond_data_load                           0x0001a29d   Thumb Code    62  device_manager_peripheral.o(i.bond_data_load)
    bsp_btn_ble_sleep_mode_prepare           0x0001a2ed   Thumb Code    30  bsp_btn_ble.o(i.bsp_btn_ble_sleep_mode_prepare)
    bsp_indication_set                       0x0001a3e5   Thumb Code     6  bsp.o(i.bsp_indication_set)
    bsp_wakeup_buttons_set                   0x0001a3ed   Thumb Code    84  bsp.o(i.bsp_wakeup_buttons_set)
    dm_ble_evt_handler                       0x0001afc5   Thumb Code  1562  device_manager_peripheral.o(i.dm_ble_evt_handler)
    dm_handle_initialize                     0x0001b5fd   Thumb Code    24  device_manager_peripheral.o(i.dm_handle_initialize)
    dm_init                                  0x0001b619   Thumb Code   230  device_manager_peripheral.o(i.dm_init)
    dm_register                              0x0001b965   Thumb Code   176  device_manager_peripheral.o(i.dm_register)
    free                                     0x0001bc25   Thumb Code    80  malloc.o(i.free)
    in_pin_handler                           0x0001c253   Thumb Code     6  main.o(i.in_pin_handler)
    intern_softdevice_events_execute         0x0001c319   Thumb Code   168  softdevice_handler.o(i.intern_softdevice_events_execute)
    main                                     0x0001c7b5   Thumb Code   340  main.o(i.main)
    malloc                                   0x0001c935   Thumb Code    92  malloc.o(i.malloc)
    nrf_drv_common_irq_enable                0x0001caed   Thumb Code    48  nrf_drv_common.o(i.nrf_drv_common_irq_enable)
    nrf_drv_gpiote_in_event_addr_get         0x0001cb25   Thumb Code    26  nrf_drv_gpiote.o(i.nrf_drv_gpiote_in_event_addr_get)
    nrf_drv_gpiote_in_event_enable           0x0001cb41   Thumb Code   186  nrf_drv_gpiote.o(i.nrf_drv_gpiote_in_event_enable)
    nrf_drv_gpiote_in_init                   0x0001cc09   Thumb Code   228  nrf_drv_gpiote.o(i.nrf_drv_gpiote_in_init)
    nrf_drv_gpiote_init                      0x0001ccfd   Thumb Code    76  nrf_drv_gpiote.o(i.nrf_drv_gpiote_init)
    nrf_drv_gpiote_out_init                  0x0001cd4d   Thumb Code   230  nrf_drv_gpiote.o(i.nrf_drv_gpiote_out_init)
    nrf_drv_gpiote_out_task_addr_get         0x0001ce41   Thumb Code    24  nrf_drv_gpiote.o(i.nrf_drv_gpiote_out_task_addr_get)
    nrf_drv_gpiote_out_task_enable           0x0001ce5d   Thumb Code    62  nrf_drv_gpiote.o(i.nrf_drv_gpiote_out_task_enable)
    nrf_drv_ppi_channel_alloc                0x0001cea9   Thumb Code   204  nrf_drv_ppi.o(i.nrf_drv_ppi_channel_alloc)
    nrf_drv_ppi_channel_assign               0x0001cf7d   Thumb Code    82  nrf_drv_ppi.o(i.nrf_drv_ppi_channel_assign)
    nrf_drv_ppi_channel_enable               0x0001cfd5   Thumb Code    58  nrf_drv_ppi.o(i.nrf_drv_ppi_channel_enable)
    nrf_drv_ppi_init                         0x0001d01d   Thumb Code    22  nrf_drv_ppi.o(i.nrf_drv_ppi_init)
    pstorage_access_status_get               0x0001d599   Thumb Code    40  pstorage.o(i.pstorage_access_status_get)
    pstorage_block_identifier_get            0x0001d5c9   Thumb Code   154  pstorage.o(i.pstorage_block_identifier_get)
    pstorage_clear                           0x0001d66d   Thumb Code   270  pstorage.o(i.pstorage_clear)
    pstorage_init                            0x0001d7b9   Thumb Code   104  pstorage.o(i.pstorage_init)
    pstorage_load                            0x0001d841   Thumb Code   242  pstorage.o(i.pstorage_load)
    pstorage_register                        0x0001d93d   Thumb Code   270  pstorage.o(i.pstorage_register)
    pstorage_store                           0x0001da5d   Thumb Code   216  pstorage.o(i.pstorage_store)
    pstorage_sys_event_handler               0x0001db3d   Thumb Code    66  pstorage.o(i.pstorage_sys_event_handler)
    pstorage_update                          0x0001db89   Thumb Code   216  pstorage.o(i.pstorage_update)
    softdevice_assertion_handler             0x0001e291   Thumb Code    18  softdevice_handler.o(i.softdevice_assertion_handler)
    softdevice_ble_evt_handler_set           0x0001e2a5   Thumb Code    18  softdevice_handler.o(i.softdevice_ble_evt_handler_set)
    softdevice_handler_init                  0x0001e2bd   Thumb Code    84  softdevice_handler.o(i.softdevice_handler_init)
    softdevice_sys_evt_handler_set           0x0001e325   Thumb Code    18  softdevice_handler.o(i.softdevice_sys_evt_handler_set)
    m_service_context_store                  0x0001eff4   Data          16  device_manager_peripheral.o(.constdata)
    m_service_context_load                   0x0001f004   Data          16  device_manager_peripheral.o(.constdata)
    m_service_context_apply                  0x0001f014   Data          16  device_manager_peripheral.o(.constdata)
    m_context_init_len                       0x0001f024   Data           4  device_manager_peripheral.o(.constdata)
    Region$$Table$$Base                      0x0001f06c   Number         0  anon$$obj.o(Region$$Table)
    Region$$Table$$Limit                     0x0001f08c   Number         0  anon$$obj.o(Region$$Table)
    SystemCoreClock                          0x200021dc   Data           4  system_nrf51.o(.data)
    __microlib_freelist                      0x200021e0   Data           4  mvars.o(.data)
    __microlib_freelist_initialised          0x200021e4   Data           4  mvars.o(.data)
    __heap_base                              0x20002ca8   Data           0  arm_startup_nrf51.o(HEAP)
    __heap_limit                             0x200034a8   Data           0  arm_startup_nrf51.o(HEAP)
    __initial_sp                             0x20003ca8   Data           0  arm_startup_nrf51.o(STACK)



==============================================================================

Memory Map of the image

  Image Entry point : 0x000180c1

  Load Region LR_IROM1 (Base: 0x00018000, Size: 0x00007274, Max: 0x00028000, ABSOLUTE, COMPRESSED[0x000070d0])

    Execution Region ER_IROM1 (Base: 0x00018000, Size: 0x0000708c, Max: 0x00028000, ABSOLUTE)

    Base Addr    Size         Type   Attr      Idx    E Section Name        Object

    0x00018000   0x000000c0   Data   RO         2642    RESET               arm_startup_nrf51.o
    0x000180c0   0x00000000   Code   RO         2689  * .ARM.Collect$$$$00000000  mc_p.l(entry.o)
    0x000180c0   0x00000004   Code   RO         2738    .ARM.Collect$$$$00000001  mc_p.l(entry2.o)
    0x000180c4   0x00000004   Code   RO         2741    .ARM.Collect$$$$00000004  mc_p.l(entry5.o)
    0x000180c8   0x00000000   Code   RO         2743    .ARM.Collect$$$$00000008  mc_p.l(entry7b.o)
    0x000180c8   0x00000000   Code   RO         2745    .ARM.Collect$$$$0000000A  mc_p.l(entry8b.o)
    0x000180c8   0x00000008   Code   RO         2746    .ARM.Collect$$$$0000000B  mc_p.l(entry9a.o)
    0x000180d0   0x00000000   Code   RO         2748    .ARM.Collect$$$$0000000D  mc_p.l(entry10a.o)
    0x000180d0   0x00000000   Code   RO         2750    .ARM.Collect$$$$0000000F  mc_p.l(entry11a.o)
    0x000180d0   0x00000004   Code   RO         2739    .ARM.Collect$$$$00002712  mc_p.l(entry2.o)
    0x000180d4   0x0000001e   Code   RO         2141    .emb_text           app_timer.o
    0x000180f2   0x00000002   PAD
    0x000180f4   0x00000038   Code   RO         2643    .text               arm_startup_nrf51.o
    0x0001812c   0x0000002c   Code   RO         2692    .text               mc_p.l(uidiv.o)
    0x00018158   0x00000028   Code   RO         2694    .text               mc_p.l(idiv.o)
    0x00018180   0x00000040   Code   RO         2698    .text               mc_p.l(memmovea.o)
    0x000181c0   0x00000024   Code   RO         2700    .text               mc_p.l(memseta.o)
    0x000181e4   0x0000000e   Code   RO         2702    .text               mc_p.l(strlen.o)
    0x000181f2   0x0000001a   Code   RO         2704    .text               mc_p.l(memcmp.o)
    0x0001820c   0x00000024   Code   RO         2754    .text               mc_p.l(init.o)
    0x00018230   0x00000056   Code   RO         2764    .text               mc_p.l(__dczerorl2.o)
    0x00018286   0x00000002   PAD
    0x00018288   0x0000018c   Code   RO         1332    i.GPIOTE_IRQHandler  nrf_drv_gpiote.o
    0x00018414   0x00000014   Code   RO         2142    i.NVIC_ClearPendingIRQ  app_timer.o
    0x00018428   0x00000014   Code   RO         2143    i.NVIC_EnableIRQ    app_timer.o
    0x0001843c   0x00000014   Code   RO         2144    i.NVIC_SetPendingIRQ  app_timer.o
    0x00018450   0x00000078   Code   RO         1298    i.NVIC_SetPriority  nrf_drv_common.o
    0x000184c8   0x00000078   Code   RO         2145    i.NVIC_SetPriority  app_timer.o
    0x00018540   0x00000028   Code   RO         2146    i.RTC1_IRQHandler   app_timer.o
    0x00018568   0x00000138   Code   RO         2533    i.SEGGER_RTT_Write  segger_rtt.o
    0x000186a0   0x0000001c   Code   RO         2603    i.SEGGER_RTT_printf  segger_rtt_printf.o
    0x000186bc   0x00000208   Code   RO         2604    i.SEGGER_RTT_vprintf  segger_rtt_printf.o
    0x000188c4   0x00000008   Code   RO         2147    i.SWI0_IRQHandler   app_timer.o
    0x000188cc   0x00000038   Code   RO         2391    i.SWI2_IRQHandler   softdevice_handler.o
    0x00018904   0x00000038   Code   RO         2650    i.SystemInit        system_nrf51.o
    0x0001893c   0x00000002   Code   RO         2535    i._Init             segger_rtt.o
    0x0001893e   0x0000010c   Code   RO         2605    i._PrintInt         segger_rtt_printf.o
    0x00018a4a   0x00000002   PAD
    0x00018a4c   0x00000120   Code   RO         2606    i._PrintUnsigned    segger_rtt_printf.o
    0x00018b6c   0x00000044   Code   RO         2607    i._StoreChar        segger_rtt_printf.o
    0x00018bb0   0x0000000e   Code   RO         2758    i.__scatterload_copy  mc_p.l(handlers.o)
    0x00018bbe   0x00000002   Code   RO         2759    i.__scatterload_null  mc_p.l(handlers.o)
    0x00018bc0   0x0000000e   Code   RO         2760    i.__scatterload_zeroinit  mc_p.l(handlers.o)
    0x00018bce   0x000001bc   Code   RO          504    i.adv_data_encode   ble_advdata.o
    0x00018d8a   0x00000014   Code   RO          505    i.advdata_check     ble_advdata.o
    0x00018d9e   0x00000002   PAD
    0x00018da0   0x00000088   Code   RO            3    i.advertising_init  main.o
    0x00018e28   0x00000038   Code   RO         2118    i.app_error_handler  app_error.o
    0x00018e60   0x0000001c   Code   RO          814    i.app_evt_notify    device_manager_peripheral.o
    0x00018e7c   0x00000030   Code   RO         1570    i.app_notify        pstorage.o
    0x00018eac   0x00000024   Code   RO         1571    i.app_notify_error_state_transit  pstorage.o
    0x00018ed0   0x00000040   Code   RO         2150    i.app_timer_create  app_timer.o
    0x00018f10   0x000000b8   Code   RO         2151    i.app_timer_init    app_timer.o
    0x00018fc8   0x00000058   Code   RO         2152    i.app_timer_start   app_timer.o
    0x00019020   0x00000038   Code   RO         2153    i.app_timer_stop    app_timer.o
    0x00019058   0x00000050   Code   RO          506    i.appearance_encode  ble_advdata.o
    0x000190a8   0x0000005c   Code   RO            4    i.application_timers_start  main.o
    0x00019104   0x00000012   Code   RO         1896    i.are_app_channels  nrf_drv_ppi.o
    0x00019116   0x00000002   PAD
    0x00019118   0x000001c8   Code   RO         1081    i.battery_level_char_add  ble_bas.o
    0x000192e0   0x00000088   Code   RO          507    i.ble_advdata_set   ble_advdata.o
    0x00019368   0x00000174   Code   RO          618    i.ble_advertising_init  ble_advertising.o
    0x000194dc   0x00000104   Code   RO          619    i.ble_advertising_on_ble_evt  ble_advertising.o
    0x000195e0   0x00000054   Code   RO          620    i.ble_advertising_on_sys_evt  ble_advertising.o
    0x00019634   0x00000010   Code   RO          622    i.ble_advertising_peer_address_clear  ble_advertising.o
    0x00019644   0x000002bc   Code   RO          624    i.ble_advertising_start  ble_advertising.o
    0x00019900   0x0000008c   Code   RO         1082    i.ble_bas_battery_level_update  ble_bas.o
    0x0001998c   0x00000054   Code   RO         1083    i.ble_bas_init      ble_bas.o
    0x000199e0   0x00000046   Code   RO         1084    i.ble_bas_on_ble_evt  ble_bas.o
    0x00019a26   0x00000002   PAD
    0x00019a28   0x00000078   Code   RO          691    i.ble_conn_params_init  ble_conn_params.o
    0x00019aa0   0x0000003e   Code   RO          692    i.ble_conn_params_on_ble_evt  ble_conn_params.o
    0x00019ade   0x0000006c   Code   RO          508    i.ble_device_addr_encode  ble_advdata.o
    0x00019b4a   0x00000002   PAD
    0x00019b4c   0x000001b4   Code   RO         1128    i.ble_dis_init      ble_dis.o
    0x00019d00   0x00000044   Code   RO            6    i.ble_evt_dispatch  main.o
    0x00019d44   0x00000064   Code   RO         1166    i.ble_hrs_heart_rate_measurement_send  ble_hrs.o
    0x00019da8   0x00000070   Code   RO         1167    i.ble_hrs_init      ble_hrs.o
    0x00019e18   0x0000003a   Code   RO         1168    i.ble_hrs_on_ble_evt  ble_hrs.o
    0x00019e52   0x00000006   Code   RO         1171    i.ble_hrs_sensor_contact_detected_update  ble_hrs.o
    0x00019e58   0x00000012   Code   RO          775    i.ble_srv_ascii_to_utf8  ble_srv_common.o
    0x00019e6a   0x0000003e   Code   RO          776    i.ble_srv_report_ref_encode  ble_srv_common.o
    0x00019ea8   0x000000a4   Code   RO            7    i.ble_stack_init    main.o
    0x00019f4c   0x00000088   Code   RO         2453    i.ble_step_count_update  ble_step.o
    0x00019fd4   0x0000011c   Code   RO         2454    i.ble_step_init     ble_step.o
    0x0001a0f0   0x00000046   Code   RO         2455    i.ble_step_on_ble_evt  ble_step.o
    0x0001a136   0x00000002   PAD
    0x0001a138   0x0000007c   Code   RO         2456    i.ble_wechat_target_update  ble_step.o
    0x0001a1b4   0x0000003c   Code   RO            8    i.blinky_timeout_handler  main.o
    0x0001a1f0   0x000000ac   Code   RO         1173    i.body_sensor_location_char_add  ble_hrs.o
    0x0001a29c   0x00000050   Code   RO          815    i.bond_data_load    device_manager_peripheral.o
    0x0001a2ec   0x0000001e   Code   RO          460    i.bsp_btn_ble_sleep_mode_prepare  bsp_btn_ble.o
    0x0001a30a   0x00000002   PAD
    0x0001a30c   0x000000d8   Code   RO          362    i.bsp_button_event_handler  bsp.o
    0x0001a3e4   0x00000006   Code   RO          368    i.bsp_indication_set  bsp.o
    0x0001a3ea   0x00000002   PAD
    0x0001a3ec   0x0000005c   Code   RO          371    i.bsp_wakeup_buttons_set  bsp.o
    0x0001a448   0x00000020   Code   RO         1333    i.channel_free      nrf_drv_gpiote.o
    0x0001a468   0x00000010   Code   RO         1334    i.channel_handler_get  nrf_drv_gpiote.o
    0x0001a478   0x00000078   Code   RO         1335    i.channel_port_alloc  nrf_drv_gpiote.o
    0x0001a4f0   0x0000000c   Code   RO         1336    i.channel_port_get  nrf_drv_gpiote.o
    0x0001a4fc   0x000000f0   Code   RO         1129    i.char_add          ble_dis.o
    0x0001a5ec   0x00000114   Code   RO         1572    i.clear_operation_execute  pstorage.o
    0x0001a700   0x00000028   Code   RO         1573    i.clear_post_processing_run  pstorage.o
    0x0001a728   0x00000048   Code   RO         1574    i.cmd_process       pstorage.o
    0x0001a770   0x00000014   Code   RO         1575    i.cmd_queue_dequeue  pstorage.o
    0x0001a784   0x0000003c   Code   RO         1576    i.cmd_queue_element_init  pstorage.o
    0x0001a7c0   0x00000084   Code   RO         1577    i.cmd_queue_enqueue  pstorage.o
    0x0001a844   0x00000020   Code   RO         1578    i.cmd_queue_init    pstorage.o
    0x0001a864   0x00000028   Code   RO         1579    i.command_end_procedure_run  pstorage.o
    0x0001a88c   0x0000002c   Code   RO         1580    i.command_queue_element_consume  pstorage.o
    0x0001a8b8   0x0000008c   Code   RO         2155    i.compare_reg_update  app_timer.o
    0x0001a944   0x0000005c   Code   RO          509    i.conn_int_check    ble_advdata.o
    0x0001a9a0   0x00000066   Code   RO          510    i.conn_int_encode   ble_advdata.o
    0x0001aa06   0x00000014   Code   RO           11    i.conn_params_error_handler  main.o
    0x0001aa1a   0x00000002   PAD
    0x0001aa1c   0x00000068   Code   RO           12    i.conn_params_init  main.o
    0x0001aa84   0x00000094   Code   RO          694    i.conn_params_negotiation  ble_conn_params.o
    0x0001ab18   0x00000048   Code   RO          816    i.connection_instance_find  device_manager_peripheral.o
    0x0001ab60   0x00000038   Code   RO          817    i.connection_instance_init  device_manager_peripheral.o
    0x0001ab98   0x0000005c   Code   RO         1897    i.current_int_priority_get  nrf_drv_ppi.o
    0x0001abf4   0x0000005c   Code   RO         2156    i.current_int_priority_get  app_timer.o
    0x0001ac50   0x00000084   Code   RO         1581    i.data_page_erase_state_run  pstorage.o
    0x0001acd4   0x00000038   Code   RO         1582    i.data_to_swap_write_state_run  pstorage.o
    0x0001ad0c   0x000000d0   Code   RO          818    i.device_context_store  device_manager_peripheral.o
    0x0001addc   0x0000007c   Code   RO          819    i.device_instance_allocate  device_manager_peripheral.o
    0x0001ae58   0x00000058   Code   RO          820    i.device_instance_find  device_manager_peripheral.o
    0x0001aeb0   0x00000030   Code   RO          821    i.device_instance_free  device_manager_peripheral.o
    0x0001aee0   0x00000024   Code   RO           13    i.device_manager_evt_handler  main.o
    0x0001af04   0x000000c0   Code   RO           14    i.device_manager_init  main.o
    0x0001afc4   0x00000638   Code   RO          826    i.dm_ble_evt_handler  device_manager_peripheral.o
    0x0001b5fc   0x0000001c   Code   RO          832    i.dm_handle_initialize  device_manager_peripheral.o
    0x0001b618   0x00000108   Code   RO          833    i.dm_init           device_manager_peripheral.o
    0x0001b720   0x00000244   Code   RO          836    i.dm_pstorage_cb_handler  device_manager_peripheral.o
    0x0001b964   0x000000bc   Code   RO          837    i.dm_register       device_manager_peripheral.o
    0x0001ba20   0x00000064   Code   RO         2157    i.elapsed_ticks_acquire  app_timer.o
    0x0001ba84   0x00000044   Code   RO         1583    i.erase_sub_state_sm_run  pstorage.o
    0x0001bac8   0x0000005c   Code   RO         2158    i.expired_timers_handler  app_timer.o
    0x0001bb24   0x00000036   Code   RO          511    i.flags_encode      ble_advdata.o
    0x0001bb5a   0x00000002   PAD
    0x0001bb5c   0x00000030   Code   RO         1584    i.flash_api_err_code_process  pstorage.o
    0x0001bb8c   0x00000040   Code   RO         1585    i.flash_operation_failure_run  pstorage.o
    0x0001bbcc   0x00000030   Code   RO         1586    i.flash_operation_success_run  pstorage.o
    0x0001bbfc   0x00000010   Code   RO         1587    i.flash_page_erase  pstorage.o
    0x0001bc0c   0x00000018   Code   RO         1588    i.flash_write       pstorage.o
    0x0001bc24   0x00000054   Code   RO         2710    i.free              mc_p.l(malloc.o)
    0x0001bc78   0x000000a8   Code   RO           15    i.gap_params_init   main.o
    0x0001bd20   0x00000006   Code   RO          844    i.gattc_context_apply  device_manager_peripheral.o
    0x0001bd26   0x00000006   Code   RO          845    i.gattc_context_load  device_manager_peripheral.o
    0x0001bd2c   0x00000006   Code   RO          846    i.gattc_context_store  device_manager_peripheral.o
    0x0001bd32   0x00000002   PAD
    0x0001bd34   0x000000f4   Code   RO          847    i.gatts_context_apply  device_manager_peripheral.o
    0x0001be28   0x00000048   Code   RO          848    i.gatts_context_load  device_manager_peripheral.o
    0x0001be70   0x000000dc   Code   RO          849    i.gatts_context_store  device_manager_peripheral.o
    0x0001bf4c   0x0000001a   Code   RO          850    i.gattsc_context_apply  device_manager_peripheral.o
    0x0001bf66   0x0000001e   Code   RO          851    i.gattsc_context_load  device_manager_peripheral.o
    0x0001bf84   0x0000001e   Code   RO          852    i.gattsc_context_store  device_manager_peripheral.o
    0x0001bfa2   0x0000004e   Code   RO           16    i.get_mac_addr      main.o
    0x0001bff0   0x00000048   Code   RO         2457    i.get_mac_addr      ble_step.o
    0x0001c038   0x00000070   Code   RO         1589    i.head_restore_state_run  pstorage.o
    0x0001c0a8   0x000000f0   Code   RO         1174    i.heart_rate_measurement_char_add  ble_hrs.o
    0x0001c198   0x000000ba   Code   RO         1175    i.hrm_encode        ble_hrs.o
    0x0001c252   0x00000006   Code   RO           17    i.in_pin_handler    main.o
    0x0001c258   0x000000c0   Code   RO         2458    i.indicate_char_add  ble_step.o
    0x0001c318   0x000000bc   Code   RO         2392    i.intern_softdevice_events_execute  softdevice_handler.o
    0x0001c3d4   0x00000020   Code   RO         1899    i.is_allocated_channel  nrf_drv_ppi.o
    0x0001c3f4   0x00000012   Code   RO         1901    i.is_app_channel    nrf_drv_ppi.o
    0x0001c406   0x00000002   PAD
    0x0001c408   0x00000024   Code   RO          695    i.is_conn_params_ok  ble_conn_params.o
    0x0001c42c   0x00000038   Code   RO         2651    i.is_disabled_in_debug_needed  system_nrf51.o
    0x0001c464   0x0000006c   Code   RO         2652    i.is_manual_peripheral_setup_needed  system_nrf51.o
    0x0001c4d0   0x00000058   Code   RO         1590    i.is_page_erase_required  pstorage.o
    0x0001c528   0x0000001a   Code   RO         1903    i.is_programmable_app_channel  nrf_drv_ppi.o
    0x0001c542   0x00000002   PAD
    0x0001c544   0x00000050   Code   RO         1591    i.is_tail_data_page_swap_required  pstorage.o
    0x0001c594   0x00000012   Code   RO         1592    i.is_word_aligned   pstorage.o
    0x0001c5a6   0x0000006a   Code   RO          512    i.le_role_encode    ble_advdata.o
    0x0001c610   0x00000094   Code   RO         2159    i.list_deletions_handler  app_timer.o
    0x0001c6a4   0x00000110   Code   RO         2160    i.list_insertions_handler  app_timer.o
    0x0001c7b4   0x00000160   Code   RO           18    i.main              main.o
    0x0001c914   0x00000020   Code   RO         1593    i.main_state_err_busy_process  pstorage.o
    0x0001c934   0x0000006c   Code   RO         2711    i.malloc            mc_p.l(malloc.o)
    0x0001c9a0   0x00000078   Code   RO          513    i.manuf_specific_data_encode  ble_advdata.o
    0x0001ca18   0x000000c2   Code   RO          514    i.name_encode       ble_advdata.o
    0x0001cada   0x00000006   Code   RO          853    i.no_service_context_apply  device_manager_peripheral.o
    0x0001cae0   0x00000006   Code   RO          854    i.no_service_context_load  device_manager_peripheral.o
    0x0001cae6   0x00000006   Code   RO          855    i.no_service_context_store  device_manager_peripheral.o
    0x0001caec   0x00000038   Code   RO         1299    i.nrf_drv_common_irq_enable  nrf_drv_common.o
    0x0001cb24   0x0000001a   Code   RO         1337    i.nrf_drv_gpiote_in_event_addr_get  nrf_drv_gpiote.o
    0x0001cb3e   0x00000002   PAD
    0x0001cb40   0x000000c8   Code   RO         1339    i.nrf_drv_gpiote_in_event_enable  nrf_drv_gpiote.o
    0x0001cc08   0x000000f4   Code   RO         1340    i.nrf_drv_gpiote_in_init  nrf_drv_gpiote.o
    0x0001ccfc   0x00000050   Code   RO         1343    i.nrf_drv_gpiote_init  nrf_drv_gpiote.o
    0x0001cd4c   0x000000f4   Code   RO         1346    i.nrf_drv_gpiote_out_init  nrf_drv_gpiote.o
    0x0001ce40   0x0000001c   Code   RO         1348    i.nrf_drv_gpiote_out_task_addr_get  nrf_drv_gpiote.o
    0x0001ce5c   0x0000004c   Code   RO         1350    i.nrf_drv_gpiote_out_task_enable  nrf_drv_gpiote.o
    0x0001cea8   0x000000d4   Code   RO         1904    i.nrf_drv_ppi_channel_alloc  nrf_drv_ppi.o
    0x0001cf7c   0x00000058   Code   RO         1905    i.nrf_drv_ppi_channel_assign  nrf_drv_ppi.o
    0x0001cfd4   0x00000040   Code   RO         1907    i.nrf_drv_ppi_channel_enable  nrf_drv_ppi.o
    0x0001d014   0x00000008   Code   RO         1909    i.nrf_drv_ppi_channel_to_mask  nrf_drv_ppi.o
    0x0001d01c   0x0000001c   Code   RO         1916    i.nrf_drv_ppi_init  nrf_drv_ppi.o
    0x0001d038   0x00000026   Code   RO         1356    i.nrf_gpio_cfg      nrf_drv_gpiote.o
    0x0001d05e   0x00000046   Code   RO         1358    i.nrf_gpio_cfg_sense_set  nrf_drv_gpiote.o
    0x0001d0a4   0x00000010   Code   RO         1359    i.nrf_gpio_pin_clear  nrf_drv_gpiote.o
    0x0001d0b4   0x00000010   Code   RO         1360    i.nrf_gpio_pin_set  nrf_drv_gpiote.o
    0x0001d0c4   0x0000000c   Code   RO         1361    i.nrf_gpiote_event_addr_get  nrf_drv_gpiote.o
    0x0001d0d0   0x00000010   Code   RO         1362    i.nrf_gpiote_event_clear  nrf_drv_gpiote.o
    0x0001d0e0   0x00000016   Code   RO         1363    i.nrf_gpiote_event_is_set  nrf_drv_gpiote.o
    0x0001d0f6   0x00000002   PAD
    0x0001d0f8   0x0000000c   Code   RO         1364    i.nrf_gpiote_int_enable  nrf_drv_gpiote.o
    0x0001d104   0x0000003a   Code   RO           19    i.on_adv_evt        main.o
    0x0001d13e   0x00000002   PAD
    0x0001d140   0x0000004c   Code   RO           20    i.on_ble_evt        main.o
    0x0001d18c   0x00000034   Code   RO           21    i.on_conn_params_evt  main.o
    0x0001d1c0   0x00000018   Code   RO          696    i.on_conn_params_update  ble_conn_params.o
    0x0001d1d8   0x0000003c   Code   RO          697    i.on_connect        ble_conn_params.o
    0x0001d214   0x00000006   Code   RO         1085    i.on_connect        ble_bas.o
    0x0001d21a   0x00000006   Code   RO         1176    i.on_connect        ble_hrs.o
    0x0001d220   0x00000006   Code   RO         2459    i.on_connect        ble_step.o
    0x0001d226   0x00000002   PAD
    0x0001d228   0x00000044   Code   RO          698    i.on_disconnect     ble_conn_params.o
    0x0001d26c   0x00000008   Code   RO         1086    i.on_disconnect     ble_bas.o
    0x0001d274   0x00000008   Code   RO         1177    i.on_disconnect     ble_hrs.o
    0x0001d27c   0x00000008   Code   RO         2460    i.on_disconnect     ble_step.o
    0x0001d284   0x0000003e   Code   RO         1178    i.on_hrm_cccd_write  ble_hrs.o
    0x0001d2c2   0x00000002   PAD
    0x0001d2c4   0x0000005c   Code   RO          699    i.on_write          ble_conn_params.o
    0x0001d320   0x00000050   Code   RO         1087    i.on_write          ble_bas.o
    0x0001d370   0x0000001a   Code   RO         1179    i.on_write          ble_hrs.o
    0x0001d38a   0x00000002   PAD
    0x0001d38c   0x00000070   Code   RO         2461    i.on_write          ble_step.o
    0x0001d3fc   0x0000001a   Code   RO          626    i.peer_address_exists  ble_advertising.o
    0x0001d416   0x00000002   PAD
    0x0001d418   0x0000005c   Code   RO          856    i.peer_instance_init  device_manager_peripheral.o
    0x0001d474   0x0000001c   Code   RO         1366    i.pin_in_use_by_gpiote  nrf_drv_gpiote.o
    0x0001d490   0x00000018   Code   RO         1367    i.pin_in_use_by_port  nrf_drv_gpiote.o
    0x0001d4a8   0x00000020   Code   RO         1368    i.pin_in_use_by_te  nrf_drv_gpiote.o
    0x0001d4c8   0x00000010   Code   RO         1369    i.pin_in_use_clear  nrf_drv_gpiote.o
    0x0001d4d8   0x0000009e   Code   RO         1130    i.pnp_id_encode     ble_dis.o
    0x0001d576   0x00000020   Code   RO           22    i.power_manage      main.o
    0x0001d596   0x00000002   PAD
    0x0001d598   0x00000030   Code   RO         1594    i.pstorage_access_status_get  pstorage.o
    0x0001d5c8   0x000000a4   Code   RO         1595    i.pstorage_block_identifier_get  pstorage.o
    0x0001d66c   0x00000118   Code   RO         1596    i.pstorage_clear    pstorage.o
    0x0001d784   0x00000028   Code   RO         1597    i.pstorage_flash_page_end  pstorage.o
    0x0001d7ac   0x0000000a   Code   RO         1598    i.pstorage_flash_page_size  pstorage.o
    0x0001d7b6   0x00000002   PAD
    0x0001d7b8   0x00000088   Code   RO         1599    i.pstorage_init     pstorage.o
    0x0001d840   0x000000fc   Code   RO         1600    i.pstorage_load     pstorage.o
    0x0001d93c   0x00000120   Code   RO         1601    i.pstorage_register  pstorage.o
    0x0001da5c   0x000000e0   Code   RO         1602    i.pstorage_store    pstorage.o
    0x0001db3c   0x0000004c   Code   RO         1603    i.pstorage_sys_event_handler  pstorage.o
    0x0001db88   0x000000e0   Code   RO         1604    i.pstorage_update   pstorage.o
    0x0001dc68   0x000000a8   Code   RO         2462    i.read_char_add     ble_step.o
    0x0001dd10   0x0000000c   Code   RO         2161    i.rtc1_compare0_set  app_timer.o
    0x0001dd1c   0x0000000c   Code   RO         2162    i.rtc1_counter_get  app_timer.o
    0x0001dd28   0x00000018   Code   RO         2163    i.rtc1_init         app_timer.o
    0x0001dd40   0x0000003c   Code   RO         2164    i.rtc1_start        app_timer.o
    0x0001dd7c   0x00000058   Code   RO         2165    i.rtc1_stop         app_timer.o
    0x0001ddd4   0x00000036   Code   RO          515    i.sec_mgr_oob_flags_encode  ble_advdata.o
    0x0001de0a   0x00000002   PAD
    0x0001de0c   0x000000c8   Code   RO           23    i.sensor_timeout_handler  main.o
    0x0001ded4   0x00000096   Code   RO          516    i.service_data_encode  ble_advdata.o
    0x0001df6a   0x00000002   PAD
    0x0001df6c   0x000002b0   Code   RO           24    i.services_init     main.o
    0x0001e21c   0x0000005e   Code   RO           25    i.sleep_mode_enter  main.o
    0x0001e27a   0x00000002   PAD
    0x0001e27c   0x00000014   Code   RO         1605    i.sm_state_change   pstorage.o
    0x0001e290   0x00000012   Code   RO         2393    i.softdevice_assertion_handler  softdevice_handler.o
    0x0001e2a2   0x00000002   PAD
    0x0001e2a4   0x00000018   Code   RO         2394    i.softdevice_ble_evt_handler_set  softdevice_handler.o
    0x0001e2bc   0x00000068   Code   RO         2395    i.softdevice_handler_init  softdevice_handler.o
    0x0001e324   0x00000018   Code   RO         2398    i.softdevice_sys_evt_handler_set  softdevice_handler.o
    0x0001e33c   0x00000010   Code   RO          517    i.srdata_check      ble_advdata.o
    0x0001e34c   0x00000010   Code   RO         1606    i.state_data_erase_entry_run  pstorage.o
    0x0001e35c   0x00000098   Code   RO         1607    i.state_data_erase_swap_entry_run  pstorage.o
    0x0001e3f4   0x0000003c   Code   RO         1608    i.state_entry_action_run  pstorage.o
    0x0001e430   0x00000010   Code   RO         1609    i.state_erase_data_page_entry_run  pstorage.o
    0x0001e440   0x0000001c   Code   RO         1610    i.state_idle_entry_run  pstorage.o
    0x0001e45c   0x00000034   Code   RO         1611    i.state_restore_head_entry_run  pstorage.o
    0x0001e490   0x00000054   Code   RO         1612    i.state_restore_tail_entry_run  pstorage.o
    0x0001e4e4   0x00000008   Code   RO         1613    i.state_store_entry_run  pstorage.o
    0x0001e4ec   0x00000026   Code   RO         1614    i.state_swap_erase_entry_run  pstorage.o
    0x0001e512   0x00000002   PAD
    0x0001e514   0x00000034   Code   RO         1615    i.state_write_data_swap_entry_run  pstorage.o
    0x0001e548   0x000001c8   Code   RO         2463    i.step_count_char_add  ble_step.o
    0x0001e710   0x00000008   Code   RO          857    i.storage_operation_dummy_handler  device_manager_peripheral.o
    0x0001e718   0x00000064   Code   RO         1616    i.store_cmd_flash_write_execute  pstorage.o
    0x0001e77c   0x0000000a   Code   RO         1617    i.store_operation_execute  pstorage.o
    0x0001e786   0x00000002   PAD
    0x0001e788   0x0000004c   Code   RO         1618    i.store_sub_state_sm_run  pstorage.o
    0x0001e7d4   0x00000020   Code   RO         1619    i.swap_erase_state_run  pstorage.o
    0x0001e7f4   0x00000008   Code   RO         1620    i.swap_sub_sm_exit_action_run  pstorage.o
    0x0001e7fc   0x00000018   Code   RO         1621    i.swap_sub_state_entry_action_run  pstorage.o
    0x0001e814   0x00000020   Code   RO         1622    i.swap_sub_state_err_busy_process  pstorage.o
    0x0001e834   0x00000018   Code   RO         1623    i.swap_sub_state_sm_run  pstorage.o
    0x0001e84c   0x00000014   Code   RO         1624    i.swap_sub_state_state_change  pstorage.o
    0x0001e860   0x00000012   Code   RO           26    i.sys_evt_dispatch  main.o
    0x0001e872   0x000000a4   Code   RO         1131    i.sys_id_encode     ble_dis.o
    0x0001e916   0x00000002   PAD
    0x0001e918   0x00000020   Code   RO         1625    i.tail_restore_state_run  pstorage.o
    0x0001e938   0x00000058   Code   RO         1626    i.tail_word_size_calculate  pstorage.o
    0x0001e990   0x0000000a   Code   RO         2166    i.ticks_diff_get    app_timer.o
    0x0001e99a   0x00000002   PAD
    0x0001e99c   0x00000040   Code   RO         2167    i.timeout_handler_exec  app_timer.o
    0x0001e9dc   0x00000058   Code   RO         2168    i.timer_list_handler  app_timer.o
    0x0001ea34   0x0000000a   Code   RO         2169    i.timer_list_handler_sched  app_timer.o
    0x0001ea3e   0x00000002   PAD
    0x0001ea40   0x0000006c   Code   RO         2170    i.timer_list_insert  app_timer.o
    0x0001eaac   0x00000070   Code   RO         2171    i.timer_list_remove  app_timer.o
    0x0001eb1c   0x00000058   Code   RO         2172    i.timer_start_op_schedule  app_timer.o
    0x0001eb74   0x00000040   Code   RO         2174    i.timer_stop_op_schedule  app_timer.o
    0x0001ebb4   0x00000094   Code   RO         2175    i.timer_timeouts_check  app_timer.o
    0x0001ec48   0x0000000a   Code   RO         2176    i.timer_timeouts_check_sched  app_timer.o
    0x0001ec52   0x00000002   PAD
    0x0001ec54   0x00000088   Code   RO           27    i.timers_init       main.o
    0x0001ecdc   0x00000046   Code   RO          518    i.tk_value_encode   ble_advdata.o
    0x0001ed22   0x00000036   Code   RO          519    i.tx_power_level_encode  ble_advdata.o
    0x0001ed58   0x00000012   Code   RO          520    i.uint16_encode     ble_advdata.o
    0x0001ed6a   0x00000012   Code   RO         1132    i.uint16_encode     ble_dis.o
    0x0001ed7c   0x00000012   Code   RO         1180    i.uint16_encode     ble_hrs.o
    0x0001ed8e   0x00000008   Code   RO         1627    i.update_operation_execute  pstorage.o
    0x0001ed96   0x00000002   PAD
    0x0001ed98   0x00000014   Code   RO          858    i.update_status_bit_reset  device_manager_peripheral.o
    0x0001edac   0x0000009c   Code   RO          700    i.update_timeout_handler  ble_conn_params.o
    0x0001ee48   0x00000022   Code   RO         2177    i.user_id_get       app_timer.o
    0x0001ee6a   0x0000002e   Code   RO         2178    i.user_op_alloc     app_timer.o
    0x0001ee98   0x00000004   Code   RO         2179    i.user_op_enque     app_timer.o
    0x0001ee9c   0x00000044   Code   RO          521    i.uuid_list_encode  ble_advdata.o
    0x0001eee0   0x000000d8   Code   RO          522    i.uuid_list_sized_encode  ble_advdata.o
    0x0001efb8   0x00000016   Code   RO          627    i.whitelist_has_entries  ble_advertising.o
    0x0001efce   0x00000002   PAD
    0x0001efd0   0x00000010   Data   RO           29    .constdata          main.o
    0x0001efe0   0x00000010   Data   RO          374    .constdata          bsp.o
    0x0001eff0   0x00000004   Data   RO          702    .constdata          ble_conn_params.o
    0x0001eff4   0x00000034   Data   RO          860    .constdata          device_manager_peripheral.o
    0x0001f028   0x00000028   Data   RO         1629    .constdata          pstorage.o
    0x0001f050   0x00000010   Data   RO         2608    .constdata          segger_rtt_printf.o
    0x0001f060   0x00000009   Data   RO         2538    .conststring        segger_rtt.o
    0x0001f069   0x00000003   PAD
    0x0001f06c   0x00000020   Data   RO         2756    Region$$Table       anon$$obj.o


    Execution Region RW_IRAM1 (Base: 0x20002000, Size: 0x00001ca8, Max: 0x00002000, ABSOLUTE, COMPRESSED[0x00000044])

    Base Addr    Size         Type   Attr      Idx    E Section Name        Object

    0x20002000   0x0000002d   Data   RW           30    .data               main.o
    0x2000202d   0x00000003   PAD
    0x20002030   0x0000000d   Data   RW          375    .data               bsp.o
    0x2000203d   0x00000003   PAD
    0x20002040   0x00000020   Data   RW          629    .data               ble_advertising.o
    0x20002060   0x00000015   Data   RW          703    .data               ble_conn_params.o
    0x20002075   0x00000003   PAD
    0x20002078   0x00000014   Data   RW          861    .data               device_manager_peripheral.o
    0x2000208c   0x0000004a   Data   RW         1133    .data               ble_dis.o
    0x200020d6   0x00000002   PAD
    0x200020d8   0x00000028   Data   RW         1630    .data               pstorage.o
    0x20002100   0x00000009   Data   RW         1920    .data               nrf_drv_ppi.o
    0x20002109   0x00000003   PAD
    0x2000210c   0x00000022   Data   RW         2180    .data               app_timer.o
    0x2000212e   0x00000002   PAD
    0x20002130   0x00000018   Data   RW         2399    .data               softdevice_handler.o
    0x20002148   0x0000001a   Data   RW         2464    .data               ble_step.o
    0x20002162   0x00000002   PAD
    0x20002164   0x00000078   Data   RW         2539    .data               segger_rtt.o
    0x200021dc   0x00000004   Data   RW         2653    .data               system_nrf51.o
    0x200021e0   0x00000004   Data   RW         2752    .data               mc_p.l(mvars.o)
    0x200021e4   0x00000004   Data   RW         2753    .data               mc_p.l(mvars.o)
    0x200021e8   0x000002d0   Zero   RW           28    .bss                main.o
    0x200024b8   0x00000020   Zero   RW          373    .bss                bsp.o
    0x200024d8   0x00000103   Zero   RW          628    .bss                ble_advertising.o
    0x200025db   0x00000001   PAD
    0x200025dc   0x0000003c   Zero   RW          701    .bss                ble_conn_params.o
    0x20002618   0x0000014f   Zero   RW          859    .bss                device_manager_peripheral.o
    0x20002767   0x00000001   PAD
    0x20002768   0x00000048   Zero   RW         1370    .bss                nrf_drv_gpiote.o
    0x200027b0   0x000000e4   Zero   RW         1628    .bss                pstorage.o
    0x20002894   0x00000410   Zero   RW         2537    .bss                segger_rtt.o
    0x20002ca4   0x00000004   PAD
    0x20002ca8   0x00000800   Zero   RW         2641    HEAP                arm_startup_nrf51.o
    0x200034a8   0x00000800   Zero   RW         2640    STACK               arm_startup_nrf51.o


==============================================================================

Image component sizes


      Code (inc. data)   RO Data    RW Data    ZI Data      Debug   Object Name

        56          8          0          0          0       7720   app_error.o
      2476        282          0         34          0      35223   app_timer.o
        56         18        192          0       4096        692   arm_startup_nrf51.o
      2102          4          0          0          0      22224   ble_advdata.o
      1480        144          0         32        259       7861   ble_advertising.o
       844         18          0          0          0       7747   ble_bas.o
       766        126          4         21         60      16948   ble_conn_params.o
      1016         54          0         74          0       5803   ble_dis.o
       994         22          0          0          0      13779   ble_hrs.o
        80          0          0          0          0       2164   ble_srv_common.o
      1628         86          0         26          0      11041   ble_step.o
       314         36         16         13         32       8170   bsp.o
        30          0          0          0          0        641   bsp_btn_ble.o
      4134        300         52         20        335      31681   device_manager_peripheral.o
      2830        186         16         45        720     115064   main.o
       176         18          0          0          0       9020   nrf_drv_common.o
      1776        150          0          0         72      27569   nrf_drv_gpiote.o
       586         38          0          9          0      19649   nrf_drv_ppi.o
      4308        438         40         40        228      44262   pstorage.o
       314          6          9        120       1040       2643   segger_rtt.o
      1172          4         16          0          0       6329   segger_rtt_printf.o
       414         58          0         24          0       6616   softdevice_handler.o
       220         26          0          4          0       1975   system_nrf51.o

    ----------------------------------------------------------------------
     27842       2022        380        480       6848     404821   Object Totals
         0          0         32          0          0          0   (incl. Generated)
        70          0          3         18          6          0   (incl. Padding)

    ----------------------------------------------------------------------

      Code (inc. data)   RO Data    RW Data    ZI Data      Debug   Library Member Name

        86          0          0          0          0          0   __dczerorl2.o
         0          0          0          0          0          0   entry.o
         0          0          0          0          0          0   entry10a.o
         0          0          0          0          0          0   entry11a.o
         8          4          0          0          0          0   entry2.o
         4          0          0          0          0          0   entry5.o
         0          0          0          0          0          0   entry7b.o
         0          0          0          0          0          0   entry8b.o
         8          4          0          0          0          0   entry9a.o
        30          0          0          0          0          0   handlers.o
        40          0          0          0          0         72   idiv.o
        36          8          0          0          0         68   init.o
       192         20          0          0          0        144   malloc.o
        26          0          0          0          0         72   memcmp.o
        64          0          0          0          0         68   memmovea.o
        36          0          0          0          0        100   memseta.o
         0          0          0          8          0          0   mvars.o
        14          0          0          0          0         60   strlen.o
        44          0          0          0          0         72   uidiv.o

    ----------------------------------------------------------------------
       590         36          0          8          0        656   Library Totals
         2          0          0          0          0          0   (incl. Padding)

    ----------------------------------------------------------------------

      Code (inc. data)   RO Data    RW Data    ZI Data      Debug   Library Name

       588         36          0          8          0        656   mc_p.l

    ----------------------------------------------------------------------
       590         36          0          8          0        656   Library Totals

    ----------------------------------------------------------------------

==============================================================================


      Code (inc. data)   RO Data    RW Data    ZI Data      Debug   

     28432       2058        380        488       6848     393593   Grand Totals
     28432       2058        380         68       6848     393593   ELF Image Totals (compressed)
     28432       2058        380         68          0          0   ROM Totals

==============================================================================

    Total RO  Size (Code + RO Data)                28812 (  28.14kB)
    Total RW  Size (RW Data + ZI Data)              7336 (   7.16kB)
    Total ROM Size (Code + RO Data + RW Data)      28880 (  28.20kB)

==============================================================================

